../Core/Src/ArducamController.c:13:19:initArducam	16	static
../Core/Src/ArducamController.c:49:19:disconnectArducam	16	static
../Core/Src/ArducamController.c:55:19:singleCapture	16	static
../Core/Src/ArducamController.c:86:10:burstReadFIFO	40	static
../Core/Src/ArducamController.c:121:10:getFIFOLength	48	static
../Core/Src/ArducamController.c:144:6:clearPicBuf	24	static
../Core/Src/ArducamController.c:150:6:setDefaultSettings	24	static
../Core/Src/ArducamController.c:174:5:isSPIWorking	24	static
../Core/Src/ArducamController.c:188:6:i2cRegWrite	32	static
../Core/Src/ArducamController.c:201:6:i2cRegRead	32	static
../Core/Src/ArducamController.c:209:6:i2cWriteMultiple	24	static
../Core/Src/ArducamController.c:219:6:spiRegWrite	32	static
../Core/Src/ArducamController.c:232:9:spiRegRead	40	static
../Core/Src/ArducamController.c:245:5:isFIFOReady	24	static
../Core/Src/ArducamController.c:254:6:singleRead	16	static
../Core/Src/ArducamController.c:268:6:resetCPLD	24	static
../Core/Src/ArducamController.c:278:6:flushFIFO	16	static
../Core/Src/ArducamController.c:282:6:clearFIFOFlag	24	static
../Core/Src/ArducamController.c:287:6:resetFIFOPointers	24	static
../Core/Src/ArducamController.c:292:6:setCaptureFlag	24	static
../Core/Src/ArducamController.c:297:6:setNCaptureFrames	24	static
../Core/Src/ArducamController.c:304:6:cam_enable	16	static
../Core/Src/ArducamController.c:308:6:cam_disable	16	static
../Core/Src/ArducamController.c:312:6:shutter	16	static
../Core/Src/ArducamController.c:318:6:flashOn	16	static
../Core/Src/ArducamController.c:322:6:flashOff	16	static
../Core/Src/ArducamController.c:327:6:registerDump	24	static
../Core/Src/ArducamController.c:371:6:picToBase64	64	static
