../Core/Src/ArducamController.c:13:19:initArducam	16	static
../Core/Src/ArducamController.c:47:19:disconnectArducam	16	static
../Core/Src/ArducamController.c:53:19:singleCapture	16	static
../Core/Src/ArducamController.c:84:10:burstReadFIFO	40	static
../Core/Src/ArducamController.c:124:10:getFIFOLength	32	static
../Core/Src/ArducamController.c:142:6:clearPicBuf	16	static
../Core/Src/ArducamController.c:147:6:setDefaultSettings	24	static
../Core/Src/ArducamController.c:171:5:isSPIWorking	24	static
../Core/Src/ArducamController.c:189:6:i2cRegWrite	32	static
../Core/Src/ArducamController.c:221:9:i2cRegRead	32	static
../Core/Src/ArducamController.c:240:6:i2cWriteMultiple	24	static
../Core/Src/ArducamController.c:250:19:spiRegWrite	24	static
../Core/Src/ArducamController.c:270:9:spiRegRead	32	static
../Core/Src/ArducamController.c:293:5:isFIFOReady	24	static
../Core/Src/ArducamController.c:302:6:resetCPLD	24	static
../Core/Src/ArducamController.c:312:6:clearFIFOFlag	24	static
../Core/Src/ArducamController.c:317:6:resetFIFOPointers	24	static
../Core/Src/ArducamController.c:322:6:setCaptureFlag	24	static
../Core/Src/ArducamController.c:327:6:setNCaptureFrames	24	static
../Core/Src/ArducamController.c:334:6:cam_enable	16	static
../Core/Src/ArducamController.c:338:6:cam_disable	16	static
../Core/Src/ArducamController.c:342:6:shutter	16	static
../Core/Src/ArducamController.c:348:6:flashOn	16	static
../Core/Src/ArducamController.c:352:6:flashOff	16	static
../Core/Src/ArducamController.c:357:6:registerDump	24	static
../Core/Src/ArducamController.c:401:6:picToBase64	64	static
