../Core/Src/main.c:78:6:fullStatusReport	32	static
../Core/Src/main.c:93:5:main	120	static
../Core/Src/main.c:207:6:SystemClock_Config	96	static
../Core/Src/main.c:257:13:MX_I2C1_Init	8	static
../Core/Src/main.c:305:13:MX_SPI1_Init	8	static
../Core/Src/main.c:345:13:MX_TIM2_Init	64	static
../Core/Src/main.c:408:13:MX_USART1_UART_Init	8	static
../Core/Src/main.c:443:13:MX_USART2_UART_Init	8	static
../Core/Src/main.c:478:13:MX_GPIO_Init	48	static
../Core/Src/main.c:528:6:Error_Handler	4	static,ignoring_inline_asm
