Archive member included to satisfy reference by file (symbol)

D:/ST/STM32CubeIDE_1.13.2/STM32CubeIDE/plugins/com.st.stm32cube.ide.mcu.externaltools.gnu-tools-for-stm32.11.3.rel1.win32_1.1.100.202309141235/tools/bin/../lib/gcc/arm-none-eabi/11.3.1/../../../../arm-none-eabi/lib/thumb/v7e-m+fp/hard\libc_nano.a(libc_a-exit.o)
                              D:/ST/STM32CubeIDE_1.13.2/STM32CubeIDE/plugins/com.st.stm32cube.ide.mcu.externaltools.gnu-tools-for-stm32.11.3.rel1.win32_1.1.100.202309141235/tools/bin/../lib/gcc/arm-none-eabi/11.3.1/../../../../arm-none-eabi/lib/thumb/v7e-m+fp/hard/crt0.o (exit)
D:/ST/STM32CubeIDE_1.13.2/STM32CubeIDE/plugins/com.st.stm32cube.ide.mcu.externaltools.gnu-tools-for-stm32.11.3.rel1.win32_1.1.100.202309141235/tools/bin/../lib/gcc/arm-none-eabi/11.3.1/../../../../arm-none-eabi/lib/thumb/v7e-m+fp/hard\libc_nano.a(libc_a-findfp.o)
                              D:/ST/STM32CubeIDE_1.13.2/STM32CubeIDE/plugins/com.st.stm32cube.ide.mcu.externaltools.gnu-tools-for-stm32.11.3.rel1.win32_1.1.100.202309141235/tools/bin/../lib/gcc/arm-none-eabi/11.3.1/../../../../arm-none-eabi/lib/thumb/v7e-m+fp/hard\libc_nano.a(libc_a-exit.o) (__stdio_exit_handler)
D:/ST/STM32CubeIDE_1.13.2/STM32CubeIDE/plugins/com.st.stm32cube.ide.mcu.externaltools.gnu-tools-for-stm32.11.3.rel1.win32_1.1.100.202309141235/tools/bin/../lib/gcc/arm-none-eabi/11.3.1/../../../../arm-none-eabi/lib/thumb/v7e-m+fp/hard\libc_nano.a(libc_a-fwalk.o)
                              D:/ST/STM32CubeIDE_1.13.2/STM32CubeIDE/plugins/com.st.stm32cube.ide.mcu.externaltools.gnu-tools-for-stm32.11.3.rel1.win32_1.1.100.202309141235/tools/bin/../lib/gcc/arm-none-eabi/11.3.1/../../../../arm-none-eabi/lib/thumb/v7e-m+fp/hard\libc_nano.a(libc_a-findfp.o) (_fwalk_sglue)
D:/ST/STM32CubeIDE_1.13.2/STM32CubeIDE/plugins/com.st.stm32cube.ide.mcu.externaltools.gnu-tools-for-stm32.11.3.rel1.win32_1.1.100.202309141235/tools/bin/../lib/gcc/arm-none-eabi/11.3.1/../../../../arm-none-eabi/lib/thumb/v7e-m+fp/hard\libc_nano.a(libc_a-printf.o)
                              ./Core/Src/ArducamController.o (printf)
D:/ST/STM32CubeIDE_1.13.2/STM32CubeIDE/plugins/com.st.stm32cube.ide.mcu.externaltools.gnu-tools-for-stm32.11.3.rel1.win32_1.1.100.202309141235/tools/bin/../lib/gcc/arm-none-eabi/11.3.1/../../../../arm-none-eabi/lib/thumb/v7e-m+fp/hard\libc_nano.a(libc_a-puts.o)
                              ./Core/Src/ArducamController.o (puts)
D:/ST/STM32CubeIDE_1.13.2/STM32CubeIDE/plugins/com.st.stm32cube.ide.mcu.externaltools.gnu-tools-for-stm32.11.3.rel1.win32_1.1.100.202309141235/tools/bin/../lib/gcc/arm-none-eabi/11.3.1/../../../../arm-none-eabi/lib/thumb/v7e-m+fp/hard\libc_nano.a(libc_a-stdio.o)
                              D:/ST/STM32CubeIDE_1.13.2/STM32CubeIDE/plugins/com.st.stm32cube.ide.mcu.externaltools.gnu-tools-for-stm32.11.3.rel1.win32_1.1.100.202309141235/tools/bin/../lib/gcc/arm-none-eabi/11.3.1/../../../../arm-none-eabi/lib/thumb/v7e-m+fp/hard\libc_nano.a(libc_a-findfp.o) (__sread)
D:/ST/STM32CubeIDE_1.13.2/STM32CubeIDE/plugins/com.st.stm32cube.ide.mcu.externaltools.gnu-tools-for-stm32.11.3.rel1.win32_1.1.100.202309141235/tools/bin/../lib/gcc/arm-none-eabi/11.3.1/../../../../arm-none-eabi/lib/thumb/v7e-m+fp/hard\libc_nano.a(libc_a-wbuf.o)
                              D:/ST/STM32CubeIDE_1.13.2/STM32CubeIDE/plugins/com.st.stm32cube.ide.mcu.externaltools.gnu-tools-for-stm32.11.3.rel1.win32_1.1.100.202309141235/tools/bin/../lib/gcc/arm-none-eabi/11.3.1/../../../../arm-none-eabi/lib/thumb/v7e-m+fp/hard\libc_nano.a(libc_a-puts.o) (__swbuf_r)
D:/ST/STM32CubeIDE_1.13.2/STM32CubeIDE/plugins/com.st.stm32cube.ide.mcu.externaltools.gnu-tools-for-stm32.11.3.rel1.win32_1.1.100.202309141235/tools/bin/../lib/gcc/arm-none-eabi/11.3.1/../../../../arm-none-eabi/lib/thumb/v7e-m+fp/hard\libc_nano.a(libc_a-wsetup.o)
                              D:/ST/STM32CubeIDE_1.13.2/STM32CubeIDE/plugins/com.st.stm32cube.ide.mcu.externaltools.gnu-tools-for-stm32.11.3.rel1.win32_1.1.100.202309141235/tools/bin/../lib/gcc/arm-none-eabi/11.3.1/../../../../arm-none-eabi/lib/thumb/v7e-m+fp/hard\libc_nano.a(libc_a-puts.o) (__swsetup_r)
D:/ST/STM32CubeIDE_1.13.2/STM32CubeIDE/plugins/com.st.stm32cube.ide.mcu.externaltools.gnu-tools-for-stm32.11.3.rel1.win32_1.1.100.202309141235/tools/bin/../lib/gcc/arm-none-eabi/11.3.1/../../../../arm-none-eabi/lib/thumb/v7e-m+fp/hard\libc_nano.a(libc_a-memset.o)
                              D:/ST/STM32CubeIDE_1.13.2/STM32CubeIDE/plugins/com.st.stm32cube.ide.mcu.externaltools.gnu-tools-for-stm32.11.3.rel1.win32_1.1.100.202309141235/tools/bin/../lib/gcc/arm-none-eabi/11.3.1/../../../../arm-none-eabi/lib/thumb/v7e-m+fp/hard/crt0.o (memset)
D:/ST/STM32CubeIDE_1.13.2/STM32CubeIDE/plugins/com.st.stm32cube.ide.mcu.externaltools.gnu-tools-for-stm32.11.3.rel1.win32_1.1.100.202309141235/tools/bin/../lib/gcc/arm-none-eabi/11.3.1/../../../../arm-none-eabi/lib/thumb/v7e-m+fp/hard\libc_nano.a(libc_a-strcat.o)
                              ./Core/Src/helpers.o (strcat)
[...]
Memory Configuration

Name             Origin             Length             Attributes
RAM              0x0000000020000000 0x0000000000018000 xrw
RAM2             0x0000000010000000 0x0000000000008000 xrw
FLASH            0x0000000008000000 0x0000000000100000 xr
*default*        0x0000000000000000 0xffffffffffffffff

Linker script and memory map

LOAD D:/ST/STM32CubeIDE_1.13.2/STM32CubeIDE/plugins/com.st.stm32cube.ide.mcu.externaltools.gnu-tools-for-stm32.11.3.rel1.win32_1.1.100.202309141235/tools/bin/../lib/gcc/arm-none-eabi/11.3.1/thumb/v7e-m+fp/hard/crti.o
LOAD D:/ST/STM32CubeIDE_1.13.2/STM32CubeIDE/plugins/com.st.stm32cube.ide.mcu.externaltools.gnu-tools-for-stm32.11.3.rel1.win32_1.1.100.202309141235/tools/bin/../lib/gcc/arm-none-eabi/11.3.1/thumb/v7e-m+fp/hard/crtbegin.o
LOAD D:/ST/STM32CubeIDE_1.13.2/STM32CubeIDE/plugins/com.st.stm32cube.ide.mcu.externaltools.gnu-tools-for-stm32.11.3.rel1.win32_1.1.100.202309141235/tools/bin/../lib/gcc/arm-none-eabi/11.3.1/../../../../arm-none-eabi/lib/thumb/v7e-m+fp/hard/crt0.o
LOAD ./Core/Src/ArducamController.o
LOAD ./Core/Src/SDController.o
LOAD ./Core/Src/ServoController.o
LOAD ./Core/Src/WiFiController.o
LOAD ./Core/Src/helpers.o
LOAD ./Core/Src/main.o
LOAD ./Core/Src/stm32l4xx_hal_msp.o
LOAD ./Core/Src/stm32l4xx_it.o
LOAD ./Core/Src/syscalls.o
LOAD ./Core/Src/sysmem.o
LOAD ./Core/Src/system_stm32l4xx.o
LOAD ./Core/Startup/startup_stm32l476rgtx.o
LOAD ./Drivers/STM32L4xx_HAL_Driver/Src/stm32l4xx_hal.o
LOAD ./Drivers/STM32L4xx_HAL_Driver/Src/stm32l4xx_hal_cortex.o
LOAD ./Drivers/STM32L4xx_HAL_Driver/Src/stm32l4xx_hal_dma.o
LOAD ./Drivers/STM32L4xx_HAL_Driver/Src/stm32l4xx_hal_dma_ex.o
LOAD ./Drivers/STM32L4xx_HAL_Driver/Src/stm32l4xx_hal_exti.o
LOAD ./Drivers/STM32L4xx_HAL_Driver/Src/stm32l4xx_hal_flash.o
LOAD ./Drivers/STM32L4xx_HAL_Driver/Src/stm32l4xx_hal_flash_ex.o
LOAD ./Drivers/STM32L4xx_HAL_Driver/Src/stm32l4xx_hal_flash_ramfunc.o
LOAD ./Drivers/STM32L4xx_HAL_Driver/Src/stm32l4xx_hal_gpio.o
LOAD ./Drivers/STM32L4xx_HAL_Driver/Src/stm32l4xx_hal_i2c.o
LOAD ./Drivers/STM32L4xx_HAL_Driver/Src/stm32l4xx_hal_i2c_ex.o
LOAD ./Drivers/STM32L4xx_HAL_Driver/Src/stm32l4xx_hal_pwr.o
LOAD ./Drivers/STM32L4xx_HAL_Driver/Src/stm32l4xx_hal_pwr_ex.o
LOAD ./Drivers/STM32L4xx_HAL_Driver/Src/stm32l4xx_hal_rcc.o
LOAD ./Drivers/STM32L4xx_HAL_Driver/Src/stm32l4xx_hal_rcc_ex.o
LOAD ./Drivers/STM32L4xx_HAL_Driver/Src/stm32l4xx_hal_rng.o
LOAD ./Drivers/STM32L4xx_HAL_Driver/Src/stm32l4xx_hal_spi.o
LOAD ./Drivers/STM32L4xx_HAL_Driver/Src/stm32l4xx_hal_spi_ex.o
LOAD ./Drivers/STM32L4xx_HAL_Driver/Src/stm32l4xx_hal_tim.o
LOAD ./Drivers/STM32L4xx_HAL_Driver/Src/stm32l4xx_hal_tim_ex.o
LOAD ./Drivers/STM32L4xx_HAL_Driver/Src/stm32l4xx_hal_uart.o
LOAD ./Drivers/STM32L4xx_HAL_Driver/Src/stm32l4xx_hal_uart_ex.o
LOAD ./FATFS/App/fatfs.o
LOAD ./FATFS/Target/user_diskio.o
LOAD ./FATFS/Target/user_diskio_spi.o
LOAD ./Middlewares/Third_Party/FatFs/src/diskio.o
LOAD ./Middlewares/Third_Party/FatFs/src/ff.o
LOAD ./Middlewares/Third_Party/FatFs/src/ff_gen_drv.o
LOAD ./Middlewares/Third_Party/FatFs/src/option/syscall.o
START GROUP
LOAD D:/ST/STM32CubeIDE_1.13.2/STM32CubeIDE/plugins/com.st.stm32cube.ide.mcu.externaltools.gnu-tools-for-stm32.11.3.rel1.win32_1.1.100.202309141235/tools/bin/../lib/gcc/arm-none-eabi/11.3.1/../../../../arm-none-eabi/lib/thumb/v7e-m+fp/hard\libc_nano.a
LOAD D:/ST/STM32CubeIDE_1.13.2/STM32CubeIDE/plugins/com.st.stm32cube.ide.mcu.externaltools.gnu-tools-for-stm32.11.3.rel1.win32_1.1.100.202309141235/tools/bin/../lib/gcc/arm-none-eabi/11.3.1/../../../../arm-none-eabi/lib/thumb/v7e-m+fp/hard\libm.a
END GROUP
START GROUP
LOAD D:/ST/STM32CubeIDE_1.13.2/STM32CubeIDE/plugins/com.st.stm32cube.ide.mcu.externaltools.gnu-tools-for-stm32.11.3.rel1.win32_1.1.100.202309141235/tools/bin/../lib/gcc/arm-none-eabi/11.3.1/thumb/v7e-m+fp/hard\libgcc.a
LOAD D:/ST/STM32CubeIDE_1.13.2/STM32CubeIDE/plugins/com.st.stm32cube.ide.mcu.externaltools.gnu-tools-for-stm32.11.3.rel1.win32_1.1.100.202309141235/tools/bin/../lib/gcc/arm-none-eabi/11.3.1/../../../../arm-none-eabi/lib/thumb/v7e-m+fp/hard\libc_nano.a
END GROUP
START GROUP
LOAD D:/ST/STM32CubeIDE_1.13.2/STM32CubeIDE/plugins/com.st.stm32cube.ide.mcu.externaltools.gnu-tools-for-stm32.11.3.rel1.win32_1.1.100.202309141235/tools/bin/../lib/gcc/arm-none-eabi/11.3.1/thumb/v7e-m+fp/hard\libgcc.a
LOAD D:/ST/STM32CubeIDE_1.13.2/STM32CubeIDE/plugins/com.st.stm32cube.ide.mcu.externaltools.gnu-tools-for-stm32.11.3.rel1.win32_1.1.100.202309141235/tools/bin/../lib/gcc/arm-none-eabi/11.3.1/../../../../arm-none-eabi/lib/thumb/v7e-m+fp/hard\libc_nano.a
END GROUP
LOAD D:/ST/STM32CubeIDE_1.13.2/STM32CubeIDE/plugins/com.st.stm32cube.ide.mcu.externaltools.gnu-tools-for-stm32.11.3.rel1.win32_1.1.100.202309141235/tools/bin/../lib/gcc/arm-none-eabi/11.3.1/thumb/v7e-m+fp/hard/crtend.o
LOAD D:/ST/STM32CubeIDE_1.13.2/STM32CubeIDE/plugins/com.st.stm32cube.ide.mcu.externaltools.gnu-tools-for-stm32.11.3.rel1.win32_1.1.100.202309141235/tools/bin/../lib/gcc/arm-none-eabi/11.3.1/thumb/v7e-m+fp/hard/crtn.o
                0x0000000020018000                _estack = (ORIGIN (RAM) + LENGTH (RAM))
                0x0000000000000200                _Min_Heap_Size = 0x200
                0x0000000000000400                _Min_Stack_Size = 0x400

.isr_vector     0x0000000008000000      0x188
                0x0000000008000000                . = ALIGN (0x4)
 *(.isr_vector)
 .isr_vector    0x0000000008000000      0x188 ./Core/Startup/startup_stm32l476rgtx.o
                0x0000000008000000                g_pfnVectors
                0x0000000008000188                . = ALIGN (0x4)

.text           0x0000000008000190     0xcdc4
                0x0000000008000190                . = ALIGN (0x4)
 *(.text)
 .text          0x0000000008000190       0x40 D:/ST/STM32CubeIDE_1.13.2/STM32CubeIDE/plugins/com.st.stm32cube.ide.mcu.externaltools.gnu-tools-for-stm32.11.3.rel1.win32_1.1.100.202309141235/tools/bin/../lib/gcc/arm-none-eabi/11.3.1/thumb/v7e-m+fp/hard/crtbegin.o
 .text          0x00000000080001d0       0x14 D:/ST/STM32CubeIDE_1.13.2/STM32CubeIDE/plugins/com.st.stm32cube.ide.mcu.externaltools.gnu-tools-for-stm32.11.3.rel1.win32_1.1.100.202309141235/tools/bin/../lib/gcc/arm-none-eabi/11.3.1/../../../../arm-none-eabi/lib/thumb/v7e-m+fp/hard\libc_nano.a(libc_a-strcmp.o)
                0x00000000080001d0                strcmp
 .text          0x00000000080001e4       0x10 D:/ST/STM32CubeIDE_1.13.2/STM32CubeIDE/plugins/com.st.stm32cube.ide.mcu.externaltools.gnu-tools-for-stm32.11.3.rel1.win32_1.1.100.202309141235/tools/bin/../lib/gcc/arm-none-eabi/11.3.1/../../../../arm-none-eabi/lib/thumb/v7e-m+fp/hard\libc_nano.a(libc_a-strlen.o)
                0x00000000080001e4                strlen
 *fill*         0x00000000080001f4        0xc 
 .text          0x0000000008000200       0xa0 D:/ST/STM32CubeIDE_1.13.2/STM32CubeIDE/plugins/com.st.stm32cube.ide.mcu.externaltools.gnu-tools-for-stm32.11.3.rel1.win32_1.1.100.202309141235/tools/bin/../lib/gcc/arm-none-eabi/11.3.1/../../../../arm-none-eabi/lib/thumb/v7e-m+fp/hard\libc_nano.a(libc_a-memchr.o)
                0x0000000008000200                memchr
 .text          0x00000000080002a0      0x378 D:/ST/STM32CubeIDE_1.13.2/STM32CubeIDE/plugins/com.st.stm32cube.ide.mcu.externaltools.gnu-tools-for-stm32.11.3.rel1.win32_1.1.100.202309141235/tools/bin/../lib/gcc/arm-none-eabi/11.3.1/thumb/v7e-m+fp/hard\libgcc.a(_arm_addsubdf3.o)
                0x00000000080002a0                __aeabi_drsub
                0x00000000080002a8                __aeabi_dsub
                0x00000000080002a8                __subdf3
                0x00000000080002ac                __aeabi_dadd
                0x00000000080002ac                __adddf3
                0x0000000008000524                __floatunsidf
                0x0000000008000524                __aeabi_ui2d
                0x0000000008000544                __floatsidf
                0x0000000008000544                __aeabi_i2d
                0x0000000008000568                __aeabi_f2d
                0x0000000008000568                __extendsfdf2
                0x00000000080005ac                __floatundidf
                0x00000000080005ac                __aeabi_ul2d
                0x00000000080005bc                __floatdidf
                0x00000000080005bc                __aeabi_l2d
 .text          0x0000000008000618      0x424 D:/ST/STM32CubeIDE_1.13.2/STM32CubeIDE/plugins/com.st.stm32cube.ide.mcu.externaltools.gnu-tools-for-stm32.11.3.rel1.win32_1.1.100.202309141235/tools/bin/../lib/gcc/arm-none-eabi/11.3.1/thumb/v7e-m+fp/hard\libgcc.a(_arm_muldivdf3.o)
                0x0000000008000618                __aeabi_dmul
                0x0000000008000618                __muldf3
                0x000000000800086c                __divdf3
                0x000000000800086c                __aeabi_ddiv
 .text          0x0000000008000a3c       0x50 D:/ST/STM32CubeIDE_1.13.2/STM32CubeIDE/plugins/com.st.stm32cube.ide.mcu.externaltools.gnu-tools-for-stm32.11.3.rel1.win32_1.1.100.202309141235/tools/bin/../lib/gcc/arm-none-eabi/11.3.1/thumb/v7e-m+fp/hard\libgcc.a(_arm_fixdfsi.o)
                0x0000000008000a3c                __aeabi_d2iz
                0x0000000008000a3c                __fixdfsi
 .text          0x0000000008000a8c       0xa0 D:/ST/STM32CubeIDE_1.13.2/STM32CubeIDE/plugins/com.st.stm32cube.ide.mcu.externaltools.gnu-tools-for-stm32.11.3.rel1.win32_1.1.100.202309141235/tools/bin/../lib/gcc/arm-none-eabi/11.3.1/thumb/v7e-m+fp/hard\libgcc.a(_arm_truncdfsf2.o)
                0x0000000008000a8c                __truncdfsf2
                0x0000000008000a8c                __aeabi_d2f
 .text          0x0000000008000b2c       0x30 D:/ST/STM32CubeIDE_1.13.2/STM32CubeIDE/plugins/com.st.stm32cube.ide.mcu.externaltools.gnu-tools-for-stm32.11.3.rel1.win32_1.1.100.202309141235/tools/bin/../lib/gcc/arm-none-eabi/11.3.1/thumb/v7e-m+fp/hard\libgcc.a(_aeabi_uldivmod.o)
                0x0000000008000b2c                __aeabi_uldivmod
 .text          0x0000000008000b5c      0x2c8 D:/ST/STM32CubeIDE_1.13.2/STM32CubeIDE/plugins/com.st.stm32cube.ide.mcu.externaltools.gnu-tools-for-stm32.11.3.rel1.win32_1.1.100.202309141235/tools/bin/../lib/gcc/arm-none-eabi/11.3.1/thumb/v7e-m+fp/hard\libgcc.a(_udivmoddi4.o)
                0x0000000008000b5c                __udivmoddi4
 .text          0x0000000008000e24        0x4 D:/ST/STM32CubeIDE_1.13.2/STM32CubeIDE/plugins/com.st.stm32cube.ide.mcu.externaltools.gnu-tools-for-stm32.11.3.rel1.win32_1.1.100.202309141235/tools/bin/../lib/gcc/arm-none-eabi/11.3.1/thumb/v7e-m+fp/hard\libgcc.a(_dvmd_tls.o)
                0x0000000008000e24                __aeabi_idiv0
                0x0000000008000e24                __aeabi_ldiv0
 *(.text*)
 .text.initArducam
                0x0000000008000e28      0x100 ./Core/Src/ArducamController.o
                0x0000000008000e28                initArducam
 .text.disconnectArducam
                0x0000000008000f28       0x20 ./Core/Src/ArducamController.o
                0x0000000008000f28                disconnectArducam
 .text.singleCapture
                0x0000000008000f48       0x9c ./Core/Src/ArducamController.o
                0x0000000008000f48                singleCapture
 .text.burstReadFIFO
                0x0000000008000fe4      0x120 ./Core/Src/ArducamController.o
                0x0000000008000fe4                burstReadFIFO
 .text.getFIFOLength
                0x0000000008001104       0x6c ./Core/Src/ArducamController.o
                0x0000000008001104                getFIFOLength
 .text.clearPicBuf
                0x0000000008001170       0x4c ./Core/Src/ArducamController.o
                0x0000000008001170                clearPicBuf
 .text.setDefaultSettings
                0x00000000080011bc       0x90 ./Core/Src/ArducamController.o
                0x00000000080011bc                setDefaultSettings
 .text.isSPIWorking
                0x000000000800124c       0x5e ./Core/Src/ArducamController.o
                0x000000000800124c                isSPIWorking
 *fill*         0x00000000080012aa        0x2 
 .text.i2cRegWrite
                0x00000000080012ac       0x68 ./Core/Src/ArducamController.o
                0x00000000080012ac                i2cRegWrite
 .text.i2cWriteMultiple
                0x0000000008001314       0x40 ./Core/Src/ArducamController.o
                0x0000000008001314                i2cWriteMultiple
 .text.spiRegWrite
                0x0000000008001354       0xb0 ./Core/Src/ArducamController.o
                0x0000000008001354                spiRegWrite
 .text.spiRegRead
                0x0000000008001404       0xc0 ./Core/Src/ArducamController.o
                0x0000000008001404                spiRegRead
 .text.isFIFOReady
                0x00000000080014c4       0x2a ./Core/Src/ArducamController.o
                0x00000000080014c4                isFIFOReady
 *fill*         0x00000000080014ee        0x2 
 .text.resetCPLD
                0x00000000080014f0       0x48 ./Core/Src/ArducamController.o
                0x00000000080014f0                resetCPLD
 .text.clearFIFOFlag
                0x0000000008001538       0x20 ./Core/Src/ArducamController.o
                0x0000000008001538                clearFIFOFlag
 .text.resetFIFOPointers
                0x0000000008001558       0x20 ./Core/Src/ArducamController.o
                0x0000000008001558                resetFIFOPointers
 .text.setCaptureFlag
                0x0000000008001578       0x20 ./Core/Src/ArducamController.o
                0x0000000008001578                setCaptureFlag
 .text.setNCaptureFrames
                0x0000000008001598       0x32 ./Core/Src/ArducamController.o
                0x0000000008001598                setNCaptureFrames
 .text.cam_enable
                0x00000000080015ca       0x20 ./Core/Src/ArducamController.o
                0x00000000080015ca                cam_enable
 .text.cam_disable
                0x00000000080015ea       0x20 ./Core/Src/ArducamController.o
                0x00000000080015ea                cam_disable
 .text.shutter  0x000000000800160a       0x24 ./Core/Src/ArducamController.o
                0x000000000800160a                shutter
 .text.flashOn  0x000000000800162e       0x20 ./Core/Src/ArducamController.o
                0x000000000800162e                flashOn
 .text.flashOff
                0x000000000800164e       0x20 ./Core/Src/ArducamController.o
                0x000000000800164e                flashOff
 *fill*         0x000000000800166e        0x2 
 .text.registerDump
                0x0000000008001670       0xf4 ./Core/Src/ArducamController.o
                0x0000000008001670                registerDump
 .text.picToBase64
                0x0000000008001764      0x290 ./Core/Src/ArducamController.o
                0x0000000008001764                picToBase64
 .text.initSD   0x00000000080019f4       0x54 ./Core/Src/SDController.o
                0x00000000080019f4                initSD
 .text.disconnectSD
                0x0000000008001a48       0x40 ./Core/Src/SDController.o
                0x0000000008001a48                disconnectSD
 .text.mountFS  0x0000000008001a88       0x5c ./Core/Src/SDController.o
                0x0000000008001a88                mountFS
 .text.dismountFS
                0x0000000008001ae4       0x58 ./Core/Src/SDController.o
                0x0000000008001ae4                dismountFS
 .text.getSDStats
                0x0000000008001b3c       0x74 ./Core/Src/SDController.o
                0x0000000008001b3c                getSDStats
 .text.openFile
                0x0000000008001bb0       0x64 ./Core/Src/SDController.o
                0x0000000008001bb0                openFile
 .text.writeFile
                0x0000000008001c14       0x78 ./Core/Src/SDController.o
                0x0000000008001c14                writeFile
 .text.closeFile
                0x0000000008001c8c       0x54 ./Core/Src/SDController.o
                0x0000000008001c8c                closeFile
 .text.initServoController
                0x0000000008001ce0       0x38 ./Core/Src/ServoController.o
                0x0000000008001ce0                initServoController
 .text.addServo
                0x0000000008001d18       0xa8 ./Core/Src/ServoController.o
                0x0000000008001d18                addServo
 .text.setServoPosition
                0x0000000008001dc0       0xdc ./Core/Src/ServoController.o
                0x0000000008001dc0                setServoPosition
 .text.resetAllServos
                0x0000000008001e9c       0x5c ./Core/Src/ServoController.o
                0x0000000008001e9c                resetAllServos
 .text.shuffle  0x0000000008001ef8      0x10c ./Core/Src/ServoController.o
                0x0000000008001ef8                shuffle
 .text.drawCard
                0x0000000008002004       0xa4 ./Core/Src/ServoController.o
                0x0000000008002004                drawCard
 .text.disconnectServos
                0x00000000080020a8       0x80 ./Core/Src/ServoController.o
                0x00000000080020a8                disconnectServos
 .text.initESP  0x0000000008002128       0x24 ./Core/Src/WiFiController.o
                0x0000000008002128                initESP
 .text.disconnectESP
                0x000000000800214c       0x2c ./Core/Src/WiFiController.o
                0x000000000800214c                disconnectESP
 .text.signalReady
                0x0000000008002178       0x20 ./Core/Src/WiFiController.o
                0x0000000008002178                signalReady
 .text.signalBusy
                0x0000000008002198       0x20 ./Core/Src/WiFiController.o
                0x0000000008002198                signalBusy
 .text.getNextCMD
                0x00000000080021b8       0x9c ./Core/Src/WiFiController.o
                0x00000000080021b8                getNextCMD
 .text.clearCMDBuffer
                0x0000000008002254       0x36 ./Core/Src/WiFiController.o
                0x0000000008002254                clearCMDBuffer
 *fill*         0x000000000800228a        0x2 
 .text.sendData
                0x000000000800228c       0x58 ./Core/Src/WiFiController.o
                0x000000000800228c                sendData
 .text.initHelpers
                0x00000000080022e4       0x20 ./Core/Src/helpers.o
                0x00000000080022e4                initHelpers
 .text.__io_putchar
                0x0000000008002304       0x40 ./Core/Src/helpers.o
                0x0000000008002304                __io_putchar
 .text.checkBit
                0x0000000008002344       0x22 ./Core/Src/helpers.o
                0x0000000008002344                checkBit
 *fill*         0x0000000008002366        0x2 
 .text.stat2Str
                0x0000000008002368       0x5c ./Core/Src/helpers.o
                0x0000000008002368                stat2Str
 .text.printStatus
                0x00000000080023c4       0x2c ./Core/Src/helpers.o
                0x00000000080023c4                printStatus
 .text.printSuccess
                0x00000000080023f0       0x60 ./Core/Src/helpers.o
                0x00000000080023f0                printSuccess
 .text.fullStatusReport
                0x0000000008002450       0xc0 ./Core/Src/main.o
                0x0000000008002450                fullStatusReport
 .text.main     0x0000000008002510      0x46c ./Core/Src/main.o
                0x0000000008002510                main
 .text.SystemClock_Config
                0x000000000800297c       0xa4 ./Core/Src/main.o
                0x000000000800297c                SystemClock_Config
 .text.MX_I2C1_Init
                0x0000000008002a20       0x80 ./Core/Src/main.o
 .text.MX_I2C2_Init
                0x0000000008002aa0       0x80 ./Core/Src/main.o
 .text.MX_RNG_Init
                0x0000000008002b20       0x28 ./Core/Src/main.o
 .text.MX_SPI1_Init
                0x0000000008002b48       0x7c ./Core/Src/main.o
 .text.MX_SPI2_Init
                0x0000000008002bc4       0x7c ./Core/Src/main.o
 .text.MX_TIM2_Init
                0x0000000008002c40      0x108 ./Core/Src/main.o
 .text.MX_USART1_UART_Init
                0x0000000008002d48       0x60 ./Core/Src/main.o
 .text.MX_USART2_UART_Init
                0x0000000008002da8       0x60 ./Core/Src/main.o
 .text.MX_GPIO_Init
                0x0000000008002e08      0x120 ./Core/Src/main.o
 .text.Error_Handler
                0x0000000008002f28        0xa ./Core/Src/main.o
                0x0000000008002f28                Error_Handler
 *fill*         0x0000000008002f32        0x2 
 .text.HAL_MspInit
                0x0000000008002f34       0x48 ./Core/Src/stm32l4xx_hal_msp.o
                0x0000000008002f34                HAL_MspInit
 .text.HAL_I2C_MspInit
                0x0000000008002f7c      0x144 ./Core/Src/stm32l4xx_hal_msp.o
                0x0000000008002f7c                HAL_I2C_MspInit
 .text.HAL_RNG_MspInit
                0x00000000080030c0       0x98 ./Core/Src/stm32l4xx_hal_msp.o
                0x00000000080030c0                HAL_RNG_MspInit
 .text.HAL_SPI_MspInit
                0x0000000008003158       0xec ./Core/Src/stm32l4xx_hal_msp.o
                0x0000000008003158                HAL_SPI_MspInit
 .text.HAL_TIM_Base_MspInit
                0x0000000008003244       0x48 ./Core/Src/stm32l4xx_hal_msp.o
                0x0000000008003244                HAL_TIM_Base_MspInit
 .text.HAL_TIM_MspPostInit
                0x000000000800328c       0x68 ./Core/Src/stm32l4xx_hal_msp.o
                0x000000000800328c                HAL_TIM_MspPostInit
 .text.HAL_UART_MspInit
                0x00000000080032f4      0x144 ./Core/Src/stm32l4xx_hal_msp.o
                0x00000000080032f4                HAL_UART_MspInit
 .text.NMI_Handler
                0x0000000008003438        0x6 ./Core/Src/stm32l4xx_it.o
                0x0000000008003438                NMI_Handler
 .text.HardFault_Handler
                0x000000000800343e        0x6 ./Core/Src/stm32l4xx_it.o
                0x000000000800343e                HardFault_Handler
 .text.MemManage_Handler
                0x0000000008003444        0x6 ./Core/Src/stm32l4xx_it.o
                0x0000000008003444                MemManage_Handler
 .text.BusFault_Handler
                0x000000000800344a        0x6 ./Core/Src/stm32l4xx_it.o
                0x000000000800344a                BusFault_Handler
 .text.UsageFault_Handler
                0x0000000008003450        0x6 ./Core/Src/stm32l4xx_it.o
                0x0000000008003450                UsageFault_Handler
 .text.SVC_Handler
                0x0000000008003456        0xe ./Core/Src/stm32l4xx_it.o
                0x0000000008003456                SVC_Handler
 .text.DebugMon_Handler
                0x0000000008003464        0xe ./Core/Src/stm32l4xx_it.o
                0x0000000008003464                DebugMon_Handler
 .text.PendSV_Handler
                0x0000000008003472        0xe ./Core/Src/stm32l4xx_it.o
                0x0000000008003472                PendSV_Handler
 .text.SysTick_Handler
                0x0000000008003480        0xc ./Core/Src/stm32l4xx_it.o
                0x0000000008003480                SysTick_Handler
 .text.TIM2_IRQHandler
                0x000000000800348c       0x14 ./Core/Src/stm32l4xx_it.o
                0x000000000800348c                TIM2_IRQHandler
 .text.RNG_IRQHandler
                0x00000000080034a0       0x14 ./Core/Src/stm32l4xx_it.o
                0x00000000080034a0                RNG_IRQHandler
 .text._read    0x00000000080034b4       0x3a ./Core/Src/syscalls.o
                0x00000000080034b4                _read
 .text._write   0x00000000080034ee       0x38 ./Core/Src/syscalls.o
                0x00000000080034ee                _write
 .text._close   0x0000000008003526       0x18 ./Core/Src/syscalls.o
                0x0000000008003526                _close
 .text._fstat   0x000000000800353e       0x20 ./Core/Src/syscalls.o
                0x000000000800353e                _fstat
 .text._isatty  0x000000000800355e       0x16 ./Core/Src/syscalls.o
                0x000000000800355e                _isatty
 .text._lseek   0x0000000008003574       0x1a ./Core/Src/syscalls.o
                0x0000000008003574                _lseek
 *fill*         0x000000000800358e        0x2 
 .text._sbrk    0x0000000008003590       0x6c ./Core/Src/sysmem.o
                0x0000000008003590                _sbrk
 .text.SystemInit
                0x00000000080035fc       0x24 ./Core/Src/system_stm32l4xx.o
                0x00000000080035fc                SystemInit
 .text.Reset_Handler
                0x0000000008003620       0x50 ./Core/Startup/startup_stm32l476rgtx.o
                0x0000000008003620                Reset_Handler
 .text.Default_Handler
                0x0000000008003670        0x2 ./Core/Startup/startup_stm32l476rgtx.o
                0x0000000008003670                RTC_Alarm_IRQHandler
                0x0000000008003670                EXTI2_IRQHandler
                0x0000000008003670                TIM8_TRG_COM_IRQHandler
                0x0000000008003670                TIM8_CC_IRQHandler
                0x0000000008003670                TIM1_CC_IRQHandler
                0x0000000008003670                TSC_IRQHandler
                0x0000000008003670                TAMP_STAMP_IRQHandler
                0x0000000008003670                EXTI3_IRQHandler
                0x0000000008003670                LPTIM2_IRQHandler
                0x0000000008003670                DFSDM1_FLT1_IRQHandler
                0x0000000008003670                I2C3_ER_IRQHandler
                0x0000000008003670                DFSDM1_FLT2_IRQHandler
                0x0000000008003670                EXTI0_IRQHandler
                0x0000000008003670                I2C2_EV_IRQHandler
                0x0000000008003670                CAN1_RX0_IRQHandler
                0x0000000008003670                FPU_IRQHandler
                0x0000000008003670                TIM1_UP_TIM16_IRQHandler
                0x0000000008003670                ADC1_2_IRQHandler
                0x0000000008003670                SPI1_IRQHandler
                0x0000000008003670                TIM6_DAC_IRQHandler
                0x0000000008003670                TIM8_UP_IRQHandler
                0x0000000008003670                DMA2_Channel2_IRQHandler
                0x0000000008003670                DMA1_Channel4_IRQHandler
                0x0000000008003670                SAI2_IRQHandler
                0x0000000008003670                DFSDM1_FLT3_IRQHandler
                0x0000000008003670                USART3_IRQHandler
                0x0000000008003670                DMA1_Channel7_IRQHandler
                0x0000000008003670                CAN1_RX1_IRQHandler
                0x0000000008003670                LCD_IRQHandler
                0x0000000008003670                UART5_IRQHandler
                0x0000000008003670                ADC3_IRQHandler
                0x0000000008003670                TIM4_IRQHandler
                0x0000000008003670                DMA2_Channel1_IRQHandler
                0x0000000008003670                QUADSPI_IRQHandler
                0x0000000008003670                I2C1_EV_IRQHandler
                0x0000000008003670                DMA1_Channel6_IRQHandler
                0x0000000008003670                UART4_IRQHandler
                0x0000000008003670                DMA2_Channel4_IRQHandler
                0x0000000008003670                TIM3_IRQHandler
                0x0000000008003670                RCC_IRQHandler
                0x0000000008003670                DMA1_Channel1_IRQHandler
                0x0000000008003670                Default_Handler
                0x0000000008003670                DMA2_Channel7_IRQHandler
                0x0000000008003670                EXTI15_10_IRQHandler
                0x0000000008003670                TIM7_IRQHandler
                0x0000000008003670                SDMMC1_IRQHandler
                0x0000000008003670                TIM5_IRQHandler
                0x0000000008003670                I2C3_EV_IRQHandler
                0x0000000008003670                EXTI9_5_IRQHandler
                0x0000000008003670                RTC_WKUP_IRQHandler
                0x0000000008003670                PVD_PVM_IRQHandler
                0x0000000008003670                SPI2_IRQHandler
                0x0000000008003670                CAN1_TX_IRQHandler
                0x0000000008003670                DMA2_Channel5_IRQHandler
                0x0000000008003670                DMA1_Channel5_IRQHandler
                0x0000000008003670                EXTI4_IRQHandler
                0x0000000008003670                TIM1_TRG_COM_TIM17_IRQHandler
                0x0000000008003670                DMA1_Channel3_IRQHandler
                0x0000000008003670                COMP_IRQHandler
                0x0000000008003670                WWDG_IRQHandler
                0x0000000008003670                LPUART1_IRQHandler
                0x0000000008003670                DMA2_Channel6_IRQHandler
                0x0000000008003670                EXTI1_IRQHandler
                0x0000000008003670                USART2_IRQHandler
                0x0000000008003670                DFSDM1_FLT0_IRQHandler
                0x0000000008003670                I2C2_ER_IRQHandler
                0x0000000008003670                DMA1_Channel2_IRQHandler
                0x0000000008003670                TIM8_BRK_IRQHandler
                0x0000000008003670                CAN1_SCE_IRQHandler
                0x0000000008003670                FLASH_IRQHandler
                0x0000000008003670                USART1_IRQHandler
                0x0000000008003670                OTG_FS_IRQHandler
                0x0000000008003670                SPI3_IRQHandler
                0x0000000008003670                I2C1_ER_IRQHandler
                0x0000000008003670                FMC_IRQHandler
                0x0000000008003670                SWPMI1_IRQHandler
                0x0000000008003670                LPTIM1_IRQHandler
                0x0000000008003670                SAI1_IRQHandler
                0x0000000008003670                DMA2_Channel3_IRQHandler
                0x0000000008003670                TIM1_BRK_TIM15_IRQHandler
 *fill*         0x0000000008003672        0x2 
 .text.HAL_Init
                0x0000000008003674       0x40 ./Drivers/STM32L4xx_HAL_Driver/Src/stm32l4xx_hal.o
                0x0000000008003674                HAL_Init
 .text.HAL_InitTick
                0x00000000080036b4       0x78 ./Drivers/STM32L4xx_HAL_Driver/Src/stm32l4xx_hal.o
                0x00000000080036b4                HAL_InitTick
 .text.HAL_IncTick
                0x000000000800372c       0x28 ./Drivers/STM32L4xx_HAL_Driver/Src/stm32l4xx_hal.o
                0x000000000800372c                HAL_IncTick
 .text.HAL_GetTick
                0x0000000008003754       0x18 ./Drivers/STM32L4xx_HAL_Driver/Src/stm32l4xx_hal.o
                0x0000000008003754                HAL_GetTick
 .text.HAL_Delay
                0x000000000800376c       0x48 ./Drivers/STM32L4xx_HAL_Driver/Src/stm32l4xx_hal.o
                0x000000000800376c                HAL_Delay
 .text.__NVIC_SetPriorityGrouping
                0x00000000080037b4       0x48 ./Drivers/STM32L4xx_HAL_Driver/Src/stm32l4xx_hal_cortex.o
 .text.__NVIC_GetPriorityGrouping
                0x00000000080037fc       0x1c ./Drivers/STM32L4xx_HAL_Driver/Src/stm32l4xx_hal_cortex.o
 .text.__NVIC_EnableIRQ
                0x0000000008003818       0x3c ./Drivers/STM32L4xx_HAL_Driver/Src/stm32l4xx_hal_cortex.o
 .text.__NVIC_SetPriority
                0x0000000008003854       0x54 ./Drivers/STM32L4xx_HAL_Driver/Src/stm32l4xx_hal_cortex.o
 .text.NVIC_EncodePriority
                0x00000000080038a8       0x66 ./Drivers/STM32L4xx_HAL_Driver/Src/stm32l4xx_hal_cortex.o
 *fill*         0x000000000800390e        0x2 
 .text.SysTick_Config
                0x0000000008003910       0x44 ./Drivers/STM32L4xx_HAL_Driver/Src/stm32l4xx_hal_cortex.o
 .text.HAL_NVIC_SetPriorityGrouping
                0x0000000008003954       0x16 ./Drivers/STM32L4xx_HAL_Driver/Src/stm32l4xx_hal_cortex.o
                0x0000000008003954                HAL_NVIC_SetPriorityGrouping
 .text.HAL_NVIC_SetPriority
                0x000000000800396a       0x38 ./Drivers/STM32L4xx_HAL_Driver/Src/stm32l4xx_hal_cortex.o
                0x000000000800396a                HAL_NVIC_SetPriority
 .text.HAL_NVIC_EnableIRQ
                0x00000000080039a2       0x1c ./Drivers/STM32L4xx_HAL_Driver/Src/stm32l4xx_hal_cortex.o
                0x00000000080039a2                HAL_NVIC_EnableIRQ
 .text.HAL_SYSTICK_Config
                0x00000000080039be       0x18 ./Drivers/STM32L4xx_HAL_Driver/Src/stm32l4xx_hal_cortex.o
                0x00000000080039be                HAL_SYSTICK_Config
 *fill*         0x00000000080039d6        0x2 
 .text.HAL_GPIO_Init
                0x00000000080039d8      0x354 ./Drivers/STM32L4xx_HAL_Driver/Src/stm32l4xx_hal_gpio.o
                0x00000000080039d8                HAL_GPIO_Init
 .text.HAL_GPIO_WritePin
                0x0000000008003d2c       0x30 ./Drivers/STM32L4xx_HAL_Driver/Src/stm32l4xx_hal_gpio.o
                0x0000000008003d2c                HAL_GPIO_WritePin
 .text.HAL_I2C_Init
                0x0000000008003d5c      0x136 ./Drivers/STM32L4xx_HAL_Driver/Src/stm32l4xx_hal_i2c.o
                0x0000000008003d5c                HAL_I2C_Init
 *fill*         0x0000000008003e92        0x2 
 .text.HAL_I2C_Master_Transmit
                0x0000000008003e94      0x230 ./Drivers/STM32L4xx_HAL_Driver/Src/stm32l4xx_hal_i2c.o
                0x0000000008003e94                HAL_I2C_Master_Transmit
 .text.HAL_I2C_IsDeviceReady
                0x00000000080040c4      0x212 ./Drivers/STM32L4xx_HAL_Driver/Src/stm32l4xx_hal_i2c.o
                0x00000000080040c4                HAL_I2C_IsDeviceReady
 .text.I2C_Flush_TXDR
                0x00000000080042d6       0x48 ./Drivers/STM32L4xx_HAL_Driver/Src/stm32l4xx_hal_i2c.o
 .text.I2C_WaitOnFlagUntilTimeout
                0x000000000800431e       0x9e ./Drivers/STM32L4xx_HAL_Driver/Src/stm32l4xx_hal_i2c.o
 .text.I2C_WaitOnTXISFlagUntilTimeout
                0x00000000080043bc       0x8e ./Drivers/STM32L4xx_HAL_Driver/Src/stm32l4xx_hal_i2c.o
 .text.I2C_WaitOnSTOPFlagUntilTimeout
                0x000000000800444a       0x86 ./Drivers/STM32L4xx_HAL_Driver/Src/stm32l4xx_hal_i2c.o
 .text.I2C_IsErrorOccurred
                0x00000000080044d0      0x1c0 ./Drivers/STM32L4xx_HAL_Driver/Src/stm32l4xx_hal_i2c.o
 .text.I2C_TransferConfig
                0x0000000008004690       0x64 ./Drivers/STM32L4xx_HAL_Driver/Src/stm32l4xx_hal_i2c.o
 .text.HAL_I2CEx_ConfigAnalogFilter
                0x00000000080046f4       0x96 ./Drivers/STM32L4xx_HAL_Driver/Src/stm32l4xx_hal_i2c_ex.o
                0x00000000080046f4                HAL_I2CEx_ConfigAnalogFilter
 .text.HAL_I2CEx_ConfigDigitalFilter
                0x000000000800478a       0x98 ./Drivers/STM32L4xx_HAL_Driver/Src/stm32l4xx_hal_i2c_ex.o
                0x000000000800478a                HAL_I2CEx_ConfigDigitalFilter
 *fill*         0x0000000008004822        0x2 
 .text.HAL_PWREx_GetVoltageRange
                0x0000000008004824       0x1c ./Drivers/STM32L4xx_HAL_Driver/Src/stm32l4xx_hal_pwr_ex.o
                0x0000000008004824                HAL_PWREx_GetVoltageRange
 .text.HAL_PWREx_ControlVoltageScaling
                0x0000000008004840       0xac ./Drivers/STM32L4xx_HAL_Driver/Src/stm32l4xx_hal_pwr_ex.o
                0x0000000008004840                HAL_PWREx_ControlVoltageScaling
 .text.HAL_RCC_OscConfig
                0x00000000080048ec      0x7b8 ./Drivers/STM32L4xx_HAL_Driver/Src/stm32l4xx_hal_rcc.o
                0x00000000080048ec                HAL_RCC_OscConfig
 .text.HAL_RCC_ClockConfig
                0x00000000080050a4      0x200 ./Drivers/STM32L4xx_HAL_Driver/Src/stm32l4xx_hal_rcc.o
                0x00000000080050a4                HAL_RCC_ClockConfig
 .text.HAL_RCC_GetSysClockFreq
                0x00000000080052a4      0x118 ./Drivers/STM32L4xx_HAL_Driver/Src/stm32l4xx_hal_rcc.o
                0x00000000080052a4                HAL_RCC_GetSysClockFreq
 .text.HAL_RCC_GetHCLKFreq
                0x00000000080053bc       0x18 ./Drivers/STM32L4xx_HAL_Driver/Src/stm32l4xx_hal_rcc.o
                0x00000000080053bc                HAL_RCC_GetHCLKFreq
 .text.HAL_RCC_GetPCLK1Freq
                0x00000000080053d4       0x2c ./Drivers/STM32L4xx_HAL_Driver/Src/stm32l4xx_hal_rcc.o
                0x00000000080053d4                HAL_RCC_GetPCLK1Freq
 .text.HAL_RCC_GetPCLK2Freq
                0x0000000008005400       0x2c ./Drivers/STM32L4xx_HAL_Driver/Src/stm32l4xx_hal_rcc.o
                0x0000000008005400                HAL_RCC_GetPCLK2Freq
 .text.RCC_SetFlashLatencyFromMSIRange
                0x000000000800542c       0xc0 ./Drivers/STM32L4xx_HAL_Driver/Src/stm32l4xx_hal_rcc.o
 .text.HAL_RCCEx_PeriphCLKConfig
                0x00000000080054ec      0x5d4 ./Drivers/STM32L4xx_HAL_Driver/Src/stm32l4xx_hal_rcc_ex.o
                0x00000000080054ec                HAL_RCCEx_PeriphCLKConfig
 .text.RCCEx_PLLSAI1_Config
                0x0000000008005ac0      0x1e8 ./Drivers/STM32L4xx_HAL_Driver/Src/stm32l4xx_hal_rcc_ex.o
 .text.RCCEx_PLLSAI2_Config
                0x0000000008005ca8      0x1bc ./Drivers/STM32L4xx_HAL_Driver/Src/stm32l4xx_hal_rcc_ex.o
 .text.HAL_RNG_Init
                0x0000000008005e64       0xae ./Drivers/STM32L4xx_HAL_Driver/Src/stm32l4xx_hal_rng.o
                0x0000000008005e64                HAL_RNG_Init
 .text.HAL_RNG_GenerateRandomNumber
                0x0000000008005f12       0xac ./Drivers/STM32L4xx_HAL_Driver/Src/stm32l4xx_hal_rng.o
                0x0000000008005f12                HAL_RNG_GenerateRandomNumber
 .text.HAL_RNG_IRQHandler
                0x0000000008005fbe       0xd4 ./Drivers/STM32L4xx_HAL_Driver/Src/stm32l4xx_hal_rng.o
                0x0000000008005fbe                HAL_RNG_IRQHandler
 .text.HAL_RNG_ReadyDataCallback
                0x0000000008006092       0x16 ./Drivers/STM32L4xx_HAL_Driver/Src/stm32l4xx_hal_rng.o
                0x0000000008006092                HAL_RNG_ReadyDataCallback
 .text.HAL_RNG_ErrorCallback
                0x00000000080060a8       0x14 ./Drivers/STM32L4xx_HAL_Driver/Src/stm32l4xx_hal_rng.o
                0x00000000080060a8                HAL_RNG_ErrorCallback
 .text.HAL_RNG_GetState
                0x00000000080060bc       0x1a ./Drivers/STM32L4xx_HAL_Driver/Src/stm32l4xx_hal_rng.o
                0x00000000080060bc                HAL_RNG_GetState
 .text.HAL_SPI_Init
                0x00000000080060d6      0x146 ./Drivers/STM32L4xx_HAL_Driver/Src/stm32l4xx_hal_spi.o
                0x00000000080060d6                HAL_SPI_Init
 .text.HAL_SPI_Transmit
                0x000000000800621c      0x2ea ./Drivers/STM32L4xx_HAL_Driver/Src/stm32l4xx_hal_spi.o
                0x000000000800621c                HAL_SPI_Transmit
 .text.HAL_SPI_Receive
                0x0000000008006506      0x26e ./Drivers/STM32L4xx_HAL_Driver/Src/stm32l4xx_hal_spi.o
                0x0000000008006506                HAL_SPI_Receive
 .text.HAL_SPI_TransmitReceive
                0x0000000008006774      0x444 ./Drivers/STM32L4xx_HAL_Driver/Src/stm32l4xx_hal_spi.o
                0x0000000008006774                HAL_SPI_TransmitReceive
 .text.SPI_WaitFlagStateUntilTimeout
                0x0000000008006bb8      0x110 ./Drivers/STM32L4xx_HAL_Driver/Src/stm32l4xx_hal_spi.o
 .text.SPI_WaitFifoStateUntilTimeout
                0x0000000008006cc8      0x12c ./Drivers/STM32L4xx_HAL_Driver/Src/stm32l4xx_hal_spi.o
 .text.SPI_EndRxTransaction
                0x0000000008006df4       0xb0 ./Drivers/STM32L4xx_HAL_Driver/Src/stm32l4xx_hal_spi.o
 .text.SPI_EndRxTxTransaction
                0x0000000008006ea4       0x8c ./Drivers/STM32L4xx_HAL_Driver/Src/stm32l4xx_hal_spi.o
 .text.HAL_TIM_Base_Init
                0x0000000008006f30       0xae ./Drivers/STM32L4xx_HAL_Driver/Src/stm32l4xx_hal_tim.o
                0x0000000008006f30                HAL_TIM_Base_Init
 .text.HAL_TIM_PWM_Init
                0x0000000008006fde       0xae ./Drivers/STM32L4xx_HAL_Driver/Src/stm32l4xx_hal_tim.o
                0x0000000008006fde                HAL_TIM_PWM_Init
 .text.HAL_TIM_PWM_MspInit
                0x000000000800708c       0x14 ./Drivers/STM32L4xx_HAL_Driver/Src/stm32l4xx_hal_tim.o
                0x000000000800708c                HAL_TIM_PWM_MspInit
 .text.HAL_TIM_PWM_Start
                0x00000000080070a0      0x20c ./Drivers/STM32L4xx_HAL_Driver/Src/stm32l4xx_hal_tim.o
                0x00000000080070a0                HAL_TIM_PWM_Start
 .text.HAL_TIM_PWM_Stop
                0x00000000080072ac      0x12c ./Drivers/STM32L4xx_HAL_Driver/Src/stm32l4xx_hal_tim.o
                0x00000000080072ac                HAL_TIM_PWM_Stop
 .text.HAL_TIM_IRQHandler
                0x00000000080073d8      0x204 ./Drivers/STM32L4xx_HAL_Driver/Src/stm32l4xx_hal_tim.o
                0x00000000080073d8                HAL_TIM_IRQHandler
 .text.HAL_TIM_PWM_ConfigChannel
                0x00000000080075dc      0x228 ./Drivers/STM32L4xx_HAL_Driver/Src/stm32l4xx_hal_tim.o
                0x00000000080075dc                HAL_TIM_PWM_ConfigChannel
 .text.HAL_TIM_ConfigClockSource
                0x0000000008007804      0x192 ./Drivers/STM32L4xx_HAL_Driver/Src/stm32l4xx_hal_tim.o
                0x0000000008007804                HAL_TIM_ConfigClockSource
 .text.HAL_TIM_PeriodElapsedCallback
                0x0000000008007996       0x14 ./Drivers/STM32L4xx_HAL_Driver/Src/stm32l4xx_hal_tim.o
                0x0000000008007996                HAL_TIM_PeriodElapsedCallback
 .text.HAL_TIM_OC_DelayElapsedCallback
                0x00000000080079aa       0x14 ./Drivers/STM32L4xx_HAL_Driver/Src/stm32l4xx_hal_tim.o
                0x00000000080079aa                HAL_TIM_OC_DelayElapsedCallback
 .text.HAL_TIM_IC_CaptureCallback
                0x00000000080079be       0x14 ./Drivers/STM32L4xx_HAL_Driver/Src/stm32l4xx_hal_tim.o
                0x00000000080079be                HAL_TIM_IC_CaptureCallback
 .text.HAL_TIM_PWM_PulseFinishedCallback
                0x00000000080079d2       0x14 ./Drivers/STM32L4xx_HAL_Driver/Src/stm32l4xx_hal_tim.o
                0x00000000080079d2                HAL_TIM_PWM_PulseFinishedCallback
 .text.HAL_TIM_TriggerCallback
                0x00000000080079e6       0x14 ./Drivers/STM32L4xx_HAL_Driver/Src/stm32l4xx_hal_tim.o
                0x00000000080079e6                HAL_TIM_TriggerCallback
 *fill*         0x00000000080079fa        0x2 
 .text.TIM_Base_SetConfig
                0x00000000080079fc      0x134 ./Drivers/STM32L4xx_HAL_Driver/Src/stm32l4xx_hal_tim.o
                0x00000000080079fc                TIM_Base_SetConfig
 .text.TIM_OC1_SetConfig
                0x0000000008007b30      0x120 ./Drivers/STM32L4xx_HAL_Driver/Src/stm32l4xx_hal_tim.o
 .text.TIM_OC2_SetConfig
                0x0000000008007c50      0x114 ./Drivers/STM32L4xx_HAL_Driver/Src/stm32l4xx_hal_tim.o
                0x0000000008007c50                TIM_OC2_SetConfig
 .text.TIM_OC3_SetConfig
                0x0000000008007d64      0x110 ./Drivers/STM32L4xx_HAL_Driver/Src/stm32l4xx_hal_tim.o
 .text.TIM_OC4_SetConfig
                0x0000000008007e74       0xd4 ./Drivers/STM32L4xx_HAL_Driver/Src/stm32l4xx_hal_tim.o
 .text.TIM_OC5_SetConfig
                0x0000000008007f48       0xc8 ./Drivers/STM32L4xx_HAL_Driver/Src/stm32l4xx_hal_tim.o
 .text.TIM_OC6_SetConfig
                0x0000000008008010       0xcc ./Drivers/STM32L4xx_HAL_Driver/Src/stm32l4xx_hal_tim.o
 .text.TIM_TI1_ConfigInputStage
                0x00000000080080dc       0x5e ./Drivers/STM32L4xx_HAL_Driver/Src/stm32l4xx_hal_tim.o
 .text.TIM_TI2_ConfigInputStage
                0x000000000800813a       0x60 ./Drivers/STM32L4xx_HAL_Driver/Src/stm32l4xx_hal_tim.o
 .text.TIM_ITRx_SetConfig
                0x000000000800819a       0x36 ./Drivers/STM32L4xx_HAL_Driver/Src/stm32l4xx_hal_tim.o
 .text.TIM_ETR_SetConfig
                0x00000000080081d0       0x40 ./Drivers/STM32L4xx_HAL_Driver/Src/stm32l4xx_hal_tim.o
                0x00000000080081d0                TIM_ETR_SetConfig
 .text.TIM_CCxChannelCmd
                0x0000000008008210       0x4a ./Drivers/STM32L4xx_HAL_Driver/Src/stm32l4xx_hal_tim.o
                0x0000000008008210                TIM_CCxChannelCmd
 *fill*         0x000000000800825a        0x2 
 .text.HAL_TIMEx_MasterConfigSynchronization
                0x000000000800825c      0x110 ./Drivers/STM32L4xx_HAL_Driver/Src/stm32l4xx_hal_tim_ex.o
                0x000000000800825c                HAL_TIMEx_MasterConfigSynchronization
 .text.HAL_TIMEx_CommutCallback
                0x000000000800836c       0x14 ./Drivers/STM32L4xx_HAL_Driver/Src/stm32l4xx_hal_tim_ex.o
                0x000000000800836c                HAL_TIMEx_CommutCallback
 .text.HAL_TIMEx_BreakCallback
                0x0000000008008380       0x14 ./Drivers/STM32L4xx_HAL_Driver/Src/stm32l4xx_hal_tim_ex.o
                0x0000000008008380                HAL_TIMEx_BreakCallback
 .text.HAL_TIMEx_Break2Callback
                0x0000000008008394       0x14 ./Drivers/STM32L4xx_HAL_Driver/Src/stm32l4xx_hal_tim_ex.o
                0x0000000008008394                HAL_TIMEx_Break2Callback
 .text.HAL_UART_Init
                0x00000000080083a8       0x9c ./Drivers/STM32L4xx_HAL_Driver/Src/stm32l4xx_hal_uart.o
                0x00000000080083a8                HAL_UART_Init
 .text.HAL_UART_Transmit
                0x0000000008008444      0x114 ./Drivers/STM32L4xx_HAL_Driver/Src/stm32l4xx_hal_uart.o
                0x0000000008008444                HAL_UART_Transmit
 .text.HAL_UART_Receive
                0x0000000008008558      0x192 ./Drivers/STM32L4xx_HAL_Driver/Src/stm32l4xx_hal_uart.o
                0x0000000008008558                HAL_UART_Receive
 *fill*         0x00000000080086ea        0x2 
 .text.UART_SetConfig
                0x00000000080086ec      0x570 ./Drivers/STM32L4xx_HAL_Driver/Src/stm32l4xx_hal_uart.o
                0x00000000080086ec                UART_SetConfig
 .text.UART_AdvFeatureConfig
                0x0000000008008c5c      0x144 ./Drivers/STM32L4xx_HAL_Driver/Src/stm32l4xx_hal_uart.o
                0x0000000008008c5c                UART_AdvFeatureConfig
 .text.UART_CheckIdleState
                0x0000000008008da0      0x150 ./Drivers/STM32L4xx_HAL_Driver/Src/stm32l4xx_hal_uart.o
                0x0000000008008da0                UART_CheckIdleState
 .text.UART_WaitOnFlagUntilTimeout
                0x0000000008008ef0       0xce ./Drivers/STM32L4xx_HAL_Driver/Src/stm32l4xx_hal_uart.o
                0x0000000008008ef0                UART_WaitOnFlagUntilTimeout
 .text.UART_EndRxTransfer
                0x0000000008008fbe       0xc8 ./Drivers/STM32L4xx_HAL_Driver/Src/stm32l4xx_hal_uart.o
 *fill*         0x0000000008009086        0x2 
 .text.MX_FATFS_Init
                0x0000000008009088       0x24 ./FATFS/App/fatfs.o
                0x0000000008009088                MX_FATFS_Init
 .text.get_fattime
                0x00000000080090ac       0x10 ./FATFS/App/fatfs.o
                0x00000000080090ac                get_fattime
 .text.USER_initialize
                0x00000000080090bc       0x1c ./FATFS/Target/user_diskio.o
                0x00000000080090bc                USER_initialize
 .text.USER_status
                0x00000000080090d8       0x1c ./FATFS/Target/user_diskio.o
                0x00000000080090d8                USER_status
 .text.USER_read
                0x00000000080090f4       0x26 ./FATFS/Target/user_diskio.o
                0x00000000080090f4                USER_read
 .text.USER_write
                0x000000000800911a       0x26 ./FATFS/Target/user_diskio.o
                0x000000000800911a                USER_write
 .text.USER_ioctl
                0x0000000008009140       0x26 ./FATFS/Target/user_diskio.o
                0x0000000008009140                USER_ioctl
 *fill*         0x0000000008009166        0x2 
 .text.SPI_Timer_On
                0x0000000008009168       0x28 ./FATFS/Target/user_diskio_spi.o
                0x0000000008009168                SPI_Timer_On
 .text.SPI_Timer_Status
                0x0000000008009190       0x2c ./FATFS/Target/user_diskio_spi.o
                0x0000000008009190                SPI_Timer_Status
 .text.xchg_spi
                0x00000000080091bc       0x2c ./FATFS/Target/user_diskio_spi.o
 .text.rcvr_spi_multi
                0x00000000080091e8       0x38 ./FATFS/Target/user_diskio_spi.o
 .text.xmit_spi_multi
                0x0000000008009220       0x28 ./FATFS/Target/user_diskio_spi.o
 .text.wait_ready
                0x0000000008009248       0x46 ./FATFS/Target/user_diskio_spi.o
 *fill*         0x000000000800928e        0x2 
 .text.despiselect
                0x0000000008009290       0x1c ./FATFS/Target/user_diskio_spi.o
 .text.spiselect
                0x00000000080092ac       0x34 ./FATFS/Target/user_diskio_spi.o
 .text.rcvr_datablock
                0x00000000080092e0       0x52 ./FATFS/Target/user_diskio_spi.o
 .text.xmit_datablock
                0x0000000008009332       0x64 ./FATFS/Target/user_diskio_spi.o
 .text.send_cmd
                0x0000000008009396       0xde ./FATFS/Target/user_diskio_spi.o
 .text.USER_SPI_initialize
                0x0000000008009474      0x1d8 ./FATFS/Target/user_diskio_spi.o
                0x0000000008009474                USER_SPI_initialize
 .text.USER_SPI_status
                0x000000000800964c       0x2c ./FATFS/Target/user_diskio_spi.o
                0x000000000800964c                USER_SPI_status
 .text.USER_SPI_read
                0x0000000008009678       0xcc ./FATFS/Target/user_diskio_spi.o
                0x0000000008009678                USER_SPI_read
 .text.USER_SPI_write
                0x0000000008009744       0xf8 ./FATFS/Target/user_diskio_spi.o
                0x0000000008009744                USER_SPI_write
 .text.USER_SPI_ioctl
                0x000000000800983c      0x2e0 ./FATFS/Target/user_diskio_spi.o
                0x000000000800983c                USER_SPI_ioctl
 .text.disk_status
                0x0000000008009b1c       0x34 ./Middlewares/Third_Party/FatFs/src/diskio.o
                0x0000000008009b1c                disk_status
 .text.disk_initialize
                0x0000000008009b50       0x4c ./Middlewares/Third_Party/FatFs/src/diskio.o
                0x0000000008009b50                disk_initialize
 .text.disk_read
                0x0000000008009b9c       0x40 ./Middlewares/Third_Party/FatFs/src/diskio.o
                0x0000000008009b9c                disk_read
 .text.disk_write
                0x0000000008009bdc       0x40 ./Middlewares/Third_Party/FatFs/src/diskio.o
                0x0000000008009bdc                disk_write
 .text.disk_ioctl
                0x0000000008009c1c       0x3c ./Middlewares/Third_Party/FatFs/src/diskio.o
                0x0000000008009c1c                disk_ioctl
 .text.ld_word  0x0000000008009c58       0x30 ./Middlewares/Third_Party/FatFs/src/ff.o
 .text.ld_dword
                0x0000000008009c88       0x46 ./Middlewares/Third_Party/FatFs/src/ff.o
 .text.st_word  0x0000000008009cce       0x36 ./Middlewares/Third_Party/FatFs/src/ff.o
 .text.st_dword
                0x0000000008009d04       0x58 ./Middlewares/Third_Party/FatFs/src/ff.o
 .text.mem_cpy  0x0000000008009d5c       0x42 ./Middlewares/Third_Party/FatFs/src/ff.o
 .text.mem_set  0x0000000008009d9e       0x36 ./Middlewares/Third_Party/FatFs/src/ff.o
 .text.mem_cmp  0x0000000008009dd4       0x4e ./Middlewares/Third_Party/FatFs/src/ff.o
 .text.chk_chr  0x0000000008009e22       0x36 ./Middlewares/Third_Party/FatFs/src/ff.o
 .text.chk_lock
                0x0000000008009e58       0xb8 ./Middlewares/Third_Party/FatFs/src/ff.o
 .text.enq_lock
                0x0000000008009f10       0x44 ./Middlewares/Third_Party/FatFs/src/ff.o
 .text.inc_lock
                0x0000000008009f54      0x11c ./Middlewares/Third_Party/FatFs/src/ff.o
 .text.dec_lock
                0x000000000800a070       0x78 ./Middlewares/Third_Party/FatFs/src/ff.o
 .text.clear_lock
                0x000000000800a0e8       0x48 ./Middlewares/Third_Party/FatFs/src/ff.o
 .text.sync_window
                0x000000000800a130       0x88 ./Middlewares/Third_Party/FatFs/src/ff.o
 .text.move_window
                0x000000000800a1b8       0x5a ./Middlewares/Third_Party/FatFs/src/ff.o
 *fill*         0x000000000800a212        0x2 
 .text.sync_fs  0x000000000800a214       0xdc ./Middlewares/Third_Party/FatFs/src/ff.o
 .text.clust2sect
                0x000000000800a2f0       0x3e ./Middlewares/Third_Party/FatFs/src/ff.o
 .text.get_fat  0x000000000800a32e      0x150 ./Middlewares/Third_Party/FatFs/src/ff.o
 .text.put_fat  0x000000000800a47e      0x1d4 ./Middlewares/Third_Party/FatFs/src/ff.o
 .text.remove_chain
                0x000000000800a652       0xca ./Middlewares/Third_Party/FatFs/src/ff.o
 .text.create_chain
                0x000000000800a71c      0x130 ./Middlewares/Third_Party/FatFs/src/ff.o
 .text.clmt_clust
                0x000000000800a84c       0x68 ./Middlewares/Third_Party/FatFs/src/ff.o
 .text.dir_sdi  0x000000000800a8b4       0xf6 ./Middlewares/Third_Party/FatFs/src/ff.o
 .text.dir_next
                0x000000000800a9aa      0x18a ./Middlewares/Third_Party/FatFs/src/ff.o
 .text.dir_alloc
                0x000000000800ab34       0x8e ./Middlewares/Third_Party/FatFs/src/ff.o
 .text.ld_clust
                0x000000000800abc2       0x3e ./Middlewares/Third_Party/FatFs/src/ff.o
 .text.st_clust
                0x000000000800ac00       0x40 ./Middlewares/Third_Party/FatFs/src/ff.o
 .text.dir_find
                0x000000000800ac40       0xaa ./Middlewares/Third_Party/FatFs/src/ff.o
 .text.dir_register
                0x000000000800acea       0x64 ./Middlewares/Third_Party/FatFs/src/ff.o
 *fill*         0x000000000800ad4e        0x2 
 .text.create_name
                0x000000000800ad50      0x128 ./Middlewares/Third_Party/FatFs/src/ff.o
 .text.follow_path
                0x000000000800ae78       0xe2 ./Middlewares/Third_Party/FatFs/src/ff.o
 .text.get_ldnumber
                0x000000000800af5a       0x88 ./Middlewares/Third_Party/FatFs/src/ff.o
 *fill*         0x000000000800afe2        0x2 
 .text.check_fs
                0x000000000800afe4       0xac ./Middlewares/Third_Party/FatFs/src/ff.o
 .text.find_volume
                0x000000000800b090      0x498 ./Middlewares/Third_Party/FatFs/src/ff.o
 .text.validate
                0x000000000800b528       0x6a ./Middlewares/Third_Party/FatFs/src/ff.o
 *fill*         0x000000000800b592        0x2 
 .text.f_mount  0x000000000800b594       0x8c ./Middlewares/Third_Party/FatFs/src/ff.o
                0x000000000800b594                f_mount
 .text.f_open   0x000000000800b620      0x37c ./Middlewares/Third_Party/FatFs/src/ff.o
                0x000000000800b620                f_open
 .text.f_write  0x000000000800b99c      0x2ea ./Middlewares/Third_Party/FatFs/src/ff.o
                0x000000000800b99c                f_write
 .text.f_sync   0x000000000800bc86       0xfc ./Middlewares/Third_Party/FatFs/src/ff.o
                0x000000000800bc86                f_sync
 .text.f_close  0x000000000800bd82       0x54 ./Middlewares/Third_Party/FatFs/src/ff.o
                0x000000000800bd82                f_close
 .text.f_getfree
                0x000000000800bdd6      0x16a ./Middlewares/Third_Party/FatFs/src/ff.o
                0x000000000800bdd6                f_getfree
 .text.FATFS_LinkDriverEx
                0x000000000800bf40       0x98 ./Middlewares/Third_Party/FatFs/src/ff_gen_drv.o
                0x000000000800bf40                FATFS_LinkDriverEx
 .text.FATFS_LinkDriver
                0x000000000800bfd8       0x1e ./Middlewares/Third_Party/FatFs/src/ff_gen_drv.o
                0x000000000800bfd8                FATFS_LinkDriver
 *fill*         0x000000000800bff6        0x2 
 .text.std      0x000000000800bff8       0x6c D:/ST/STM32CubeIDE_1.13.2/STM32CubeIDE/plugins/com.st.stm32cube.ide.mcu.externaltools.gnu-tools-for-stm32.11.3.rel1.win32_1.1.100.202309141235/tools/bin/../lib/gcc/arm-none-eabi/11.3.1/../../../../arm-none-eabi/lib/thumb/v7e-m+fp/hard\libc_nano.a(libc_a-findfp.o)
 .text.stdio_exit_handler
                0x000000000800c064       0x18 D:/ST/STM32CubeIDE_1.13.2/STM32CubeIDE/plugins/com.st.stm32cube.ide.mcu.externaltools.gnu-tools-for-stm32.11.3.rel1.win32_1.1.100.202309141235/tools/bin/../lib/gcc/arm-none-eabi/11.3.1/../../../../arm-none-eabi/lib/thumb/v7e-m+fp/hard\libc_nano.a(libc_a-findfp.o)
 .text.cleanup_stdio
                0x000000000800c07c       0x40 D:/ST/STM32CubeIDE_1.13.2/STM32CubeIDE/plugins/com.st.stm32cube.ide.mcu.externaltools.gnu-tools-for-stm32.11.3.rel1.win32_1.1.100.202309141235/tools/bin/../lib/gcc/arm-none-eabi/11.3.1/../../../../arm-none-eabi/lib/thumb/v7e-m+fp/hard\libc_nano.a(libc_a-findfp.o)
 .text.global_stdio_init.part.0
                0x000000000800c0bc       0x3c D:/ST/STM32CubeIDE_1.13.2/STM32CubeIDE/plugins/com.st.stm32cube.ide.mcu.externaltools.gnu-tools-for-stm32.11.3.rel1.win32_1.1.100.202309141235/tools/bin/../lib/gcc/arm-none-eabi/11.3.1/../../../../arm-none-eabi/lib/thumb/v7e-m+fp/hard\libc_nano.a(libc_a-findfp.o)
 .text.__sfp_lock_acquire
                0x000000000800c0f8        0xc D:/ST/STM32CubeIDE_1.13.2/STM32CubeIDE/plugins/com.st.stm32cube.ide.mcu.externaltools.gnu-tools-for-stm32.11.3.rel1.win32_1.1.100.202309141235/tools/bin/../lib/gcc/arm-none-eabi/11.3.1/../../../../arm-none-eabi/lib/thumb/v7e-m+fp/hard\libc_nano.a(libc_a-findfp.o)
                0x000000000800c0f8                __sfp_lock_acquire
 .text.__sfp_lock_release
                0x000000000800c104        0xc D:/ST/STM32CubeIDE_1.13.2/STM32CubeIDE/plugins/com.st.stm32cube.ide.mcu.externaltools.gnu-tools-for-stm32.11.3.rel1.win32_1.1.100.202309141235/tools/bin/../lib/gcc/arm-none-eabi/11.3.1/../../../../arm-none-eabi/lib/thumb/v7e-m+fp/hard\libc_nano.a(libc_a-findfp.o)
                0x000000000800c104                __sfp_lock_release
 .text.__sinit  0x000000000800c110       0x30 D:/ST/STM32CubeIDE_1.13.2/STM32CubeIDE/plugins/com.st.stm32cube.ide.mcu.externaltools.gnu-tools-for-stm32.11.3.rel1.win32_1.1.100.202309141235/tools/bin/../lib/gcc/arm-none-eabi/11.3.1/../../../../arm-none-eabi/lib/thumb/v7e-m+fp/hard\libc_nano.a(libc_a-findfp.o)
                0x000000000800c110                __sinit
 .text._fwalk_sglue
                0x000000000800c140       0x3c D:/ST/STM32CubeIDE_1.13.2/STM32CubeIDE/plugins/com.st.stm32cube.ide.mcu.externaltools.gnu-tools-for-stm32.11.3.rel1.win32_1.1.100.202309141235/tools/bin/../lib/gcc/arm-none-eabi/11.3.1/../../../../arm-none-eabi/lib/thumb/v7e-m+fp/hard\libc_nano.a(libc_a-fwalk.o)
                0x000000000800c140                _fwalk_sglue
 .text.printf   0x000000000800c17c       0x24 D:/ST/STM32CubeIDE_1.13.2/STM32CubeIDE/plugins/com.st.stm32cube.ide.mcu.externaltools.gnu-tools-for-stm32.11.3.rel1.win32_1.1.100.202309141235/tools/bin/../lib/gcc/arm-none-eabi/11.3.1/../../../../arm-none-eabi/lib/thumb/v7e-m+fp/hard\libc_nano.a(libc_a-printf.o)
                0x000000000800c17c                iprintf
                0x000000000800c17c                printf
 .text._puts_r  0x000000000800c1a0       0xa8 D:/ST/STM32CubeIDE_1.13.2/STM32CubeIDE/plugins/com.st.stm32cube.ide.mcu.externaltools.gnu-tools-for-stm32.11.3.rel1.win32_1.1.100.202309141235/tools/bin/../lib/gcc/arm-none-eabi/11.3.1/../../../../arm-none-eabi/lib/thumb/v7e-m+fp/hard\libc_nano.a(libc_a-puts.o)
                0x000000000800c1a0                _puts_r
 .text.puts     0x000000000800c248       0x10 D:/ST/STM32CubeIDE_1.13.2/STM32CubeIDE/plugins/com.st.stm32cube.ide.mcu.externaltools.gnu-tools-for-stm32.11.3.rel1.win32_1.1.100.202309141235/tools/bin/../lib/gcc/arm-none-eabi/11.3.1/../../../../arm-none-eabi/lib/thumb/v7e-m+fp/hard\libc_nano.a(libc_a-puts.o)
                0x000000000800c248                puts
 .text.__sread  0x000000000800c258       0x22 D:/ST/STM32CubeIDE_1.13.2/STM32CubeIDE/plugins/com.st.stm32cube.ide.mcu.externaltools.gnu-tools-for-stm32.11.3.rel1.win32_1.1.100.202309141235/tools/bin/../lib/gcc/arm-none-eabi/11.3.1/../../../../arm-none-eabi/lib/thumb/v7e-m+fp/hard\libc_nano.a(libc_a-stdio.o)
                0x000000000800c258                __sread
 .text.__swrite
                0x000000000800c27a       0x38 D:/ST/STM32CubeIDE_1.13.2/STM32CubeIDE/plugins/com.st.stm32cube.ide.mcu.externaltools.gnu-tools-for-stm32.11.3.rel1.win32_1.1.100.202309141235/tools/bin/../lib/gcc/arm-none-eabi/11.3.1/../../../../arm-none-eabi/lib/thumb/v7e-m+fp/hard\libc_nano.a(libc_a-stdio.o)
                0x000000000800c27a                __swrite
 .text.__sseek  0x000000000800c2b2       0x24 D:/ST/STM32CubeIDE_1.13.2/STM32CubeIDE/plugins/com.st.stm32cube.ide.mcu.externaltools.gnu-tools-for-stm32.11.3.rel1.win32_1.1.100.202309141235/tools/bin/../lib/gcc/arm-none-eabi/11.3.1/../../../../arm-none-eabi/lib/thumb/v7e-m+fp/hard\libc_nano.a(libc_a-stdio.o)
                0x000000000800c2b2                __sseek
 .text.__sclose
                0x000000000800c2d6        0x8 D:/ST/STM32CubeIDE_1.13.2/STM32CubeIDE/plugins/com.st.stm32cube.ide.mcu.externaltools.gnu-tools-for-stm32.11.3.rel1.win32_1.1.100.202309141235/tools/bin/../lib/gcc/arm-none-eabi/11.3.1/../../../../arm-none-eabi/lib/thumb/v7e-m+fp/hard\libc_nano.a(libc_a-stdio.o)
                0x000000000800c2d6                __sclose
 .text.__swbuf_r
                0x000000000800c2de       0x7a D:/ST/STM32CubeIDE_1.13.2/STM32CubeIDE/plugins/com.st.stm32cube.ide.mcu.externaltools.gnu-tools-for-stm32.11.3.rel1.win32_1.1.100.202309141235/tools/bin/../lib/gcc/arm-none-eabi/11.3.1/../../../../arm-none-eabi/lib/thumb/v7e-m+fp/hard\libc_nano.a(libc_a-wbuf.o)
                0x000000000800c2de                __swbuf_r
 .text.__swsetup_r
                0x000000000800c358       0xb0 D:/ST/STM32CubeIDE_1.13.2/STM32CubeIDE/plugins/com.st.stm32cube.ide.mcu.externaltools.gnu-tools-for-stm32.11.3.rel1.win32_1.1.100.202309141235/tools/bin/../lib/gcc/arm-none-eabi/11.3.1/../../../../arm-none-eabi/lib/thumb/v7e-m+fp/hard\libc_nano.a(libc_a-wsetup.o)
                0x000000000800c358                __swsetup_r
 .text.memset   0x000000000800c408       0x10 D:/ST/STM32CubeIDE_1.13.2/STM32CubeIDE/plugins/com.st.stm32cube.ide.mcu.externaltools.gnu-tools-for-stm32.11.3.rel1.win32_1.1.100.202309141235/tools/bin/../lib/gcc/arm-none-eabi/11.3.1/../../../../arm-none-eabi/lib/thumb/v7e-m+fp/hard\libc_nano.a(libc_a-memset.o)
                0x000000000800c408                memset
 .text.strcat   0x000000000800c418       0x1e D:/ST/STM32CubeIDE_1.13.2/STM32CubeIDE/plugins/com.st.stm32cube.ide.mcu.externaltools.gnu-tools-for-stm32.11.3.rel1.win32_1.1.100.202309141235/tools/bin/../lib/gcc/arm-none-eabi/11.3.1/../../../../arm-none-eabi/lib/thumb/v7e-m+fp/hard\libc_nano.a(libc_a-strcat.o)
                0x000000000800c418                strcat
 *fill*         0x000000000800c436        0x2 
 .text._close_r
                0x000000000800c438       0x20 D:/ST/STM32CubeIDE_1.13.2/STM32CubeIDE/plugins/com.st.stm32cube.ide.mcu.externaltools.gnu-tools-for-stm32.11.3.rel1.win32_1.1.100.202309141235/tools/bin/../lib/gcc/arm-none-eabi/11.3.1/../../../../arm-none-eabi/lib/thumb/v7e-m+fp/hard\libc_nano.a(libc_a-closer.o)
                0x000000000800c438                _close_r
 .text._lseek_r
                0x000000000800c458       0x24 D:/ST/STM32CubeIDE_1.13.2/STM32CubeIDE/plugins/com.st.stm32cube.ide.mcu.externaltools.gnu-tools-for-stm32.11.3.rel1.win32_1.1.100.202309141235/tools/bin/../lib/gcc/arm-none-eabi/11.3.1/../../../../arm-none-eabi/lib/thumb/v7e-m+fp/hard\libc_nano.a(libc_a-lseekr.o)
                0x000000000800c458                _lseek_r
 .text._read_r  0x000000000800c47c       0x24 D:/ST/STM32CubeIDE_1.13.2/STM32CubeIDE/plugins/com.st.stm32cube.ide.mcu.externaltools.gnu-tools-for-stm32.11.3.rel1.win32_1.1.100.202309141235/tools/bin/../lib/gcc/arm-none-eabi/11.3.1/../../../../arm-none-eabi/lib/thumb/v7e-m+fp/hard\libc_nano.a(libc_a-readr.o)
                0x000000000800c47c                _read_r
 .text._write_r
                0x000000000800c4a0       0x24 D:/ST/STM32CubeIDE_1.13.2/STM32CubeIDE/plugins/com.st.stm32cube.ide.mcu.externaltools.gnu-tools-for-stm32.11.3.rel1.win32_1.1.100.202309141235/tools/bin/../lib/gcc/arm-none-eabi/11.3.1/../../../../arm-none-eabi/lib/thumb/v7e-m+fp/hard\libc_nano.a(libc_a-writer.o)
                0x000000000800c4a0                _write_r
 .text.__errno  0x000000000800c4c4        0xc D:/ST/STM32CubeIDE_1.13.2/STM32CubeIDE/plugins/com.st.stm32cube.ide.mcu.externaltools.gnu-tools-for-stm32.11.3.rel1.win32_1.1.100.202309141235/tools/bin/../lib/gcc/arm-none-eabi/11.3.1/../../../../arm-none-eabi/lib/thumb/v7e-m+fp/hard\libc_nano.a(libc_a-errno.o)
                0x000000000800c4c4                __errno
 .text.__libc_init_array
                0x000000000800c4d0       0x48 D:/ST/STM32CubeIDE_1.13.2/STM32CubeIDE/plugins/com.st.stm32cube.ide.mcu.externaltools.gnu-tools-for-stm32.11.3.rel1.win32_1.1.100.202309141235/tools/bin/../lib/gcc/arm-none-eabi/11.3.1/../../../../arm-none-eabi/lib/thumb/v7e-m+fp/hard\libc_nano.a(libc_a-init.o)
                0x000000000800c4d0                __libc_init_array
 .text.__retarget_lock_init_recursive
                0x000000000800c518        0x2 D:/ST/STM32CubeIDE_1.13.2/STM32CubeIDE/plugins/com.st.stm32cube.ide.mcu.externaltools.gnu-tools-for-stm32.11.3.rel1.win32_1.1.100.202309141235/tools/bin/../lib/gcc/arm-none-eabi/11.3.1/../../../../arm-none-eabi/lib/thumb/v7e-m+fp/hard\libc_nano.a(libc_a-lock.o)
                0x000000000800c518                __retarget_lock_init_recursive
 .text.__retarget_lock_acquire_recursive
                0x000000000800c51a        0x2 D:/ST/STM32CubeIDE_1.13.2/STM32CubeIDE/plugins/com.st.stm32cube.ide.mcu.externaltools.gnu-tools-for-stm32.11.3.rel1.win32_1.1.100.202309141235/tools/bin/../lib/gcc/arm-none-eabi/11.3.1/../../../../arm-none-eabi/lib/thumb/v7e-m+fp/hard\libc_nano.a(libc_a-lock.o)
                0x000000000800c51a                __retarget_lock_acquire_recursive
 .text.__retarget_lock_release_recursive
                0x000000000800c51c        0x2 D:/ST/STM32CubeIDE_1.13.2/STM32CubeIDE/plugins/com.st.stm32cube.ide.mcu.externaltools.gnu-tools-for-stm32.11.3.rel1.win32_1.1.100.202309141235/tools/bin/../lib/gcc/arm-none-eabi/11.3.1/../../../../arm-none-eabi/lib/thumb/v7e-m+fp/hard\libc_nano.a(libc_a-lock.o)
                0x000000000800c51c                __retarget_lock_release_recursive
 *fill*         0x000000000800c51e        0x2 
 .text._free_r  0x000000000800c520       0x98 D:/ST/STM32CubeIDE_1.13.2/STM32CubeIDE/plugins/com.st.stm32cube.ide.mcu.externaltools.gnu-tools-for-stm32.11.3.rel1.win32_1.1.100.202309141235/tools/bin/../lib/gcc/arm-none-eabi/11.3.1/../../../../arm-none-eabi/lib/thumb/v7e-m+fp/hard\libc_nano.a(libc_a-freer.o)
                0x000000000800c520                _free_r
 .text.sbrk_aligned
                0x000000000800c5b8       0x40 D:/ST/STM32CubeIDE_1.13.2/STM32CubeIDE/plugins/com.st.stm32cube.ide.mcu.externaltools.gnu-tools-for-stm32.11.3.rel1.win32_1.1.100.202309141235/tools/bin/../lib/gcc/arm-none-eabi/11.3.1/../../../../arm-none-eabi/lib/thumb/v7e-m+fp/hard\libc_nano.a(libc_a-mallocr.o)
 .text._malloc_r
                0x000000000800c5f8      0x100 D:/ST/STM32CubeIDE_1.13.2/STM32CubeIDE/plugins/com.st.stm32cube.ide.mcu.externaltools.gnu-tools-for-stm32.11.3.rel1.win32_1.1.100.202309141235/tools/bin/../lib/gcc/arm-none-eabi/11.3.1/../../../../arm-none-eabi/lib/thumb/v7e-m+fp/hard\libc_nano.a(libc_a-mallocr.o)
                0x000000000800c5f8                _malloc_r
 .text.__malloc_lock
                0x000000000800c6f8        0xc D:/ST/STM32CubeIDE_1.13.2/STM32CubeIDE/plugins/com.st.stm32cube.ide.mcu.externaltools.gnu-tools-for-stm32.11.3.rel1.win32_1.1.100.202309141235/tools/bin/../lib/gcc/arm-none-eabi/11.3.1/../../../../arm-none-eabi/lib/thumb/v7e-m+fp/hard\libc_nano.a(libc_a-mlock.o)
                0x000000000800c6f8                __malloc_lock
 .text.__malloc_unlock
                0x000000000800c704        0xc D:/ST/STM32CubeIDE_1.13.2/STM32CubeIDE/plugins/com.st.stm32cube.ide.mcu.externaltools.gnu-tools-for-stm32.11.3.rel1.win32_1.1.100.202309141235/tools/bin/../lib/gcc/arm-none-eabi/11.3.1/../../../../arm-none-eabi/lib/thumb/v7e-m+fp/hard\libc_nano.a(libc_a-mlock.o)
                0x000000000800c704                __malloc_unlock
 .text.__sfputc_r
                0x000000000800c710       0x2e D:/ST/STM32CubeIDE_1.13.2/STM32CubeIDE/plugins/com.st.stm32cube.ide.mcu.externaltools.gnu-tools-for-stm32.11.3.rel1.win32_1.1.100.202309141235/tools/bin/../lib/gcc/arm-none-eabi/11.3.1/../../../../arm-none-eabi/lib/thumb/v7e-m+fp/hard\libc_nano.a(libc_a-nano-vfprintf.o)
 .text.__sfputs_r
                0x000000000800c73e       0x24 D:/ST/STM32CubeIDE_1.13.2/STM32CubeIDE/plugins/com.st.stm32cube.ide.mcu.externaltools.gnu-tools-for-stm32.11.3.rel1.win32_1.1.100.202309141235/tools/bin/../lib/gcc/arm-none-eabi/11.3.1/../../../../arm-none-eabi/lib/thumb/v7e-m+fp/hard\libc_nano.a(libc_a-nano-vfprintf.o)
                0x000000000800c73e                __sfputs_r
 *fill*         0x000000000800c762        0x2 
 .text._vfprintf_r
                0x000000000800c764      0x234 D:/ST/STM32CubeIDE_1.13.2/STM32CubeIDE/plugins/com.st.stm32cube.ide.mcu.externaltools.gnu-tools-for-stm32.11.3.rel1.win32_1.1.100.202309141235/tools/bin/../lib/gcc/arm-none-eabi/11.3.1/../../../../arm-none-eabi/lib/thumb/v7e-m+fp/hard\libc_nano.a(libc_a-nano-vfprintf.o)
                0x000000000800c764                _vfprintf_r
                0x000000000800c764                _vfiprintf_r
 .text._printf_common
                0x000000000800c998       0xda D:/ST/STM32CubeIDE_1.13.2/STM32CubeIDE/plugins/com.st.stm32cube.ide.mcu.externaltools.gnu-tools-for-stm32.11.3.rel1.win32_1.1.100.202309141235/tools/bin/../lib/gcc/arm-none-eabi/11.3.1/../../../../arm-none-eabi/lib/thumb/v7e-m+fp/hard\libc_nano.a(libc_a-nano-vfprintf_i.o)
                0x000000000800c998                _printf_common
 *fill*         0x000000000800ca72        0x2 
 .text._printf_i
                0x000000000800ca74      0x244 D:/ST/STM32CubeIDE_1.13.2/STM32CubeIDE/plugins/com.st.stm32cube.ide.mcu.externaltools.gnu-tools-for-stm32.11.3.rel1.win32_1.1.100.202309141235/tools/bin/../lib/gcc/arm-none-eabi/11.3.1/../../../../arm-none-eabi/lib/thumb/v7e-m+fp/hard\libc_nano.a(libc_a-nano-vfprintf_i.o)
                0x000000000800ca74                _printf_i
 .text.__sflush_r
                0x000000000800ccb8      0x10c D:/ST/STM32CubeIDE_1.13.2/STM32CubeIDE/plugins/com.st.stm32cube.ide.mcu.externaltools.gnu-tools-for-stm32.11.3.rel1.win32_1.1.100.202309141235/tools/bin/../lib/gcc/arm-none-eabi/11.3.1/../../../../arm-none-eabi/lib/thumb/v7e-m+fp/hard\libc_nano.a(libc_a-fflush.o)
                0x000000000800ccb8                __sflush_r
 .text._fflush_r
                0x000000000800cdc4       0x50 D:/ST/STM32CubeIDE_1.13.2/STM32CubeIDE/plugins/com.st.stm32cube.ide.mcu.externaltools.gnu-tools-for-stm32.11.3.rel1.win32_1.1.100.202309141235/tools/bin/../lib/gcc/arm-none-eabi/11.3.1/../../../../arm-none-eabi/lib/thumb/v7e-m+fp/hard\libc_nano.a(libc_a-fflush.o)
                0x000000000800cdc4                _fflush_r
 .text.__swhatbuf_r
                0x000000000800ce14       0x4c D:/ST/STM32CubeIDE_1.13.2/STM32CubeIDE/plugins/com.st.stm32cube.ide.mcu.externaltools.gnu-tools-for-stm32.11.3.rel1.win32_1.1.100.202309141235/tools/bin/../lib/gcc/arm-none-eabi/11.3.1/../../../../arm-none-eabi/lib/thumb/v7e-m+fp/hard\libc_nano.a(libc_a-makebuf.o)
                0x000000000800ce14                __swhatbuf_r
 .text.__smakebuf_r
                0x000000000800ce60       0x78 D:/ST/STM32CubeIDE_1.13.2/STM32CubeIDE/plugins/com.st.stm32cube.ide.mcu.externaltools.gnu-tools-for-stm32.11.3.rel1.win32_1.1.100.202309141235/tools/bin/../lib/gcc/arm-none-eabi/11.3.1/../../../../arm-none-eabi/lib/thumb/v7e-m+fp/hard\libc_nano.a(libc_a-makebuf.o)
                0x000000000800ce60                __smakebuf_r
 .text._fstat_r
                0x000000000800ced8       0x24 D:/ST/STM32CubeIDE_1.13.2/STM32CubeIDE/plugins/com.st.stm32cube.ide.mcu.externaltools.gnu-tools-for-stm32.11.3.rel1.win32_1.1.100.202309141235/tools/bin/../lib/gcc/arm-none-eabi/11.3.1/../../../../arm-none-eabi/lib/thumb/v7e-m+fp/hard\libc_nano.a(libc_a-fstatr.o)
                0x000000000800ced8                _fstat_r
 .text._isatty_r
                0x000000000800cefc       0x20 D:/ST/STM32CubeIDE_1.13.2/STM32CubeIDE/plugins/com.st.stm32cube.ide.mcu.externaltools.gnu-tools-for-stm32.11.3.rel1.win32_1.1.100.202309141235/tools/bin/../lib/gcc/arm-none-eabi/11.3.1/../../../../arm-none-eabi/lib/thumb/v7e-m+fp/hard\libc_nano.a(libc_a-isattyr.o)
                0x000000000800cefc                _isatty_r
 .text._sbrk_r  0x000000000800cf1c       0x20 D:/ST/STM32CubeIDE_1.13.2/STM32CubeIDE/plugins/com.st.stm32cube.ide.mcu.externaltools.gnu-tools-for-stm32.11.3.rel1.win32_1.1.100.202309141235/tools/bin/../lib/gcc/arm-none-eabi/11.3.1/../../../../arm-none-eabi/lib/thumb/v7e-m+fp/hard\libc_nano.a(libc_a-sbrkr.o)
                0x000000000800cf1c                _sbrk_r
 *(.glue_7)
 .glue_7        0x000000000800cf3c        0x0 linker stubs
 *(.glue_7t)
 .glue_7t       0x000000000800cf3c        0x0 linker stubs
 *(.eh_frame)
 .eh_frame      0x000000000800cf3c        0x0 D:/ST/STM32CubeIDE_1.13.2/STM32CubeIDE/plugins/com.st.stm32cube.ide.mcu.externaltools.gnu-tools-for-stm32.11.3.rel1.win32_1.1.100.202309141235/tools/bin/../lib/gcc/arm-none-eabi/11.3.1/thumb/v7e-m+fp/hard/crtbegin.o
 *(.init)
 .init          0x000000000800cf3c        0x4 D:/ST/STM32CubeIDE_1.13.2/STM32CubeIDE/plugins/com.st.stm32cube.ide.mcu.externaltools.gnu-tools-for-stm32.11.3.rel1.win32_1.1.100.202309141235/tools/bin/../lib/gcc/arm-none-eabi/11.3.1/thumb/v7e-m+fp/hard/crti.o
                0x000000000800cf3c                _init
 .init          0x000000000800cf40        0x8 D:/ST/STM32CubeIDE_1.13.2/STM32CubeIDE/plugins/com.st.stm32cube.ide.mcu.externaltools.gnu-tools-for-stm32.11.3.rel1.win32_1.1.100.202309141235/tools/bin/../lib/gcc/arm-none-eabi/11.3.1/thumb/v7e-m+fp/hard/crtn.o
 *(.fini)
 .fini          0x000000000800cf48        0x4 D:/ST/STM32CubeIDE_1.13.2/STM32CubeIDE/plugins/com.st.stm32cube.ide.mcu.externaltools.gnu-tools-for-stm32.11.3.rel1.win32_1.1.100.202309141235/tools/bin/../lib/gcc/arm-none-eabi/11.3.1/thumb/v7e-m+fp/hard/crti.o
                0x000000000800cf48                _fini
 .fini          0x000000000800cf4c        0x8 D:/ST/STM32CubeIDE_1.13.2/STM32CubeIDE/plugins/com.st.stm32cube.ide.mcu.externaltools.gnu-tools-for-stm32.11.3.rel1.win32_1.1.100.202309141235/tools/bin/../lib/gcc/arm-none-eabi/11.3.1/thumb/v7e-m+fp/hard/crtn.o
                0x000000000800cf54                . = ALIGN (0x4)
                0x000000000800cf54                _etext = .

.vfp11_veneer   0x000000000800cf54        0x0
 .vfp11_veneer  0x000000000800cf54        0x0 linker stubs

.v4_bx          0x000000000800cf54        0x0
 .v4_bx         0x000000000800cf54        0x0 linker stubs

.iplt           0x000000000800cf54        0x0
 .iplt          0x000000000800cf54        0x0 D:/ST/STM32CubeIDE_1.13.2/STM32CubeIDE/plugins/com.st.stm32cube.ide.mcu.externaltools.gnu-tools-for-stm32.11.3.rel1.win32_1.1.100.202309141235/tools/bin/../lib/gcc/arm-none-eabi/11.3.1/thumb/v7e-m+fp/hard/crtbegin.o

.rodata         0x000000000800cf54     0x1040
                0x000000000800cf54                . = ALIGN (0x4)
 *(.rodata)
 .rodata        0x000000000800cf54      0x481 ./Core/Src/ArducamController.o
 *fill*         0x000000000800d3d5        0x3 
 .rodata        0x000000000800d3d8      0x289 ./Core/Src/SDController.o
 *fill*         0x000000000800d661        0x3 
 .rodata        0x000000000800d664      0x1ab ./Core/Src/ServoController.o
 *fill*         0x000000000800d80f        0x1 
 .rodata        0x000000000800d810      0x197 ./Core/Src/WiFiController.o
 *fill*         0x000000000800d9a7        0x1 
 .rodata        0x000000000800d9a8       0x90 ./Core/Src/helpers.o
 .rodata        0x000000000800da38      0x18c ./Core/Src/main.o
 .rodata        0x000000000800dbc4       0x44 ./Middlewares/Third_Party/FatFs/src/ff.o
 *(.rodata*)
 .rodata.OV2640_JPEG_INIT
                0x000000000800dc08      0x17e ./Core/Src/ArducamController.o
 *fill*         0x000000000800dd86        0x2 
 .rodata.OV2640_YUV422
                0x000000000800dd88       0x14 ./Core/Src/ArducamController.o
 .rodata.OV2640_JPEG
                0x000000000800dd9c       0x12 ./Core/Src/ArducamController.o
 *fill*         0x000000000800ddae        0x2 
 .rodata.OV2640_320x240_JPEG
                0x000000000800ddb0       0x50 ./Core/Src/ArducamController.o
 .rodata.BASE64LOOKUPTABLE
                0x000000000800de00       0x41 ./Core/Src/ArducamController.o
                0x000000000800de00                BASE64LOOKUPTABLE
 *fill*         0x000000000800de41        0x3 
 .rodata.LIGHTS_ON
                0x000000000800de44        0x9 ./Core/Src/WiFiController.o
                0x000000000800de44                LIGHTS_ON
 *fill*         0x000000000800de4d        0x3 
 .rodata.LIGHTS_OFF
                0x000000000800de50        0x9 ./Core/Src/WiFiController.o
                0x000000000800de50                LIGHTS_OFF
 *fill*         0x000000000800de59        0x3 
 .rodata.SHUFFLE
                0x000000000800de5c        0x9 ./Core/Src/WiFiController.o
                0x000000000800de5c                SHUFFLE
 *fill*         0x000000000800de65        0x3 
 .rodata.SNAP   0x000000000800de68        0x9 ./Core/Src/WiFiController.o
                0x000000000800de68                SNAP
 *fill*         0x000000000800de71        0x3 
 .rodata.ARCHIDEKT
                0x000000000800de74        0xa ./Core/Src/WiFiController.o
                0x000000000800de74                ARCHIDEKT
 *fill*         0x000000000800de7e        0x2 
 .rodata.SD_READ
                0x000000000800de80        0x9 ./Core/Src/WiFiController.o
                0x000000000800de80                SD_READ
 *fill*         0x000000000800de89        0x3 
 .rodata.SHUTDOWN
                0x000000000800de8c        0x9 ./Core/Src/WiFiController.o
                0x000000000800de8c                SHUTDOWN
 *fill*         0x000000000800de95        0x3 
 .rodata.AHBPrescTable
                0x000000000800de98       0x10 ./Core/Src/system_stm32l4xx.o
                0x000000000800de98                AHBPrescTable
 .rodata.APBPrescTable
                0x000000000800dea8        0x8 ./Core/Src/system_stm32l4xx.o
                0x000000000800dea8                APBPrescTable
 .rodata.MSIRangeTable
                0x000000000800deb0       0x30 ./Core/Src/system_stm32l4xx.o
                0x000000000800deb0                MSIRangeTable
 .rodata.ExCvt  0x000000000800dee0       0x80 ./Middlewares/Third_Party/FatFs/src/ff.o
 .rodata._vfprintf_r.str1.1
                0x000000000800df60       0x11 D:/ST/STM32CubeIDE_1.13.2/STM32CubeIDE/plugins/com.st.stm32cube.ide.mcu.externaltools.gnu-tools-for-stm32.11.3.rel1.win32_1.1.100.202309141235/tools/bin/../lib/gcc/arm-none-eabi/11.3.1/../../../../arm-none-eabi/lib/thumb/v7e-m+fp/hard\libc_nano.a(libc_a-nano-vfprintf.o)
 .rodata._printf_i.str1.1
                0x000000000800df71       0x22 D:/ST/STM32CubeIDE_1.13.2/STM32CubeIDE/plugins/com.st.stm32cube.ide.mcu.externaltools.gnu-tools-for-stm32.11.3.rel1.win32_1.1.100.202309141235/tools/bin/../lib/gcc/arm-none-eabi/11.3.1/../../../../arm-none-eabi/lib/thumb/v7e-m+fp/hard\libc_nano.a(libc_a-nano-vfprintf_i.o)
                0x000000000800df94                . = ALIGN (0x4)
 *fill*         0x000000000800df93        0x1 

.ARM.extab      0x000000000800df94        0x0
                0x000000000800df94                . = ALIGN (0x4)
 *(.ARM.extab* .gnu.linkonce.armextab.*)
                0x000000000800df94                . = ALIGN (0x4)

.ARM            0x000000000800df94        0x8
                0x000000000800df94                . = ALIGN (0x4)
                0x000000000800df94                __exidx_start = .
 *(.ARM.exidx*)
 .ARM.exidx     0x000000000800df94        0x8 D:/ST/STM32CubeIDE_1.13.2/STM32CubeIDE/plugins/com.st.stm32cube.ide.mcu.externaltools.gnu-tools-for-stm32.11.3.rel1.win32_1.1.100.202309141235/tools/bin/../lib/gcc/arm-none-eabi/11.3.1/thumb/v7e-m+fp/hard\libgcc.a(_udivmoddi4.o)
                0x000000000800df9c                __exidx_end = .
                0x000000000800df9c                . = ALIGN (0x4)

.rel.dyn        0x000000000800df9c        0x0
 .rel.iplt      0x000000000800df9c        0x0 D:/ST/STM32CubeIDE_1.13.2/STM32CubeIDE/plugins/com.st.stm32cube.ide.mcu.externaltools.gnu-tools-for-stm32.11.3.rel1.win32_1.1.100.202309141235/tools/bin/../lib/gcc/arm-none-eabi/11.3.1/thumb/v7e-m+fp/hard/crtbegin.o

.preinit_array  0x000000000800df9c        0x0
                0x000000000800df9c                . = ALIGN (0x4)
                0x000000000800df9c                PROVIDE (__preinit_array_start = .)
 *(.preinit_array*)
                0x000000000800df9c                PROVIDE (__preinit_array_end = .)
                0x000000000800df9c                . = ALIGN (0x4)

.init_array     0x000000000800df9c        0x4
                0x000000000800df9c                . = ALIGN (0x4)
                0x000000000800df9c                PROVIDE (__init_array_start = .)
 *(SORT_BY_NAME(.init_array.*))
 *(.init_array*)
 .init_array    0x000000000800df9c        0x4 D:/ST/STM32CubeIDE_1.13.2/STM32CubeIDE/plugins/com.st.stm32cube.ide.mcu.externaltools.gnu-tools-for-stm32.11.3.rel1.win32_1.1.100.202309141235/tools/bin/../lib/gcc/arm-none-eabi/11.3.1/thumb/v7e-m+fp/hard/crtbegin.o
                0x000000000800dfa0                PROVIDE (__init_array_end = .)
                0x000000000800dfa0                . = ALIGN (0x4)

.fini_array     0x000000000800dfa0        0x4
                0x000000000800dfa0                . = ALIGN (0x4)
                [!provide]                        PROVIDE (__fini_array_start = .)
 *(SORT_BY_NAME(.fini_array.*))
 *(.fini_array*)
 .fini_array    0x000000000800dfa0        0x4 D:/ST/STM32CubeIDE_1.13.2/STM32CubeIDE/plugins/com.st.stm32cube.ide.mcu.externaltools.gnu-tools-for-stm32.11.3.rel1.win32_1.1.100.202309141235/tools/bin/../lib/gcc/arm-none-eabi/11.3.1/thumb/v7e-m+fp/hard/crtbegin.o
                [!provide]                        PROVIDE (__fini_array_end = .)
                0x000000000800dfa4                . = ALIGN (0x4)
                0x000000000800dfa4                _sidata = LOADADDR (.data)

.data           0x0000000020000000       0x9c load address 0x000000000800dfa4
                0x0000000020000000                . = ALIGN (0x4)
                0x0000000020000000                _sdata = .
 *(.data)
 *(.data*)
 .data.STATUS_LIGHTS_ON
                0x0000000020000000        0x4 ./Core/Src/WiFiController.o
                0x0000000020000000                STATUS_LIGHTS_ON
 .data.STATUS_LIGHTS_OFF
                0x0000000020000004        0x4 ./Core/Src/WiFiController.o
                0x0000000020000004                STATUS_LIGHTS_OFF
 .data.STATUS_SHUFFLE
                0x0000000020000008        0x4 ./Core/Src/WiFiController.o
                0x0000000020000008                STATUS_SHUFFLE
 .data.STATUS_SNAP
                0x000000002000000c        0x4 ./Core/Src/WiFiController.o
                0x000000002000000c                STATUS_SNAP
 .data.STATUS_ARCHIDEKT
                0x0000000020000010        0x4 ./Core/Src/WiFiController.o
                0x0000000020000010                STATUS_ARCHIDEKT
 .data.STATUS_SHUTDOWN
                0x0000000020000014        0x4 ./Core/Src/WiFiController.o
                0x0000000020000014                STATUS_SHUTDOWN
 .data.STATUS_UNKNOWN
                0x0000000020000018        0x4 ./Core/Src/WiFiController.o
                0x0000000020000018                STATUS_UNKNOWN
 .data.SystemCoreClock
                0x000000002000001c        0x4 ./Core/Src/system_stm32l4xx.o
                0x000000002000001c                SystemCoreClock
 .data.uwTickPrio
                0x0000000020000020        0x4 ./Drivers/STM32L4xx_HAL_Driver/Src/stm32l4xx_hal.o
                0x0000000020000020                uwTickPrio
 .data.uwTickFreq
                0x0000000020000024        0x1 ./Drivers/STM32L4xx_HAL_Driver/Src/stm32l4xx_hal.o
                0x0000000020000024                uwTickFreq
 *fill*         0x0000000020000025        0x3 
 .data.USER_Driver
                0x0000000020000028       0x14 ./FATFS/Target/user_diskio.o
                0x0000000020000028                USER_Driver
 .data.Stat     0x000000002000003c        0x1 ./FATFS/Target/user_diskio_spi.o
 *fill*         0x000000002000003d        0x3 
 .data.__sglue  0x0000000020000040        0xc D:/ST/STM32CubeIDE_1.13.2/STM32CubeIDE/plugins/com.st.stm32cube.ide.mcu.externaltools.gnu-tools-for-stm32.11.3.rel1.win32_1.1.100.202309141235/tools/bin/../lib/gcc/arm-none-eabi/11.3.1/../../../../arm-none-eabi/lib/thumb/v7e-m+fp/hard\libc_nano.a(libc_a-findfp.o)
                0x0000000020000040                __sglue
 .data._impure_data
                0x000000002000004c       0x4c D:/ST/STM32CubeIDE_1.13.2/STM32CubeIDE/plugins/com.st.stm32cube.ide.mcu.externaltools.gnu-tools-for-stm32.11.3.rel1.win32_1.1.100.202309141235/tools/bin/../lib/gcc/arm-none-eabi/11.3.1/../../../../arm-none-eabi/lib/thumb/v7e-m+fp/hard\libc_nano.a(libc_a-impure.o)
                0x000000002000004c                _impure_data
 .data._impure_ptr
                0x0000000020000098        0x4 D:/ST/STM32CubeIDE_1.13.2/STM32CubeIDE/plugins/com.st.stm32cube.ide.mcu.externaltools.gnu-tools-for-stm32.11.3.rel1.win32_1.1.100.202309141235/tools/bin/../lib/gcc/arm-none-eabi/11.3.1/../../../../arm-none-eabi/lib/thumb/v7e-m+fp/hard\libc_nano.a(libc_a-impure.o)
                0x0000000020000098                _impure_ptr
 *(.RamFunc)
 *(.RamFunc*)
                0x000000002000009c                . = ALIGN (0x4)
                0x000000002000009c                _edata = .

.igot.plt       0x000000002000009c        0x0 load address 0x000000000800e040
 .igot.plt      0x000000002000009c        0x0 D:/ST/STM32CubeIDE_1.13.2/STM32CubeIDE/plugins/com.st.stm32cube.ide.mcu.externaltools.gnu-tools-for-stm32.11.3.rel1.win32_1.1.100.202309141235/tools/bin/../lib/gcc/arm-none-eabi/11.3.1/thumb/v7e-m+fp/hard/crtbegin.o
                0x000000002000009c                . = ALIGN (0x4)

.bss            0x000000002000009c      0x8fc load address 0x000000000800e040
                0x000000002000009c                _sbss = .
                0x000000002000009c                __bss_start__ = _sbss
 *(.bss)
 .bss           0x000000002000009c       0x1c D:/ST/STM32CubeIDE_1.13.2/STM32CubeIDE/plugins/com.st.stm32cube.ide.mcu.externaltools.gnu-tools-for-stm32.11.3.rel1.win32_1.1.100.202309141235/tools/bin/../lib/gcc/arm-none-eabi/11.3.1/thumb/v7e-m+fp/hard/crtbegin.o
 *(.bss*)
 .bss.fatFS     0x00000000200000b8      0x230 ./Core/Src/SDController.o
                0x00000000200000b8                fatFS
 .bss.file      0x00000000200002e8      0x230 ./Core/Src/SDController.o
                0x00000000200002e8                file
 .bss.fres      0x0000000020000518        0x1 ./Core/Src/SDController.o
                0x0000000020000518                fres
 *fill*         0x0000000020000519        0x3 
 .bss.pHUART    0x000000002000051c        0x4 ./Core/Src/helpers.o
                0x000000002000051c                pHUART
 .bss.hi2c1     0x0000000020000520       0x54 ./Core/Src/main.o
                0x0000000020000520                hi2c1
 .bss.hi2c2     0x0000000020000574       0x54 ./Core/Src/main.o
                0x0000000020000574                hi2c2
 .bss.hrng      0x00000000200005c8       0x10 ./Core/Src/main.o
                0x00000000200005c8                hrng
 .bss.hspi1     0x00000000200005d8       0x64 ./Core/Src/main.o
                0x00000000200005d8                hspi1
 .bss.hspi2     0x000000002000063c       0x64 ./Core/Src/main.o
                0x000000002000063c                hspi2
 .bss.htim2     0x00000000200006a0       0x4c ./Core/Src/main.o
                0x00000000200006a0                htim2
 .bss.huart1    0x00000000200006ec       0x88 ./Core/Src/main.o
                0x00000000200006ec                huart1
 .bss.huart2    0x0000000020000774       0x88 ./Core/Src/main.o
                0x0000000020000774                huart2
 .bss.__sbrk_heap_end
                0x00000000200007fc        0x4 ./Core/Src/sysmem.o
 .bss.uwTick    0x0000000020000800        0x4 ./Drivers/STM32L4xx_HAL_Driver/Src/stm32l4xx_hal.o
                0x0000000020000800                uwTick
 .bss.retUSER   0x0000000020000804        0x1 ./FATFS/App/fatfs.o
                0x0000000020000804                retUSER
 *fill*         0x0000000020000805        0x3 
 .bss.USERPath  0x0000000020000808        0x4 ./FATFS/App/fatfs.o
                0x0000000020000808                USERPath
 .bss.CardType  0x000000002000080c        0x1 ./FATFS/Target/user_diskio_spi.o
 *fill*         0x000000002000080d        0x3 
 .bss.spiTimerTickStart
                0x0000000020000810        0x4 ./FATFS/Target/user_diskio_spi.o
                0x0000000020000810                spiTimerTickStart
 .bss.spiTimerTickDelay
                0x0000000020000814        0x4 ./FATFS/Target/user_diskio_spi.o
                0x0000000020000814                spiTimerTickDelay
 .bss.FatFs     0x0000000020000818        0x4 ./Middlewares/Third_Party/FatFs/src/ff.o
 .bss.Fsid      0x000000002000081c        0x2 ./Middlewares/Third_Party/FatFs/src/ff.o
 *fill*         0x000000002000081e        0x2 
 .bss.Files     0x0000000020000820       0x20 ./Middlewares/Third_Party/FatFs/src/ff.o
 .bss.disk      0x0000000020000840        0xc ./Middlewares/Third_Party/FatFs/src/ff_gen_drv.o
                0x0000000020000840                disk
 .bss.__sf      0x000000002000084c      0x138 D:/ST/STM32CubeIDE_1.13.2/STM32CubeIDE/plugins/com.st.stm32cube.ide.mcu.externaltools.gnu-tools-for-stm32.11.3.rel1.win32_1.1.100.202309141235/tools/bin/../lib/gcc/arm-none-eabi/11.3.1/../../../../arm-none-eabi/lib/thumb/v7e-m+fp/hard\libc_nano.a(libc_a-findfp.o)
                0x000000002000084c                __sf
 .bss.__stdio_exit_handler
                0x0000000020000984        0x4 D:/ST/STM32CubeIDE_1.13.2/STM32CubeIDE/plugins/com.st.stm32cube.ide.mcu.externaltools.gnu-tools-for-stm32.11.3.rel1.win32_1.1.100.202309141235/tools/bin/../lib/gcc/arm-none-eabi/11.3.1/../../../../arm-none-eabi/lib/thumb/v7e-m+fp/hard\libc_nano.a(libc_a-findfp.o)
                0x0000000020000984                __stdio_exit_handler
 .bss.errno     0x0000000020000988        0x4 D:/ST/STM32CubeIDE_1.13.2/STM32CubeIDE/plugins/com.st.stm32cube.ide.mcu.externaltools.gnu-tools-for-stm32.11.3.rel1.win32_1.1.100.202309141235/tools/bin/../lib/gcc/arm-none-eabi/11.3.1/../../../../arm-none-eabi/lib/thumb/v7e-m+fp/hard\libc_nano.a(libc_a-reent.o)
                0x0000000020000988                errno
 .bss.__lock___malloc_recursive_mutex
                0x000000002000098c        0x1 D:/ST/STM32CubeIDE_1.13.2/STM32CubeIDE/plugins/com.st.stm32cube.ide.mcu.externaltools.gnu-tools-for-stm32.11.3.rel1.win32_1.1.100.202309141235/tools/bin/../lib/gcc/arm-none-eabi/11.3.1/../../../../arm-none-eabi/lib/thumb/v7e-m+fp/hard\libc_nano.a(libc_a-lock.o)
                0x000000002000098c                __lock___malloc_recursive_mutex
 .bss.__lock___sfp_recursive_mutex
                0x000000002000098d        0x1 D:/ST/STM32CubeIDE_1.13.2/STM32CubeIDE/plugins/com.st.stm32cube.ide.mcu.externaltools.gnu-tools-for-stm32.11.3.rel1.win32_1.1.100.202309141235/tools/bin/../lib/gcc/arm-none-eabi/11.3.1/../../../../arm-none-eabi/lib/thumb/v7e-m+fp/hard\libc_nano.a(libc_a-lock.o)
                0x000000002000098d                __lock___sfp_recursive_mutex
 *fill*         0x000000002000098e        0x2 
 .bss.__malloc_free_list
                0x0000000020000990        0x4 D:/ST/STM32CubeIDE_1.13.2/STM32CubeIDE/plugins/com.st.stm32cube.ide.mcu.externaltools.gnu-tools-for-stm32.11.3.rel1.win32_1.1.100.202309141235/tools/bin/../lib/gcc/arm-none-eabi/11.3.1/../../../../arm-none-eabi/lib/thumb/v7e-m+fp/hard\libc_nano.a(libc_a-mallocr.o)
                0x0000000020000990                __malloc_free_list
 .bss.__malloc_sbrk_start
                0x0000000020000994        0x4 D:/ST/STM32CubeIDE_1.13.2/STM32CubeIDE/plugins/com.st.stm32cube.ide.mcu.externaltools.gnu-tools-for-stm32.11.3.rel1.win32_1.1.100.202309141235/tools/bin/../lib/gcc/arm-none-eabi/11.3.1/../../../../arm-none-eabi/lib/thumb/v7e-m+fp/hard\libc_nano.a(libc_a-mallocr.o)
                0x0000000020000994                __malloc_sbrk_start
 *(COMMON)
                0x0000000020000998                . = ALIGN (0x4)
                0x0000000020000998                _ebss = .
                0x0000000020000998                __bss_end__ = _ebss

._user_heap_stack
                0x0000000020000998      0x600 load address 0x000000000800e040
                0x0000000020000998                . = ALIGN (0x8)
                [!provide]                        PROVIDE (end = .)
                0x0000000020000998                PROVIDE (_end = .)
                0x0000000020000b98                . = (. + _Min_Heap_Size)
 *fill*         0x0000000020000998      0x200 
                0x0000000020000f98                . = (. + _Min_Stack_Size)
 *fill*         0x0000000020000b98      0x400 
                0x0000000020000f98                . = ALIGN (0x8)

/DISCARD/
 libc.a(*)
 libm.a(*)
 libgcc.a(*)

.ARM.attributes
                0x0000000000000000       0x30
 *(.ARM.attributes)
 .ARM.attributes
                0x0000000000000000       0x1e D:/ST/STM32CubeIDE_1.13.2/STM32CubeIDE/plugins/com.st.stm32cube.ide.mcu.externaltools.gnu-tools-for-stm32.11.3.rel1.win32_1.1.100.202309141235/tools/bin/../lib/gcc/arm-none-eabi/11.3.1/thumb/v7e-m+fp/hard/crti.o
 .ARM.attributes
                0x000000000000001e       0x34 D:/ST/STM32CubeIDE_1.13.2/STM32CubeIDE/plugins/com.st.stm32cube.ide.mcu.externaltools.gnu-tools-for-stm32.11.3.rel1.win32_1.1.100.202309141235/tools/bin/../lib/gcc/arm-none-eabi/11.3.1/thumb/v7e-m+fp/hard/crtbegin.o
 .ARM.attributes
                0x0000000000000052       0x34 ./Core/Src/ArducamController.o
 .ARM.attributes