18:30:59 **** Clean-only build of configuration Debug for project MagiciansAssistant ****
make -j4 clean 
rm -rf ./Middlewares/Third_Party/FatFs/src/option/syscall.cyclo ./Middlewares/Third_Party/FatFs/src/option/syscall.d ./Middlewares/Third_Party/FatFs/src/option/syscall.o ./Middlewares/Third_Party/FatFs/src/option/syscall.su
rm -rf ./Middlewares/Third_Party/FatFs/src/diskio.cyclo ./Middlewares/Third_Party/FatFs/src/diskio.d ./Middlewares/Third_Party/FatFs/src/diskio.o ./Middlewares/Third_Party/FatFs/src/diskio.su ./Middlewares/Third_Party/FatFs/src/ff.cyclo ./Middlewares/Third_Party/FatFs/src/ff.d ./Middlewares/Third_Party/FatFs/src/ff.o ./Middlewares/Third_Party/FatFs/src/ff.su ./Middlewares/Third_Party/FatFs/src/ff_gen_drv.cyclo ./Middlewares/Third_Party/FatFs/src/ff_gen_drv.d ./Middlewares/Third_Party/FatFs/src/ff_gen_drv.o ./Middlewares/Third_Party/FatFs/src/ff_gen_drv.su
rm -rf ./FATFS/Target/user_diskio.cyclo ./FATFS/Target/user_diskio.d ./FATFS/Target/user_diskio.o ./FATFS/Target/user_diskio.su ./FATFS/Target/user_diskio_spi.cyclo ./FATFS/Target/user_diskio_spi.d ./FATFS/Target/user_diskio_spi.o ./FATFS/Target/user_diskio_spi.su
rm -rf ./FATFS/App/fatfs.cyclo ./FATFS/App/fatfs.d ./FATFS/App/fatfs.o ./FATFS/App/fatfs.su
rm -rf ./Drivers/STM32L4xx_HAL_Driver/Src/stm32l4xx_hal.cyclo ./Drivers/STM32L4xx_HAL_Driver/Src/stm32l4xx_hal.d ./Drivers/STM32L4xx_HAL_Driver/Src/stm32l4xx_hal.o ./Drivers/STM32L4xx_HAL_Driver/Src/stm32l4xx_hal.su ./Drivers/STM32L4xx_HAL_Driver/Src/stm32l4xx_hal_cortex.cyclo ./Drivers/STM32L4xx_HAL_Driver/Src/stm32l4xx_hal_cortex.d ./Drivers/STM32L4xx_HAL_Driver/Src/stm32l4xx_hal_cortex.o ./Drivers/STM32L4xx_HAL_Driver/Src/stm32l4xx_hal_cortex.su ./Drivers/STM32L4xx_HAL_Driver/Src/stm32l4xx_hal_dma.cyclo ./Drivers/STM32L4xx_HAL_Driver/Src/stm32l4xx_hal_dma.d ./Drivers/STM32L4xx_HAL_Driver/Src/stm32l4xx_hal_dma.o ./Drivers/STM32L4xx_HAL_Driver/Src/stm32l4xx_hal_dma.su ./Drivers/STM32L4xx_HAL_Driver/Src/stm32l4xx_hal_dma_ex.cyclo ./Drivers/STM32L4xx_HAL_Driver/Src/stm32l4xx_hal_dma_ex.d ./Drivers/STM32L4xx_HAL_Driver/Src/stm32l4xx_hal_dma_ex.o ./Drivers/STM32L4xx_HAL_Driver/Src/stm32l4xx_hal_dma_ex.su ./Drivers/STM32L4xx_HAL_Driver/Src/stm32l4xx_hal_exti.cyclo ./Drivers/STM32L4xx_HAL_Driver/Src/stm32l4xx_hal_exti.d ./Drivers/STM32L4xx_HAL_Driver/Src/stm32l4xx_hal_exti.o ./Drivers/STM32L4xx_HAL_Driver/Src/stm32l4xx_hal_exti.su ./Drivers/STM32L4xx_HAL_Driver/Src/stm32l4xx_hal_flash.cyclo ./Drivers/STM32L4xx_HAL_Driver/Src/stm32l4xx_hal_flash.d ./Drivers/STM32L4xx_HAL_Driver/Src/stm32l4xx_hal_flash.o ./Drivers/STM32L4xx_HAL_Driver/Src/stm32l4xx_hal_flash.su ./Drivers/STM32L4xx_HAL_Driver/Src/stm32l4xx_hal_flash_ex.cyclo ./Drivers/STM32L4xx_HAL_Driver/Src/stm32l4xx_hal_flash_ex.d ./Drivers/STM32L4xx_HAL_Driver/Src/stm32l4xx_hal_flash_ex.o ./Drivers/STM32L4xx_HAL_Driver/Src/stm32l4xx_hal_flash_ex.su ./Drivers/STM32L4xx_HAL_Driver/Src/stm32l4xx_hal_flash_ramfunc.cyclo ./Drivers/STM32L4xx_HAL_Driver/Src/stm32l4xx_hal_flash_ramfunc.d ./Drivers/STM32L4xx_HAL_Driver/Src/stm32l4xx_hal_flash_ramfunc.o ./Drivers/STM32L4xx_HAL_Driver/Src/stm32l4xx_hal_flash_ramfunc.su ./Drivers/STM32L4xx_HAL_Driver/Src/stm32l4xx_hal_gpio.cyclo ./Drivers/STM32L4xx_HAL_Driver/Src/stm32l4xx_hal_gpio.d ./Drivers/STM32L4xx_HAL_Driver/Src/stm32l4xx_hal_gpio.o ./Drivers/STM32L4xx_HAL_Driver/Src/stm32l4xx_hal_gpio.su ./Drivers/STM32L4xx_HAL_Driver/Src/stm32l4xx_hal_i2c.cyclo ./Drivers/STM32L4xx_HAL_Driver/Src/stm32l4xx_hal_i2c.d ./Drivers/STM32L4xx_HAL_Driver/Src/stm32l4xx_hal_i2c.o ./Drivers/STM32L4xx_HAL_Driver/Src/stm32l4xx_hal_i2c.su ./Drivers/STM32L4xx_HAL_Driver/Src/stm32l4xx_hal_i2c_ex.cyclo ./Drivers/STM32L4xx_HAL_Driver/Src/stm32l4xx_hal_i2c_ex.d ./Drivers/STM32L4xx_HAL_Driver/Src/stm32l4xx_hal_i2c_ex.o ./Drivers/STM32L4xx_HAL_Driver/Src/stm32l4xx_hal_i2c_ex.su ./Drivers/STM32L4xx_HAL_Driver/Src/stm32l4xx_hal_pwr.cyclo ./Drivers/STM32L4xx_HAL_Driver/Src/stm32l4xx_hal_pwr.d ./Drivers/STM32L4xx_HAL_Driver/Src/stm32l4xx_hal_pwr.o ./Drivers/STM32L4xx_HAL_Driver/Src/stm32l4xx_hal_pwr.su ./Drivers/STM32L4xx_HAL_Driver/Src/stm32l4xx_hal_pwr_ex.cyclo ./Drivers/STM32L4xx_HAL_Driver/Src/stm32l4xx_hal_pwr_ex.d ./Drivers/STM32L4xx_HAL_Driver/Src/stm32l4xx_hal_pwr_ex.o ./Drivers/STM32L4xx_HAL_Driver/Src/stm32l4xx_hal_pwr_ex.su ./Drivers/STM32L4xx_HAL_Driver/Src/stm32l4xx_hal_rcc.cyclo ./Drivers/STM32L4xx_HAL_Driver/Src/stm32l4xx_hal_rcc.d ./Drivers/STM32L4xx_HAL_Driver/Src/stm32l4xx_hal_rcc.o ./Drivers/STM32L4xx_HAL_Driver/Src/stm32l4xx_hal_rcc.su ./Drivers/STM32L4xx_HAL_Driver/Src/stm32l4xx_hal_rcc_ex.cyclo ./Drivers/STM32L4xx_HAL_Driver/Src/stm32l4xx_hal_rcc_ex.d ./Drivers/STM32L4xx_HAL_Driver/Src/stm32l4xx_hal_rcc_ex.o ./Drivers/STM32L4xx_HAL_Driver/Src/stm32l4xx_hal_rcc_ex.su ./Drivers/STM32L4xx_HAL_Driver/Src/stm32l4xx_hal_rng.cyclo ./Drivers/STM32L4xx_HAL_Driver/Src/stm32l4xx_hal_rng.d ./Drivers/STM32L4xx_HAL_Driver/Src/stm32l4xx_hal_rng.o ./Drivers/STM32L4xx_HAL_Driver/Src/stm32l4xx_hal_rng.su ./Drivers/STM32L4xx_HAL_Driver/Src/stm32l4xx_hal_spi.cyclo ./Drivers/STM32L4xx_HAL_Driver/Src/stm32l4xx_hal_spi.d ./Drivers/STM32L4xx_HAL_Driver/Src/stm32l4xx_hal_spi.o ./Drivers/STM32L4xx_HAL_Driver/Src/stm32l4xx_hal_spi.su ./Drivers/STM32L4xx_HAL_Driver/Src/stm32l4xx_hal_spi_ex.cyclo ./Drivers/STM32L4xx_HAL_Driver/Src/stm32l4xx_hal_spi_ex.d ./Drivers/STM32L4xx_HAL_Driver/Src/stm32l4xx_hal_spi_ex.o ./Drivers/STM32L4xx_HAL_Driver/Src/stm32l4xx_hal_spi_ex.su ./Drivers/STM32L4xx_HAL_Driver/Src/stm32l4xx_hal_tim.cyclo ./Drivers/STM32L4xx_HAL_Driver/Src/stm32l4xx_hal_tim.d ./Drivers/STM32L4xx_HAL_Driver/Src/stm32l4xx_hal_tim.o ./Drivers/STM32L4xx_HAL_Driver/Src/stm32l4xx_hal_tim.su ./Drivers/STM32L4xx_HAL_Driver/Src/stm32l4xx_hal_tim_ex.cyclo ./Drivers/STM32L4xx_HAL_Driver/Src/stm32l4xx_hal_tim_ex.d ./Drivers/STM32L4xx_HAL_Driver/Src/stm32l4xx_hal_tim_ex.o ./Drivers/STM32L4xx_HAL_Driver/Src/stm32l4xx_hal_tim_ex.su ./Drivers/STM32L4xx_HAL_Driver/Src/stm32l4xx_hal_uart.cyclo ./Drivers/STM32L4xx_HAL_Driver/Src/stm32l4xx_hal_uart.d ./Drivers/STM32L4xx_HAL_Driver/Src/stm32l4xx_hal_uart.o ./Drivers/STM32L4xx_HAL_Driver/Src/stm32l4xx_hal_uart.su ./Drivers/STM32L4xx_HAL_Driver/Src/stm32l4xx_hal_uart_ex.cyclo ./Drivers/STM32L4xx_HAL_Driver/Src/stm32l4xx_hal_uart_ex.d ./Drivers/STM32L4xx_HAL_Driver/Src/stm32l4xx_hal_uart_ex.o ./Drivers/STM32L4xx_HAL_Driver/Src/stm32l4xx_hal_uart_ex.su
rm -rf ./Core/Startup/startup_stm32l476rgtx.d ./Core/Startup/startup_stm32l476rgtx.o
rm -rf ./Core/Src/ArducamController.cyclo ./Core/Src/ArducamController.d ./Core/Src/ArducamController.o ./Core/Src/ArducamController.su ./Core/Src/SDController.cyclo ./Core/Src/SDController.d ./Core/Src/SDController.o ./Core/Src/SDController.su ./Core/Src/ServoController.cyclo ./Core/Src/ServoController.d ./Core/Src/ServoController.o ./Core/Src/ServoController.su ./Core/Src/WiFiController.cyclo ./Core/Src/WiFiController.d ./Core/Src/WiFiController.o ./Core/Src/WiFiController.su ./Core/Src/helpers.cyclo ./Core/Src/helpers.d ./Core/Src/helpers.o ./Core/Src/helpers.su ./Core/Src/main.cyclo ./Core/Src/main.d ./Core/Src/main.o ./Core/Src/main.su ./Core/Src/stm32l4xx_hal_msp.cyclo ./Core/Src/stm32l4xx_hal_msp.d ./Core/Src/stm32l4xx_hal_msp.o ./Core/Src/stm32l4xx_hal_msp.su ./Core/Src/stm32l4xx_it.cyclo ./Core/Src/stm32l4xx_it.d ./Core/Src/stm32l4xx_it.o ./Core/Src/stm32l4xx_it.su ./Core/Src/syscalls.cyclo ./Core/Src/syscalls.d ./Core/Src/syscalls.o ./Core/Src/syscalls.su ./Core/Src/sysmem.cyclo ./Core/Src/sysmem.d ./Core/Src/sysmem.o ./Core/Src/sysmem.su ./Core/Src/system_stm32l4xx.cyclo ./Core/Src/system_stm32l4xx.d ./Core/Src/system_stm32l4xx.o ./Core/Src/system_stm32l4xx.su
rm -rf MagiciansAssistant.elf MagiciansAssistant.list MagiciansAssistant.map default.size.stdout
 
18:31:01 **** Build of configuration Debug for project MagiciansAssistant ****
make -j4 all 
arm-none-eabi-gcc "../Middlewares/Third_Party/FatFs/src/option/syscall.c" -mcpu=cortex-m4 -std=gnu11 -g3 -DDEBUG -DUSE_HAL_DRIVER -DSTM32L476xx -c -I../Core/Inc -I../Drivers/STM32L4xx_HAL_Driver/Inc -I../Drivers/STM32L4xx_HAL_Driver/Inc/Legacy -I../Drivers/CMSIS/Device/ST/STM32L4xx/Include -I../Drivers/CMSIS/Include -I../FATFS/Target -I../FATFS/App -I../Middlewares/Third_Party/FatFs/src -O0 -ffunction-sections -fdata-sections -Wall -fstack-usage -fcyclomatic-complexity -MMD -MP -MF"Middlewares/Third_Party/FatFs/src/option/syscall.d" -MT"Middlewares/Third_Party/FatFs/src/option/syscall.o" --specs=nano.specs -mfpu=fpv4-sp-d16 -mfloat-abi=hard -mthumb -o "Middlewares/Third_Party/FatFs/src/option/syscall.o"
arm-none-eabi-gcc "../Middlewares/Third_Party/FatFs/src/diskio.c" -mcpu=cortex-m4 -std=gnu11 -g3 -DDEBUG -DUSE_HAL_DRIVER -DSTM32L476xx -c -I../Core/Inc -I../Drivers/STM32L4xx_HAL_Driver/Inc -I../Drivers/STM32L4xx_HAL_Driver/Inc/Legacy -I../Drivers/CMSIS/Device/ST/STM32L4xx/Include -I../Drivers/CMSIS/Include -I../FATFS/Target -I../FATFS/App -I../Middlewares/Third_Party/FatFs/src -O0 -ffunction-sections -fdata-sections -Wall -fstack-usage -fcyclomatic-complexity -MMD -MP -MF"Middlewares/Third_Party/FatFs/src/diskio.d" -MT"Middlewares/Third_Party/FatFs/src/diskio.o" --specs=nano.specs -mfpu=fpv4-sp-d16 -mfloat-abi=hard -mthumb -o "Middlewares/Third_Party/FatFs/src/diskio.o"
arm-none-eabi-gcc "../Middlewares/Third_Party/FatFs/src/ff.c" -mcpu=cortex-m4 -std=gnu11 -g3 -DDEBUG -DUSE_HAL_DRIVER -DSTM32L476xx -c -I../Core/Inc -I../Drivers/STM32L4xx_HAL_Driver/Inc -I../Drivers/STM32L4xx_HAL_Driver/Inc/Legacy -I../Drivers/CMSIS/Device/ST/STM32L4xx/Include -I../Drivers/CMSIS/Include -I../FATFS/Target -I../FATFS/App -I../Middlewares/Third_Party/FatFs/src -O0 -ffunction-sections -fdata-sections -Wall -fstack-usage -fcyclomatic-complexity -MMD -MP -MF"Middlewares/Third_Party/FatFs/src/ff.d" -MT"Middlewares/Third_Party/FatFs/src/ff.o" --specs=nano.specs -mfpu=fpv4-sp-d16 -mfloat-abi=hard -mthumb -o "Middlewares/Third_Party/FatFs/src/ff.o"
arm-none-eabi-gcc "../Middlewares/Third_Party/FatFs/src/ff_gen_drv.c" -mcpu=cortex-m4 -std=gnu11 -g3 -DDEBUG -DUSE_HAL_DRIVER -DSTM32L476xx -c -I../Core/Inc -I../Drivers/STM32L4xx_HAL_Driver/Inc -I../Drivers/STM32L4xx_HAL_Driver/Inc/Legacy -I../Drivers/CMSIS/Device/ST/STM32L4xx/Include -I../Drivers/CMSIS/Include -I../FATFS/Target -I../FATFS/App -I../Middlewares/Third_Party/FatFs/src -O0 -ffunction-sections -fdata-sections -Wall -fstack-usage -fcyclomatic-complexity -MMD -MP -MF"Middlewares/Third_Party/FatFs/src/ff_gen_drv.d" -MT"Middlewares/Third_Party/FatFs/src/ff_gen_drv.o" --specs=nano.specs -mfpu=fpv4-sp-d16 -mfloat-abi=hard -mthumb -o "Middlewares/Third_Party/FatFs/src/ff_gen_drv.o"
arm-none-eabi-gcc "../FATFS/Target/user_diskio.c" -mcpu=cortex-m4 -std=gnu11 -g3 -DDEBUG -DUSE_HAL_DRIVER -DSTM32L476xx -c -I../Core/Inc -I../Drivers/STM32L4xx_HAL_Driver/Inc -I../Drivers/STM32L4xx_HAL_Driver/Inc/Legacy -I../Drivers/CMSIS/Device/ST/STM32L4xx/Include -I../Drivers/CMSIS/Include -I../FATFS/Target -I../FATFS/App -I../Middlewares/Third_Party/FatFs/src -O0 -ffunction-sections -fdata-sections -Wall -fstack-usage -fcyclomatic-complexity -MMD -MP -MF"FATFS/Target/user_diskio.d" -MT"FATFS/Target/user_diskio.o" --specs=nano.specs -mfpu=fpv4-sp-d16 -mfloat-abi=hard -mthumb -o "FATFS/Target/user_diskio.o"
arm-none-eabi-gcc "../FATFS/Target/user_diskio_spi.c" -mcpu=cortex-m4 -std=gnu11 -g3 -DDEBUG -DUSE_HAL_DRIVER -DSTM32L476xx -c -I../Core/Inc -I../Drivers/STM32L4xx_HAL_Driver/Inc -I../Drivers/STM32L4xx_HAL_Driver/Inc/Legacy -I../Drivers/CMSIS/Device/ST/STM32L4xx/Include -I../Drivers/CMSIS/Include -I../FATFS/Target -I../FATFS/App -I../Middlewares/Third_Party/FatFs/src -O0 -ffunction-sections -fdata-sections -Wall -fstack-usage -fcyclomatic-complexity -MMD -MP -MF"FATFS/Target/user_diskio_spi.d" -MT"FATFS/Target/user_diskio_spi.o" --specs=nano.specs -mfpu=fpv4-sp-d16 -mfloat-abi=hard -mthumb -o "FATFS/Target/user_diskio_spi.o"
arm-none-eabi-gcc "../FATFS/App/fatfs.c" -mcpu=cortex-m4 -std=gnu11 -g3 -DDEBUG -DUSE_HAL_DRIVER -DSTM32L476xx -c -I../Core/Inc -I../Drivers/STM32L4xx_HAL_Driver/Inc -I../Drivers/STM32L4xx_HAL_Driver/Inc/Legacy -I../Drivers/CMSIS/Device/ST/STM32L4xx/Include -I../Drivers/CMSIS/Include -I../FATFS/Target -I../FATFS/App -I../Middlewares/Third_Party/FatFs/src -O0 -ffunction-sections -fdata-sections -Wall -fstack-usage -fcyclomatic-complexity -MMD -MP -MF"FATFS/App/fatfs.d" -MT"FATFS/App/fatfs.o" --specs=nano.specs -mfpu=fpv4-sp-d16 -mfloat-abi=hard -mthumb -o "FATFS/App/fatfs.o"
arm-none-eabi-gcc "../Drivers/STM32L4xx_HAL_Driver/Src/stm32l4xx_hal.c" -mcpu=cortex-m4 -std=gnu11 -g3 -DDEBUG -DUSE_HAL_DRIVER -DSTM32L476xx -c -I../Core/Inc -I../Drivers/STM32L4xx_HAL_Driver/Inc -I../Drivers/STM32L4xx_HAL_Driver/Inc/Legacy -I../Drivers/CMSIS/Device/ST/STM32L4xx/Include -I../Drivers/CMSIS/Include -I../FATFS/Target -I../FATFS/App -I../Middlewares/Third_Party/FatFs/src -O0 -ffunction-sections -fdata-sections -Wall -fstack-usage -fcyclomatic-complexity -MMD -MP -MF"Drivers/STM32L4xx_HAL_Driver/Src/stm32l4xx_hal.d" -MT"Drivers/STM32L4xx_HAL_Driver/Src/stm32l4xx_hal.o" --specs=nano.specs -mfpu=fpv4-sp-d16 -mfloat-abi=hard -mthumb -o "Drivers/STM32L4xx_HAL_Driver/Src/stm32l4xx_hal.o"
../FATFS/Target/user_diskio_spi.c: In function 'xmit_spi_multi':
../FATFS/Target/user_diskio_spi.c:135:42: warning: passing argument 2 of 'HAL_SPI_Transmit' discards 'const' qualifier from pointer target type [-Wdiscarded-qualifiers]
  135 |         HAL_SPI_Transmit(&SD_SPI_HANDLE, buff, btx, HAL_MAX_DELAY);
      |                                          ^~~~
In file included from ../Core/Inc/stm32l4xx_hal_conf.h:430,
                 from ../Drivers/STM32L4xx_HAL_Driver/Inc/stm32l4xx_hal.h:29,
                 from ../FATFS/Target/user_diskio_spi.c:27:
../Drivers/STM32L4xx_HAL_Driver/Inc/stm32l4xx_hal_spi.h:792:70: note: expected 'uint8_t *' {aka 'unsigned char *'} but argument is of type 'const BYTE *' {aka 'const unsigned char *'}
  792 | HAL_StatusTypeDef HAL_SPI_Transmit(SPI_HandleTypeDef *hspi, uint8_t *pData, uint16_t Size, uint32_t Timeout);
      |                                                             ~~~~~~~~~^~~~~
arm-none-eabi-gcc "../Drivers/STM32L4xx_HAL_Driver/Src/stm32l4xx_hal_cortex.c" -mcpu=cortex-m4 -std=gnu11 -g3 -DDEBUG -DUSE_HAL_DRIVER -DSTM32L476xx -c -I../Core/Inc -I../Drivers/STM32L4xx_HAL_Driver/Inc -I../Drivers/STM32L4xx_HAL_Driver/Inc/Legacy -I../Drivers/CMSIS/Device/ST/STM32L4xx/Include -I../Drivers/CMSIS/Include -I../FATFS/Target -I../FATFS/App -I../Middlewares/Third_Party/FatFs/src -O0 -ffunction-sections -fdata-sections -Wall -fstack-usage -fcyclomatic-complexity -MMD -MP -MF"Drivers/STM32L4xx_HAL_Driver/Src/stm32l4xx_hal_cortex.d" -MT"Drivers/STM32L4xx_HAL_Driver/Src/stm32l4xx_hal_cortex.o" --specs=nano.specs -mfpu=fpv4-sp-d16 -mfloat-abi=hard -mthumb -o "Drivers/STM32L4xx_HAL_Driver/Src/stm32l4xx_hal_cortex.o"
arm-none-eabi-gcc "../Drivers/STM32L4xx_HAL_Driver/Src/stm32l4xx_hal_dma.c" -mcpu=cortex-m4 -std=gnu11 -g3 -DDEBUG -DUSE_HAL_DRIVER -DSTM32L476xx -c -I../Core/Inc -I../Drivers/STM32L4xx_HAL_Driver/Inc -I../Drivers/STM32L4xx_HAL_Driver/Inc/Legacy -I../Drivers/CMSIS/Device/ST/STM32L4xx/Include -I../Drivers/CMSIS/Include -I../FATFS/Target -I../FATFS/App -I../Middlewares/Third_Party/FatFs/src -O0 -ffunction-sections -fdata-sections -Wall -fstack-usage -fcyclomatic-complexity -MMD -MP -MF"Drivers/STM32L4xx_HAL_Driver/Src/stm32l4xx_hal_dma.d" -MT"Drivers/STM32L4xx_HAL_Driver/Src/stm32l4xx_hal_dma.o" --specs=nano.specs -mfpu=fpv4-sp-d16 -mfloat-abi=hard -mthumb -o "Drivers/STM32L4xx_HAL_Driver/Src/stm32l4xx_hal_dma.o"
arm-none-eabi-gcc "../Drivers/STM32L4xx_HAL_Driver/Src/stm32l4xx_hal_dma_ex.c" -mcpu=cortex-m4 -std=gnu11 -g3 -DDEBUG -DUSE_HAL_DRIVER -DSTM32L476xx -c -I../Core/Inc -I../Drivers/STM32L4xx_HAL_Driver/Inc -I../Drivers/STM32L4xx_HAL_Driver/Inc/Legacy -I../Drivers/CMSIS/Device/ST/STM32L4xx/Include -I../Drivers/CMSIS/Include -I../FATFS/Target -I../FATFS/App -I../Middlewares/Third_Party/FatFs/src -O0 -ffunction-sections -fdata-sections -Wall -fstack-usage -fcyclomatic-complexity -MMD -MP -MF"Drivers/STM32L4xx_HAL_Driver/Src/stm32l4xx_hal_dma_ex.d" -MT"Drivers/STM32L4xx_HAL_Driver/Src/stm32l4xx_hal_dma_ex.o" --specs=nano.specs -mfpu=fpv4-sp-d16 -mfloat-abi=hard -mthumb -o "Drivers/STM32L4xx_HAL_Driver/Src/stm32l4xx_hal_dma_ex.o"
arm-none-eabi-gcc "../Drivers/STM32L4xx_HAL_Driver/Src/stm32l4xx_hal_exti.c" -mcpu=cortex-m4 -std=gnu11 -g3 -DDEBUG -DUSE_HAL_DRIVER -DSTM32L476xx -c -I../Core/Inc -I../Drivers/STM32L4xx_HAL_Driver/Inc -I../Drivers/STM32L4xx_HAL_Driver/Inc/Legacy -I../Drivers/CMSIS/Device/ST/STM32L4xx/Include -I../Drivers/CMSIS/Include -I../FATFS/Target -I../FATFS/App -I../Middlewares/Third_Party/FatFs/src -O0 -ffunction-sections -fdata-sections -Wall -fstack-usage -fcyclomatic-complexity -MMD -MP -MF"Drivers/STM32L4xx_HAL_Driver/Src/stm32l4xx_hal_exti.d" -MT"Drivers/STM32L4xx_HAL_Driver/Src/stm32l4xx_hal_exti.o" --specs=nano.specs -mfpu=fpv4-sp-d16 -mfloat-abi=hard -mthumb -o "Drivers/STM32L4xx_HAL_Driver/Src/stm32l4xx_hal_exti.o"
arm-none-eabi-gcc "../Drivers/STM32L4xx_HAL_Driver/Src/stm32l4xx_hal_flash.c" -mcpu=cortex-m4 -std=gnu11 -g3 -DDEBUG -DUSE_HAL_DRIVER -DSTM32L476xx -c -I../Core/Inc -I../Drivers/STM32L4xx_HAL_Driver/Inc -I../Drivers/STM32L4xx_HAL_Driver/Inc/Legacy -I../Drivers/CMSIS/Device/ST/STM32L4xx/Include -I../Drivers/CMSIS/Include -I../FATFS/Target -I../FATFS/App -I../Middlewares/Third_Party/FatFs/src -O0 -ffunction-sections -fdata-sections -Wall -fstack-usage -fcyclomatic-complexity -MMD -MP -MF"Drivers/STM32L4xx_HAL_Driver/Src/stm32l4xx_hal_flash.d" -MT"Drivers/STM32L4xx_HAL_Driver/Src/stm32l4xx_hal_flash.o" --specs=nano.specs -mfpu=fpv4-sp-d16 -mfloat-abi=hard -mthumb -o "Drivers/STM32L4xx_HAL_Driver/Src/stm32l4xx_hal_flash.o"
arm-none-eabi-gcc "../Drivers/STM32L4xx_HAL_Driver/Src/stm32l4xx_hal_flash_ex.c" -mcpu=cortex-m4 -std=gnu11 -g3 -DDEBUG -DUSE_HAL_DRIVER -DSTM32L476xx -c -I../Core/Inc -I../Drivers/STM32L4xx_HAL_Driver/Inc -I../Drivers/STM32L4xx_HAL_Driver/Inc/Legacy -I../Drivers/CMSIS/Device/ST/STM32L4xx/Include -I../Drivers/CMSIS/Include -I../FATFS/Target -I../FATFS/App -I../Middlewares/Third_Party/FatFs/src -O0 -ffunction-sections -fdata-sections -Wall -fstack-usage -fcyclomatic-complexity -MMD -MP -MF"Drivers/STM32L4xx_HAL_Driver/Src/stm32l4xx_hal_flash_ex.d" -MT"Drivers/STM32L4xx_HAL_Driver/Src/stm32l4xx_hal_flash_ex.o" --specs=nano.specs -mfpu=fpv4-sp-d16 -mfloat-abi=hard -mthumb -o "Drivers/STM32L4xx_HAL_Driver/Src/stm32l4xx_hal_flash_ex.o"
arm-none-eabi-gcc "../Drivers/STM32L4xx_HAL_Driver/Src/stm32l4xx_hal_flash_ramfunc.c" -mcpu=cortex-m4 -std=gnu11 -g3 -DDEBUG -DUSE_HAL_DRIVER -DSTM32L476xx -c -I../Core/Inc -I../Drivers/STM32L4xx_HAL_Driver/Inc -I../Drivers/STM32L4xx_HAL_Driver/Inc/Legacy -I../Drivers/CMSIS/Device/ST/STM32L4xx/Include -I../Drivers/CMSIS/Include -I../FATFS/Target -I../FATFS/App -I../Middlewares/Third_Party/FatFs/src -O0 -ffunction-sections -fdata-sections -Wall -fstack-usage -fcyclomatic-complexity -MMD -MP -MF"Drivers/STM32L4xx_HAL_Driver/Src/stm32l4xx_hal_flash_ramfunc.d" -MT"Drivers/STM32L4xx_HAL_Driver/Src/stm32l4xx_hal_flash_ramfunc.o" --specs=nano.specs -mfpu=fpv4-sp-d16 -mfloat-abi=hard -mthumb -o "Drivers/STM32L4xx_HAL_Driver/Src/stm32l4xx_hal_flash_ramfunc.o"
arm-none-eabi-gcc "../Drivers/STM32L4xx_HAL_Driver/Src/stm32l4xx_hal_gpio.c" -mcpu=cortex-m4 -std=gnu11 -g3 -DDEBUG -DUSE_HAL_DRIVER -DSTM32L476xx -c -I../Core/Inc -I../Drivers/STM32L4xx_HAL_Driver/Inc -I../Drivers/STM32L4xx_HAL_Driver/Inc/Legacy -I../Drivers/CMSIS/Device/ST/STM32L4xx/Include -I../Drivers/CMSIS/Include -I../FATFS/Target -I../FATFS/App -I../Middlewares/Third_Party/FatFs/src -O0 -ffunction-sections -fdata-sections -Wall -fstack-usage -fcyclomatic-complexity -MMD -MP -MF"Drivers/STM32L4xx_HAL_Driver/Src/stm32l4xx_hal_gpio.d" -MT"Drivers/STM32L4xx_HAL_Driver/Src/stm32l4xx_hal_gpio.o" --specs=nano.specs -mfpu=fpv4-sp-d16 -mfloat-abi=hard -mthumb -o "Drivers/STM32L4xx_HAL_Driver/Src/stm32l4xx_hal_gpio.o"
arm-none-eabi-gcc "../Drivers/STM32L4xx_HAL_Driver/Src/stm32l4xx_hal_i2c.c" -mcpu=cortex-m4 -std=gnu11 -g3 -DDEBUG -DUSE_HAL_DRIVER -DSTM32L476xx -c -I../Core/Inc -I../Drivers/STM32L4xx_HAL_Driver/Inc -I../Drivers/STM32L4xx_HAL_Driver/Inc/Legacy -I../Drivers/CMSIS/Device/ST/STM32L4xx/Include -I../Drivers/CMSIS/Include -I../FATFS/Target -I../FATFS/App -I../Middlewares/Third_Party/FatFs/src -O0 -ffunction-sections -fdata-sections -Wall -fstack-usage -fcyclomatic-complexity -MMD -MP -MF"Drivers/STM32L4xx_HAL_Driver/Src/stm32l4xx_hal_i2c.d" -MT"Drivers/STM32L4xx_HAL_Driver/Src/stm32l4xx_hal_i2c.o" --specs=nano.specs -mfpu=fpv4-sp-d16 -mfloat-abi=hard -mthumb -o "Drivers/STM32L4xx_HAL_Driver/Src/stm32l4xx_hal_i2c.o"
arm-none-eabi-gcc "../Drivers/STM32L4xx_HAL_Driver/Src/stm32l4xx_hal_i2c_ex.c" -mcpu=cortex-m4 -std=gnu11 -g3 -DDEBUG -DUSE_HAL_DRIVER -DSTM32L476xx -c -I../Core/Inc -I../Drivers/STM32L4xx_HAL_Driver/Inc -I../Drivers/STM32L4xx_HAL_Driver/Inc/Legacy -I../Drivers/CMSIS/Device/ST/STM32L4xx/Include -I../Drivers/CMSIS/Include -I../FATFS/Target -I../FATFS/App -I../Middlewares/Third_Party/FatFs/src -O0 -ffunction-sections -fdata-sections -Wall -fstack-usage -fcyclomatic-complexity -MMD -MP -MF"Drivers/STM32L4xx_HAL_Driver/Src/stm32l4xx_hal_i2c_ex.d" -MT"Drivers/STM32L4xx_HAL_Driver/Src/stm32l4xx_hal_i2c_ex.o" --specs=nano.specs -mfpu=fpv4-sp-d16 -mfloat-abi=hard -mthumb -o "Drivers/STM32L4xx_HAL_Driver/Src/stm32l4xx_hal_i2c_ex.o"
arm-none-eabi-gcc "../Drivers/STM32L4xx_HAL_Driver/Src/stm32l4xx_hal_pwr.c" -mcpu=cortex-m4 -std=gnu11 -g3 -DDEBUG -DUSE_HAL_DRIVER -DSTM32L476xx -c -I../Core/Inc -I../Drivers/STM32L4xx_HAL_Driver/Inc -I../Drivers/STM32L4xx_HAL_Driver/Inc/Legacy -I../Drivers/CMSIS/Device/ST/STM32L4xx/Include -I../Drivers/CMSIS/Include -I../FATFS/Target -I../FATFS/App -I../Middlewares/Third_Party/FatFs/src -O0 -ffunction-sections -fdata-sections -Wall -fstack-usage -fcyclomatic-complexity -MMD -MP -MF"Drivers/STM32L4xx_HAL_Driver/Src/stm32l4xx_hal_pwr.d" -MT"Drivers/STM32L4xx_HAL_Driver/Src/stm32l4xx_hal_pwr.o" --specs=nano.specs -mfpu=fpv4-sp-d16 -mfloat-abi=hard -mthumb -o "Drivers/STM32L4xx_HAL_Driver/Src/stm32l4xx_hal_pwr.o"
arm-none-eabi-gcc "../Drivers/STM32L4xx_HAL_Driver/Src/stm32l4xx_hal_pwr_ex.c" -mcpu=cortex-m4 -std=gnu11 -g3 -DDEBUG -DUSE_HAL_DRIVER -DSTM32L476xx -c -I../Core/Inc -I../Drivers/STM32L4xx_HAL_Driver/Inc -I../Drivers/STM32L4xx_HAL_Driver/Inc/Legacy -I../Drivers/CMSIS/Device/ST/STM32L4xx/Include -I../Drivers/CMSIS/Include -I../FATFS/Target -I../FATFS/App -I../Middlewares/Third_Party/FatFs/src -O0 -ffunction-sections -fdata-sections -Wall -fstack-usage -fcyclomatic-complexity -MMD -MP -MF"Drivers/STM32L4xx_HAL_Driver/Src/stm32l4xx_hal_pwr_ex.d" -MT"Drivers/STM32L4xx_HAL_Driver/Src/stm32l4xx_hal_pwr_ex.o" --specs=nano.specs -mfpu=fpv4-sp-d16 -mfloat-abi=hard -mthumb -o "Drivers/STM32L4xx_HAL_Driver/Src/stm32l4xx_hal_pwr_ex.o"
arm-none-eabi-gcc "../Drivers/STM32L4xx_HAL_Driver/Src/stm32l4xx_hal_rcc.c" -mcpu=cortex-m4 -std=gnu11 -g3 -DDEBUG -DUSE_HAL_DRIVER -DSTM32L476xx -c -I../Core/Inc -I../Drivers/STM32L4xx_HAL_Driver/Inc -I../Drivers/STM32L4xx_HAL_Driver/Inc/Legacy -I../Drivers/CMSIS/Device/ST/STM32L4xx/Include -I../Drivers/CMSIS/Include -I../FATFS/Target -I../FATFS/App -I../Middlewares/Third_Party/FatFs/src -O0 -ffunction-sections -fdata-sections -Wall -fstack-usage -fcyclomatic-complexity -MMD -MP -MF"Drivers/STM32L4xx_HAL_Driver/Src/stm32l4xx_hal_rcc.d" -MT"Drivers/STM32L4xx_HAL_Driver/Src/stm32l4xx_hal_rcc.o" --specs=nano.specs -mfpu=fpv4-sp-d16 -mfloat-abi=hard -mthumb -o "Drivers/STM32L4xx_HAL_Driver/Src/stm32l4xx_hal_rcc.o"
arm-none-eabi-gcc "../Drivers/STM32L4xx_HAL_Driver/Src/stm32l4xx_hal_rcc_ex.c" -mcpu=cortex-m4 -std=gnu11 -g3 -DDEBUG -DUSE_HAL_DRIVER -DSTM32L476xx -c -I../Core/Inc -I../Drivers/STM32L4xx_HAL_Driver/Inc -I../Drivers/STM32L4xx_HAL_Driver/Inc/Legacy -I../Drivers/CMSIS/Device/ST/STM32L4xx/Include -I../Drivers/CMSIS/Include -I../FATFS/Target -I../FATFS/App -I../Middlewares/Third_Party/FatFs/src -O0 -ffunction-sections -fdata-sections -Wall -fstack-usage -fcyclomatic-complexity -MMD -MP -MF"Drivers/STM32L4xx_HAL_Driver/Src/stm32l4xx_hal_rcc_ex.d" -MT"Drivers/STM32L4xx_HAL_Driver/Src/stm32l4xx_hal_rcc_ex.o" --specs=nano.specs -mfpu=fpv4-sp-d16 -mfloat-abi=hard -mthumb -o "Drivers/STM32L4xx_HAL_Driver/Src/stm32l4xx_hal_rcc_ex.o"
arm-none-eabi-gcc "../Drivers/STM32L4xx_HAL_Driver/Src/stm32l4xx_hal_rng.c" -mcpu=cortex-m4 -std=gnu11 -g3 -DDEBUG -DUSE_HAL_DRIVER -DSTM32L476xx -c -I../Core/Inc -I../Drivers/STM32L4xx_HAL_Driver/Inc -I../Drivers/STM32L4xx_HAL_Driver/Inc/Legacy -I../Drivers/CMSIS/Device/ST/STM32L4xx/Include -I../Drivers/CMSIS/Include -I../FATFS/Target -I../FATFS/App -I../Middlewares/Third_Party/FatFs/src -O0 -ffunction-sections -fdata-sections -Wall -fstack-usage -fcyclomatic-complexity -MMD -MP -MF"Drivers/STM32L4xx_HAL_Driver/Src/stm32l4xx_hal_rng.d" -MT"Drivers/STM32L4xx_HAL_Driver/Src/stm32l4xx_hal_rng.o" --specs=nano.specs -mfpu=fpv4-sp-d16 -mfloat-abi=hard -mthumb -o "Drivers/STM32L4xx_HAL_Driver/Src/stm32l4xx_hal_rng.o"
arm-none-eabi-gcc "../Drivers/STM32L4xx_HAL_Driver/Src/stm32l4xx_hal_spi.c" -mcpu=cortex-m4 -std=gnu11 -g3 -DDEBUG -DUSE_HAL_DRIVER -DSTM32L476xx -c -I../Core/Inc -I../Drivers/STM32L4xx_HAL_Driver/Inc -I../Drivers/STM32L4xx_HAL_Driver/Inc/Legacy -I../Drivers/CMSIS/Device/ST/STM32L4xx/Include -I../Drivers/CMSIS/Include -I../FATFS/Target -I../FATFS/App -I../Middlewares/Third_Party/FatFs/src -O0 -ffunction-sections -fdata-sections -Wall -fstack-usage -fcyclomatic-complexity -MMD -MP -MF"Drivers/STM32L4xx_HAL_Driver/Src/stm32l4xx_hal_spi.d" -MT"Drivers/STM32L4xx_HAL_Driver/Src/stm32l4xx_hal_spi.o" --specs=nano.specs -mfpu=fpv4-sp-d16 -mfloat-abi=hard -mthumb -o "Drivers/STM32L4xx_HAL_Driver/Src/stm32l4xx_hal_spi.o"
arm-none-eabi-gcc "../Drivers/STM32L4xx_HAL_Driver/Src/stm32l4xx_hal_spi_ex.c" -mcpu=cortex-m4 -std=gnu11 -g3 -DDEBUG -DUSE_HAL_DRIVER -DSTM32L476xx -c -I../Core/Inc -I../Drivers/STM32L4xx_HAL_Driver/Inc -I../Drivers/STM32L4xx_HAL_Driver/Inc/Legacy -I../Drivers/CMSIS/Device/ST/STM32L4xx/Include -I../Drivers/CMSIS/Include -I../FATFS/Target -I../FATFS/App -I../Middlewares/Third_Party/FatFs/src -O0 -ffunction-sections -fdata-sections -Wall -fstack-usage -fcyclomatic-complexity -MMD -MP -MF"Drivers/STM32L4xx_HAL_Driver/Src/stm32l4xx_hal_spi_ex.d" -MT"Drivers/STM32L4xx_HAL_Driver/Src/stm32l4xx_hal_spi_ex.o" --specs=nano.specs -mfpu=fpv4-sp-d16 -mfloat-abi=hard -mthumb -o "Drivers/STM32L4xx_HAL_Driver/Src/stm32l4xx_hal_spi_ex.o"
arm-none-eabi-gcc "../Drivers/STM32L4xx_HAL_Driver/Src/stm32l4xx_hal_tim.c" -mcpu=cortex-m4 -std=gnu11 -g3 -DDEBUG -DUSE_HAL_DRIVER -DSTM32L476xx -c -I../Core/Inc -I../Drivers/STM32L4xx_HAL_Driver/Inc -I../Drivers/STM32L4xx_HAL_Driver/Inc/Legacy -I../Drivers/CMSIS/Device/ST/STM32L4xx/Include -I../Drivers/CMSIS/Include -I../FATFS/Target -I../FATFS/App -I../Middlewares/Third_Party/FatFs/src -O0 -ffunction-sections -fdata-sections -Wall -fstack-usage -fcyclomatic-complexity -MMD -MP -MF"Drivers/STM32L4xx_HAL_Driver/Src/stm32l4xx_hal_tim.d" -MT"Drivers/STM32L4xx_HAL_Driver/Src/stm32l4xx_hal_tim.o" --specs=nano.specs -mfpu=fpv4-sp-d16 -mfloat-abi=hard -mthumb -o "Drivers/STM32L4xx_HAL_Driver/Src/stm32l4xx_hal_tim.o"
arm-none-eabi-gcc "../Drivers/STM32L4xx_HAL_Driver/Src/stm32l4xx_hal_tim_ex.c" -mcpu=cortex-m4 -std=gnu11 -g3 -DDEBUG -DUSE_HAL_DRIVER -DSTM32L476xx -c -I../Core/Inc -I../Drivers/STM32L4xx_HAL_Driver/Inc -I../Drivers/STM32L4xx_HAL_Driver/Inc/Legacy -I../Drivers/CMSIS/Device/ST/STM32L4xx/Include -I../Drivers/CMSIS/Include -I../FATFS/Target -I../FATFS/App -I../Middlewares/Third_Party/FatFs/src -O0 -ffunction-sections -fdata-sections -Wall -fstack-usage -fcyclomatic-complexity -MMD -MP -MF"Drivers/STM32L4xx_HAL_Driver/Src/stm32l4xx_hal_tim_ex.d" -MT"Drivers/STM32L4xx_HAL_Driver/Src/stm32l4xx_hal_tim_ex.o" --specs=nano.specs -mfpu=fpv4-sp-d16 -mfloat-abi=hard -mthumb -o "Drivers/STM32L4xx_HAL_Driver/Src/stm32l4xx_hal_tim_ex.o"
arm-none-eabi-gcc "../Drivers/STM32L4xx_HAL_Driver/Src/stm32l4xx_hal_uart.c" -mcpu=cortex-m4 -std=gnu11 -g3 -DDEBUG -DUSE_HAL_DRIVER -DSTM32L476xx -c -I../Core/Inc -I../Drivers/STM32L4xx_HAL_Driver/Inc -I../Drivers/STM32L4xx_HAL_Driver/Inc/Legacy -I../Drivers/CMSIS/Device/ST/STM32L4xx/Include -I../Drivers/CMSIS/Include -I../FATFS/Target -I../FATFS/App -I../Middlewares/Third_Party/FatFs/src -O0 -ffunction-sections -fdata-sections -Wall -fstack-usage -fcyclomatic-complexity -MMD -MP -MF"Drivers/STM32L4xx_HAL_Driver/Src/stm32l4xx_hal_uart.d" -MT"Drivers/STM32L4xx_HAL_Driver/Src/stm32l4xx_hal_uart.o" --specs=nano.specs -mfpu=fpv4-sp-d16 -mfloat-abi=hard -mthumb -o "Drivers/STM32L4xx_HAL_Driver/Src/stm32l4xx_hal_uart.o"
arm-none-eabi-gcc "../Drivers/STM32L4xx_HAL_Driver/Src/stm32l4xx_hal_uart_ex.c" -mcpu=cortex-m4 -std=gnu11 -g3 -DDEBUG -DUSE_HAL_DRIVER -DSTM32L476xx -c -I../Core/Inc -I../Drivers/STM32L4xx_HAL_Driver/Inc -I../Drivers/STM32L4xx_HAL_Driver/Inc/Legacy -I../Drivers/CMSIS/Device/ST/STM32L4xx/Include -I../Drivers/CMSIS/Include -I../FATFS/Target -I../FATFS/App -I../Middlewares/Third_Party/FatFs/src -O0 -ffunction-sections -fdata-sections -Wall -fstack-usage -fcyclomatic-complexity -MMD -MP -MF"Drivers/STM32L4xx_HAL_Driver/Src/stm32l4xx_hal_uart_ex.d" -MT"Drivers/STM32L4xx_HAL_Driver/Src/stm32l4xx_hal_uart_ex.o" --specs=nano.specs -mfpu=fpv4-sp-d16 -mfloat-abi=hard -mthumb -o "Drivers/STM32L4xx_HAL_Driver/Src/stm32l4xx_hal_uart_ex.o"
arm-none-eabi-gcc -mcpu=cortex-m4 -g3 -DDEBUG -c -x assembler-with-cpp -MMD -MP -MF"Core/Startup/startup_stm32l476rgtx.d" -MT"Core/Startup/startup_stm32l476rgtx.o" --specs=nano.specs -mfpu=fpv4-sp-d16 -mfloat-abi=hard -mthumb -o "Core/Startup/startup_stm32l476rgtx.o" "../Core/Startup/startup_stm32l476rgtx.s"
arm-none-eabi-gcc "../Core/Src/ArducamController.c" -mcpu=cortex-m4 -std=gnu11 -g3 -DDEBUG -DUSE_HAL_DRIVER -DSTM32L476xx -c -I../Core/Inc -I../Drivers/STM32L4xx_HAL_Driver/Inc -I../Drivers/STM32L4xx_HAL_Driver/Inc/Legacy -I../Drivers/CMSIS/Device/ST/STM32L4xx/Include -I../Drivers/CMSIS/Include -I../FATFS/Target -I../FATFS/App -I../Middlewares/Third_Party/FatFs/src -O0 -ffunction-sections -fdata-sections -Wall -fstack-usage -fcyclomatic-complexity -MMD -MP -MF"Core/Src/ArducamController.d" -MT"Core/Src/ArducamController.o" --specs=nano.specs -mfpu=fpv4-sp-d16 -mfloat-abi=hard -mthumb -o "Core/Src/ArducamController.o"
arm-none-eabi-gcc "../Core/Src/SDController.c" -mcpu=cortex-m4 -std=gnu11 -g3 -DDEBUG -DUSE_HAL_DRIVER -DSTM32L476xx -c -I../Core/Inc -I../Drivers/STM32L4xx_HAL_Driver/Inc -I../Drivers/STM32L4xx_HAL_Driver/Inc/Legacy -I../Drivers/CMSIS/Device/ST/STM32L4xx/Include -I../Drivers/CMSIS/Include -I../FATFS/Target -I../FATFS/App -I../Middlewares/Third_Party/FatFs/src -O0 -ffunction-sections -fdata-sections -Wall -fstack-usage -fcyclomatic-complexity -MMD -MP -MF"Core/Src/SDController.d" -MT"Core/Src/SDController.o" --specs=nano.specs -mfpu=fpv4-sp-d16 -mfloat-abi=hard -mthumb -o "Core/Src/SDController.o"
arm-none-eabi-gcc "../Core/Src/ServoController.c" -mcpu=cortex-m4 -std=gnu11 -g3 -DDEBUG -DUSE_HAL_DRIVER -DSTM32L476xx -c -I../Core/Inc -I../Drivers/STM32L4xx_HAL_Driver/Inc -I../Drivers/STM32L4xx_HAL_Driver/Inc/Legacy -I../Drivers/CMSIS/Device/ST/STM32L4xx/Include -I../Drivers/CMSIS/Include -I../FATFS/Target -I../FATFS/App -I../Middlewares/Third_Party/FatFs/src -O0 -ffunction-sections -fdata-sections -Wall -fstack-usage -fcyclomatic-complexity -MMD -MP -MF"Core/Src/ServoController.d" -MT"Core/Src/ServoController.o" --specs=nano.specs -mfpu=fpv4-sp-d16 -mfloat-abi=hard -mthumb -o "Core/Src/ServoController.o"
arm-none-eabi-gcc "../Core/Src/WiFiController.c" -mcpu=cortex-m4 -std=gnu11 -g3 -DDEBUG -DUSE_HAL_DRIVER -DSTM32L476xx -c -I../Core/Inc -I../Drivers/STM32L4xx_HAL_Driver/Inc -I../Drivers/STM32L4xx_HAL_Driver/Inc/Legacy -I../Drivers/CMSIS/Device/ST/STM32L4xx/Include -I../Drivers/CMSIS/Include -I../FATFS/Target -I../FATFS/App -I../Middlewares/Third_Party/FatFs/src -O0 -ffunction-sections -fdata-sections -Wall -fstack-usage -fcyclomatic-complexity -MMD -MP -MF"Core/Src/WiFiController.d" -MT"Core/Src/WiFiController.o" --specs=nano.specs -mfpu=fpv4-sp-d16 -mfloat-abi=hard -mthumb -o "Core/Src/WiFiController.o"
arm-none-eabi-gcc "../Core/Src/helpers.c" -mcpu=cortex-m4 -std=gnu11 -g3 -DDEBUG -DUSE_HAL_DRIVER -DSTM32L476xx -c -I../Core/Inc -I../Drivers/STM32L4xx_HAL_Driver/Inc -I../Drivers/STM32L4xx_HAL_Driver/Inc/Legacy -I../Drivers/CMSIS/Device/ST/STM32L4xx/Include -I../Drivers/CMSIS/Include -I../FATFS/Target -I../FATFS/App -I../Middlewares/Third_Party/FatFs/src -O0 -ffunction-sections -fdata-sections -Wall -fstack-usage -fcyclomatic-complexity -MMD -MP -MF"Core/Src/helpers.d" -MT"Core/Src/helpers.o" --specs=nano.specs -mfpu=fpv4-sp-d16 -mfloat-abi=hard -mthumb -o "Core/Src/helpers.o"
arm-none-eabi-gcc "../Core/Src/main.c" -mcpu=cortex-m4 -std=gnu11 -g3 -DDEBUG -DUSE_HAL_DRIVER -DSTM32L476xx -c -I../Core/Inc -I../Drivers/STM32L4xx_HAL_Driver/Inc -I../Drivers/STM32L4xx_HAL_Driver/Inc/Legacy -I../Drivers/CMSIS/Device/ST/STM32L4xx/Include -I../Drivers/CMSIS/Include -I../FATFS/Target -I../FATFS/App -I../Middlewares/Third_Party/FatFs/src -O0 -ffunction-sections -fdata-sections -Wall -fstack-usage -fcyclomatic-complexity -MMD -MP -MF"Core/Src/main.d" -MT"Core/Src/main.o" --specs=nano.specs -mfpu=fpv4-sp-d16 -mfloat-abi=hard -mthumb -o "Core/Src/main.o"
arm-none-eabi-gcc "../Core/Src/stm32l4xx_hal_msp.c" -mcpu=cortex-m4 -std=gnu11 -g3 -DDEBUG -DUSE_HAL_DRIVER -DSTM32L476xx -c -I../Core/Inc -I../Drivers/STM32L4xx_HAL_Driver/Inc -I../Drivers/STM32L4xx_HAL_Driver/Inc/Legacy -I../Drivers/CMSIS/Device/ST/STM32L4xx/Include -I../Drivers/CMSIS/Include -I../FATFS/Target -I../FATFS/App -I../Middlewares/Third_Party/FatFs/src -O0 -ffunction-sections -fdata-sections -Wall -fstack-usage -fcyclomatic-complexity -MMD -MP -MF"Core/Src/stm32l4xx_hal_msp.d" -MT"Core/Src/stm32l4xx_hal_msp.o" --specs=nano.specs -mfpu=fpv4-sp-d16 -mfloat-abi=hard -mthumb -o "Core/Src/stm32l4xx_hal_msp.o"
arm-none-eabi-gcc "../Core/Src/stm32l4xx_it.c" -mcpu=cortex-m4 -std=gnu11 -g3 -DDEBUG -DUSE_HAL_DRIVER -DSTM32L476xx -c -I../Core/Inc -I../Drivers/STM32L4xx_HAL_Driver/Inc -I../Drivers/STM32L4xx_HAL_Driver/Inc/Legacy -I../Drivers/CMSIS/Device/ST/STM32L4xx/Include -I../Drivers/CMSIS/Include -I../FATFS/Target -I../FATFS/App -I../Middlewares/Third_Party/FatFs/src -O0 -ffunction-sections -fdata-sections -Wall -fstack-usage -fcyclomatic-complexity -MMD -MP -MF"Core/Src/stm32l4xx_it.d" -MT"Core/Src/stm32l4xx_it.o" --specs=nano.specs -mfpu=fpv4-sp-d16 -mfloat-abi=hard -mthumb -o "Core/Src/stm32l4xx_it.o"
arm-none-eabi-gcc "../Core/Src/syscalls.c" -mcpu=cortex-m4 -std=gnu11 -g3 -DDEBUG -DUSE_HAL_DRIVER -DSTM32L476xx -c -I../Core/Inc -I../Drivers/STM32L4xx_HAL_Driver/Inc -I../Drivers/STM32L4xx_HAL_Driver/Inc/Legacy -I../Drivers/CMSIS/Device/ST/STM32L4xx/Include -I../Drivers/CMSIS/Include -I../FATFS/Target -I../FATFS/App -I../Middlewares/Third_Party/FatFs/src -O0 -ffunction-sections -fdata-sections -Wall -fstack-usage -fcyclomatic-complexity -MMD -MP -MF"Core/Src/syscalls.d" -MT"Core/Src/syscalls.o" --specs=nano.specs -mfpu=fpv4-sp-d16 -mfloat-abi=hard -mthumb -o "Core/Src/syscalls.o"
arm-none-eabi-gcc "../Core/Src/sysmem.c" -mcpu=cortex-m4 -std=gnu11 -g3 -DDEBUG -DUSE_HAL_DRIVER -DSTM32L476xx -c -I../Core/Inc -I../Drivers/STM32L4xx_HAL_Driver/Inc -I../Drivers/STM32L4xx_HAL_Driver/Inc/Legacy -I../Drivers/CMSIS/Device/ST/STM32L4xx/Include -I../Drivers/CMSIS/Include -I../FATFS/Target -I../FATFS/App -I../Middlewares/Third_Party/FatFs/src -O0 -ffunction-sections -fdata-sections -Wall -fstack-usage -fcyclomatic-complexity -MMD -MP -MF"Core/Src/sysmem.d" -MT"Core/Src/sysmem.o" --specs=nano.specs -mfpu=fpv4-sp-d16 -mfloat-abi=hard -mthumb -o "Core/Src/sysmem.o"
arm-none-eabi-gcc "../Core/Src/system_stm32l4xx.c" -mcpu=cortex-m4 -std=gnu11 -g3 -DDEBUG -DUSE_HAL_DRIVER -DSTM32L476xx -c -I../Core/Inc -I../Drivers/STM32L4xx_HAL_Driver/Inc -I../Drivers/STM32L4xx_HAL_Driver/Inc/Legacy -I../Drivers/CMSIS/Device/ST/STM32L4xx/Include -I../Drivers/CMSIS/Include -I../FATFS/Target -I../FATFS/App -I../Middlewares/Third_Party/FatFs/src -O0 -ffunction-sections -fdata-sections -Wall -fstack-usage -fcyclomatic-complexity -MMD -MP -MF"Core/Src/system_stm32l4xx.d" -MT"Core/Src/system_stm32l4xx.o" --specs=nano.specs -mfpu=fpv4-sp-d16 -mfloat-abi=hard -mthumb -o "Core/Src/system_stm32l4xx.o"
arm-none-eabi-gcc -o "MagiciansAssistant.elf" @"objects.list"   -mcpu=cortex-m4 -T"D:\School\ENEE408A\Programming\STM32\STM32L476RGTX_FLASH.ld" -Wl,-Map="MagiciansAssistant.map" -Wl,--gc-sections -static --specs=nano.specs -mfpu=fpv4-sp-d16 -mfloat-abi=hard -mthumb -Wl,--start-group -lc -lm -Wl,--end-group
Finished building target: MagiciansAssistant.elf
 
arm-none-eabi-size  MagiciansAssistant.elf 
arm-none-eabi-objdump -h -S MagiciansAssistant.elf  > "MagiciansAssistant.list"
   text	   data	    bss	    dec	    hex	filename
  34512	    136	   2672	  37320	   91c8	MagiciansAssistant.elf
Finished building: default.size.stdout
 
Finished building: MagiciansAssistant.list
 
20:56:12 **** Incremental Build of configuration Debug for project MagiciansAssistant ****
make -j4 all 
arm-none-eabi-gcc "../Core/Src/SDController.c" -mcpu=cortex-m4 -std=gnu11 -g3 -DDEBUG -DUSE_HAL_DRIVER -DSTM32L476xx -c -I../Core/Inc -I../Drivers/STM32L4xx_HAL_Driver/Inc -I../Drivers/STM32L4xx_HAL_Driver/Inc/Legacy -I../Drivers/CMSIS/Device/ST/STM32L4xx/Include -I../Drivers/CMSIS/Include -I../FATFS/Target -I../FATFS/App -I../Middlewares/Third_Party/FatFs/src -O0 -ffunction-sections -fdata-sections -Wall -fstack-usage -fcyclomatic-complexity -MMD -MP -MF"Core/Src/SDController.d" -MT"Core/Src/SDController.o" --specs=nano.specs -mfpu=fpv4-sp-d16 -mfloat-abi=hard -mthumb -o "Core/Src/SDController.o"
../Core/Src/SDController.c: In function 'readFile':
../Core/Src/SDController.c:94:25: warning: passing argument 2 of 'openFile' discards 'const' qualifier from pointer target type [-Wdiscarded-qualifiers]
   94 |         openFile(pCtrl, (const char*) filename, FA_READ);
      |                         ^~~~~~~~~~~~~~~~~~~~~~
../Core/Src/SDController.c:79:55: note: expected 'char *' but argument is of type 'const char *'
   79 | HAL_StatusTypeDef openFile(SDController* pCtrl, char* filename, BYTE perms){
      |                                                 ~~~~~~^~~~~~~~
arm-none-eabi-gcc -o "MagiciansAssistant.elf" @"objects.list"   -mcpu=cortex-m4 -T"D:\School\ENEE408A\Programming\STM32\STM32L476RGTX_FLASH.ld" -Wl,-Map="MagiciansAssistant.map" -Wl,--gc-sections -static --specs=nano.specs -mfpu=fpv4-sp-d16 -mfloat-abi=hard -mthumb -Wl,--start-group -lc -lm -Wl,--end-group
Finished building target: MagiciansAssistant.elf
 
arm-none-eabi-size  MagiciansAssistant.elf 
arm-none-eabi-objdump -h -S MagiciansAssistant.elf  > "MagiciansAssistant.list"
   text	   data	    bss	    dec	    hex	filename
  34512	    136	   2672	  37320	   91c8	MagiciansAssistant.elf
Finished building: default.size.stdout
 
Finished building: MagiciansAssistant.list
 
20:57:13 **** Incremental Build of configuration Debug for project MagiciansAssistant ****
make -j4 all 
arm-none-eabi-gcc "../Core/Src/SDController.c" -mcpu=cortex-m4 -std=gnu11 -g3 -DDEBUG -DUSE_HAL_DRIVER -DSTM32L476xx -c -I../Core/Inc -I../Drivers/STM32L4xx_HAL_Driver/Inc -I../Drivers/STM32L4xx_HAL_Driver/Inc/Legacy -I../Drivers/CMSIS/Device/ST/STM32L4xx/Include -I../Drivers/CMSIS/Include -I../FATFS/Target -I../FATFS/App -I../Middlewares/Third_Party/FatFs/src -O0 -ffunction-sections -fdata-sections -Wall -fstack-usage -fcyclomatic-complexity -MMD -MP -MF"Core/Src/SDController.d" -MT"Core/Src/SDController.o" --specs=nano.specs -mfpu=fpv4-sp-d16 -mfloat-abi=hard -mthumb -o "Core/Src/SDController.o"
arm-none-eabi-gcc -o "MagiciansAssistant.elf" @"objects.list"   -mcpu=cortex-m4 -T"D:\School\ENEE408A\Programming\STM32\STM32L476RGTX_FLASH.ld" -Wl,-Map="MagiciansAssistant.map" -Wl,--gc-sections -static --specs=nano.specs -mfpu=fpv4-sp-d16 -mfloat-abi=hard -mthumb -Wl,--start-group -lc -lm -Wl,--end-group
Finished building target: MagiciansAssistant.elf
 
arm-none-eabi-size  MagiciansAssistant.elf 
arm-none-eabi-objdump -h -S MagiciansAssistant.elf  > "MagiciansAssistant.list"
   text	   data	    bss	    dec	    hex	filename
  34512	    136	   2672	  37320	   91c8	MagiciansAssistant.elf
Finished building: default.size.stdout
 
Finished building: MagiciansAssistant.list
 
20:57:27 **** Incremental Build of configuration Debug for project MagiciansAssistant ****
make -j4 all 
arm-none-eabi-size  MagiciansAssistant.elf 
   text	   data	    bss	    dec	    hex	filename
  34512	    136	   2672	  37320	   91c8	MagiciansAssistant.elf
Finished building: default.size.stdout
 
20:59:22 **** Incremental Build of configuration Debug for project MagiciansAssistant ****
make -j4 all 
arm-none-eabi-gcc "../Core/Src/ServoController.c" -mcpu=cortex-m4 -std=gnu11 -g3 -DDEBUG -DUSE_HAL_DRIVER -DSTM32L476xx -c -I../Core/Inc -I../Drivers/STM32L4xx_HAL_Driver/Inc -I../Drivers/STM32L4xx_HAL_Driver/Inc/Legacy -I../Drivers/CMSIS/Device/ST/STM32L4xx/Include -I../Drivers/CMSIS/Include -I../FATFS/Target -I../FATFS/App -I../Middlewares/Third_Party/FatFs/src -O0 -ffunction-sections -fdata-sections -Wall -fstack-usage -fcyclomatic-complexity -MMD -MP -MF"Core/Src/ServoController.d" -MT"Core/Src/ServoController.o" --specs=nano.specs -mfpu=fpv4-sp-d16 -mfloat-abi=hard -mthumb -o "Core/Src/ServoController.o"
arm-none-eabi-gcc "../Core/Src/main.c" -mcpu=cortex-m4 -std=gnu11 -g3 -DDEBUG -DUSE_HAL_DRIVER -DSTM32L476xx -c -I../Core/Inc -I../Drivers/STM32L4xx_HAL_Driver/Inc -I../Drivers/STM32L4xx_HAL_Driver/Inc/Legacy -I../Drivers/CMSIS/Device/ST/STM32L4xx/Include -I../Drivers/CMSIS/Include -I../FATFS/Target -I../FATFS/App -I../Middlewares/Third_Party/FatFs/src -O0 -ffunction-sections -fdata-sections -Wall -fstack-usage -fcyclomatic-complexity -MMD -MP -MF"Core/Src/main.d" -MT"Core/Src/main.o" --specs=nano.specs -mfpu=fpv4-sp-d16 -mfloat-abi=hard -mthumb -o "Core/Src/main.o"
arm-none-eabi-gcc -o "MagiciansAssistant.elf" @"objects.list"   -mcpu=cortex-m4 -T"D:\School\ENEE408A\Programming\STM32\STM32L476RGTX_FLASH.ld" -Wl,-Map="MagiciansAssistant.map" -Wl,--gc-sections -static --specs=nano.specs -mfpu=fpv4-sp-d16 -mfloat-abi=hard -mthumb -Wl,--start-group -lc -lm -Wl,--end-group
Finished building target: MagiciansAssistant.elf
 
arm-none-eabi-size  MagiciansAssistant.elf 
arm-none-eabi-objdump -h -S MagiciansAssistant.elf  > "MagiciansAssistant.list"
   text	   data	    bss	    dec	    hex	filename
  34448	    136	   2672	  37256	   9188	MagiciansAssistant.elf
Finished building: default.size.stdout
 
Finished building: MagiciansAssistant.list
 
21:00:34 **** Incremental Build of configuration Debug for project MagiciansAssistant ****
make -j4 all 
arm-none-eabi-size  MagiciansAssistant.elf 
   text	   data	    bss	    dec	    hex	filename
  34448	    136	   2672	  37256	   9188	MagiciansAssistant.elf
Finished building: default.size.stdout
 
21:13:53 **** Incremental Build of configuration Debug for project MagiciansAssistant ****
make -j4 all 
arm-none-eabi-gcc "../Core/Src/ServoController.c" -mcpu=cortex-m4 -std=gnu11 -g3 -DDEBUG -DUSE_HAL_DRIVER -DSTM32L476xx -c -I../Core/Inc -I../Drivers/STM32L4xx_HAL_Driver/Inc -I../Drivers/STM32L4xx_HAL_Driver/Inc/Legacy -I../Drivers/CMSIS/Device/ST/STM32L4xx/Include -I../Drivers/CMSIS/Include -I../FATFS/Target -I../FATFS/App -I../Middlewares/Third_Party/FatFs/src -O0 -ffunction-sections -fdata-sections -Wall -fstack-usage -fcyclomatic-complexity -MMD -MP -MF"Core/Src/ServoController.d" -MT"Core/Src/ServoController.o" --specs=nano.specs -mfpu=fpv4-sp-d16 -mfloat-abi=hard -mthumb -o "Core/Src/ServoController.o"
arm-none-eabi-gcc "../Core/Src/main.c" -mcpu=cortex-m4 -std=gnu11 -g3 -DDEBUG -DUSE_HAL_DRIVER -DSTM32L476xx -c -I../Core/Inc -I../Drivers/STM32L4xx_HAL_Driver/Inc -I../Drivers/STM32L4xx_HAL_Driver/Inc/Legacy -I../Drivers/CMSIS/Device/ST/STM32L4xx/Include -I../Drivers/CMSIS/Include -I../FATFS/Target -I../FATFS/App -I../Middlewares/Third_Party/FatFs/src -O0 -ffunction-sections -fdata-sections -Wall -fstack-usage -fcyclomatic-complexity -MMD -MP -MF"Core/Src/main.d" -MT"Core/Src/main.o" --specs=nano.specs -mfpu=fpv4-sp-d16 -mfloat-abi=hard -mthumb -o "Core/Src/main.o"
arm-none-eabi-gcc -o "MagiciansAssistant.elf" @"objects.list"   -mcpu=cortex-m4 -T"D:\School\ENEE408A\Programming\STM32\STM32L476RGTX_FLASH.ld" -Wl,-Map="MagiciansAssistant.map" -Wl,--gc-sections -static --specs=nano.specs -mfpu=fpv4-sp-d16 -mfloat-abi=hard -mthumb -Wl,--start-group -lc -lm -Wl,--end-group
Finished building target: MagiciansAssistant.elf
 
arm-none-eabi-size  MagiciansAssistant.elf 
arm-none-eabi-objdump -h -S MagiciansAssistant.elf  > "MagiciansAssistant.list"
   text	   data	    bss	    dec	    hex	filename
  34448	    136	   2672	  37256	   9188	MagiciansAssistant.elf
Finished building: default.size.stdout
 
Finished building: MagiciansAssistant.list
 
21:31:39 **** Incremental Build of configuration Debug for project MagiciansAssistant ****
make -j4 all 
arm-none-eabi-gcc -mcpu=cortex-m4 -g3 -DDEBUG -c -x assembler-with-cpp -MMD -MP -MF"Core/Startup/startup_stm32l476rgtx.d" -MT"Core/Startup/startup_stm32l476rgtx.o" --specs=nano.specs -mfpu=fpv4-sp-d16 -mfloat-abi=hard -mthumb -o "Core/Startup/startup_stm32l476rgtx.o" "../Core/Startup/startup_stm32l476rgtx.s"
arm-none-eabi-gcc -o "MagiciansAssistant.elf" @"objects.list"   -mcpu=cortex-m4 -T"D:\School\ENEE408A\Programming\STM32\STM32L476RGTX_FLASH.ld" -Wl,-Map="MagiciansAssistant.map" -Wl,--gc-sections -static --specs=nano.specs -mfpu=fpv4-sp-d16 -mfloat-abi=hard -mthumb -Wl,--start-group -lc -lm -Wl,--end-group
Finished building target: MagiciansAssistant.elf
 
arm-none-eabi-size  MagiciansAssistant.elf 
arm-none-eabi-objdump -h -S MagiciansAssistant.elf  > "MagiciansAssistant.list"
   text	   data	    bss	    dec	    hex	filename
  34448	    136	   2672	  37256	   9188	MagiciansAssistant.elf
Finished building: default.size.stdout
 
Finished building: MagiciansAssistant.list
 
21:41:16 **** Incremental Build of configuration Debug for project MagiciansAssistant ****
make -j4 all 
arm-none-eabi-gcc "../Core/Src/ServoController.c" -mcpu=cortex-m4 -std=gnu11 -g3 -DDEBUG -DUSE_HAL_DRIVER -DSTM32L476xx -c -I../Core/Inc -I../Drivers/STM32L4xx_HAL_Driver/Inc -I../Drivers/STM32L4xx_HAL_Driver/Inc/Legacy -I../Drivers/CMSIS/Device/ST/STM32L4xx/Include -I../Drivers/CMSIS/Include -I../FATFS/Target -I../FATFS/App -I../Middlewares/Third_Party/FatFs/src -O0 -ffunction-sections -fdata-sections -Wall -fstack-usage -fcyclomatic-complexity -MMD -MP -MF"Core/Src/ServoController.d" -MT"Core/Src/ServoController.o" --specs=nano.specs -mfpu=fpv4-sp-d16 -mfloat-abi=hard -mthumb -o "Core/Src/ServoController.o"
arm-none-eabi-gcc "../Core/Src/main.c" -mcpu=cortex-m4 -std=gnu11 -g3 -DDEBUG -DUSE_HAL_DRIVER -DSTM32L476xx -c -I../Core/Inc -I../Drivers/STM32L4xx_HAL_Driver/Inc -I../Drivers/STM32L4xx_HAL_Driver/Inc/Legacy -I../Drivers/CMSIS/Device/ST/STM32L4xx/Include -I../Drivers/CMSIS/Include -I../FATFS/Target -I../FATFS/App -I../Middlewares/Third_Party/FatFs/src -O0 -ffunction-sections -fdata-sections -Wall -fstack-usage -fcyclomatic-complexity -MMD -MP -MF"Core/Src/main.d" -MT"Core/Src/main.o" --specs=nano.specs -mfpu=fpv4-sp-d16 -mfloat-abi=hard -mthumb -o "Core/Src/main.o"
arm-none-eabi-gcc -o "MagiciansAssistant.elf" @"objects.list"   -mcpu=cortex-m4 -T"D:\School\ENEE408A\Programming\STM32\STM32L476RGTX_FLASH.ld" -Wl,-Map="MagiciansAssistant.map" -Wl,--gc-sections -static --specs=nano.specs -mfpu=fpv4-sp-d16 -mfloat-abi=hard -mthumb -Wl,--start-group -lc -lm -Wl,--end-group
Finished building target: MagiciansAssistant.elf
 
arm-none-eabi-size  MagiciansAssistant.elf 
arm-none-eabi-objdump -h -S MagiciansAssistant.elf  > "MagiciansAssistant.list"
   text	   data	    bss	    dec	    hex	filename
  34456	    136	   2672	  37264	   9190	MagiciansAssistant.elf
Finished building: default.size.stdout
 
Finished building: MagiciansAssistant.list
 
00:16:35 **** Incremental Build of configuration Debug for project MagiciansAssistant ****
make -j4 all 
arm-none-eabi-gcc "../Core/Src/ServoController.c" -mcpu=cortex-m4 -std=gnu11 -g3 -DDEBUG -DUSE_HAL_DRIVER -DSTM32L476xx -c -I../Core/Inc -I../Drivers/STM32L4xx_HAL_Driver/Inc -I../Drivers/STM32L4xx_HAL_Driver/Inc/Legacy -I../Drivers/CMSIS/Device/ST/STM32L4xx/Include -I../Drivers/CMSIS/Include -I../FATFS/Target -I../FATFS/App -I../Middlewares/Third_Party/FatFs/src -O0 -ffunction-sections -fdata-sections -Wall -fstack-usage -fcyclomatic-complexity -MMD -MP -MF"Core/Src/ServoController.d" -MT"Core/Src/ServoController.o" --specs=nano.specs -mfpu=fpv4-sp-d16 -mfloat-abi=hard -mthumb -o "Core/Src/ServoController.o"
arm-none-eabi-gcc "../Core/Src/main.c" -mcpu=cortex-m4 -std=gnu11 -g3 -DDEBUG -DUSE_HAL_DRIVER -DSTM32L476xx -c -I../Core/Inc -I../Drivers/STM32L4xx_HAL_Driver/Inc -I../Drivers/STM32L4xx_HAL_Driver/Inc/Legacy -I../Drivers/CMSIS/Device/ST/STM32L4xx/Include -I../Drivers/CMSIS/Include -I../FATFS/Target -I../FATFS/App -I../Middlewares/Third_Party/FatFs/src -O0 -ffunction-sections -fdata-sections -Wall -fstack-usage -fcyclomatic-complexity -MMD -MP -MF"Core/Src/main.d" -MT"Core/Src/main.o" --specs=nano.specs -mfpu=fpv4-sp-d16 -mfloat-abi=hard -mthumb -o "Core/Src/main.o"
../Core/Src/ServoController.c: In function 'addServo':
../Core/Src/ServoController.c:23:1: error: wrong type argument to increment
   23 | ++
      | ^~
make: *** [Core/Src/subdir.mk:49: Core/Src/ServoController.o] Error 1
make: *** Waiting for unfinished jobs....
"make -j4 all" terminated with exit code 2. Build might be incomplete.
00:47:56 **** Incremental Build of configuration Debug for project MagiciansAssistant ****
make -j4 all 
arm-none-eabi-gcc "../Core/Src/ServoController.c" -mcpu=cortex-m4 -std=gnu11 -g3 -DDEBUG -DUSE_HAL_DRIVER -DSTM32L476xx -c -I../Core/Inc -I../Drivers/STM32L4xx_HAL_Driver/Inc -I../Drivers/STM32L4xx_HAL_Driver/Inc/Legacy -I../Drivers/CMSIS/Device/ST/STM32L4xx/Include -I../Drivers/CMSIS/Include -I../FATFS/Target -I../FATFS/App -I../Middlewares/Third_Party/FatFs/src -O0 -ffunction-sections -fdata-sections -Wall -fstack-usage -fcyclomatic-complexity -MMD -MP -MF"Core/Src/ServoController.d" -MT"Core/Src/ServoController.o" --specs=nano.specs -mfpu=fpv4-sp-d16 -mfloat-abi=hard -mthumb -o "Core/Src/ServoController.o"
arm-none-eabi-gcc "../Core/Src/main.c" -mcpu=cortex-m4 -std=gnu11 -g3 -DDEBUG -DUSE_HAL_DRIVER -DSTM32L476xx -c -I../Core/Inc -I../Drivers/STM32L4xx_HAL_Driver/Inc -I../Drivers/STM32L4xx_HAL_Driver/Inc/Legacy -I../Drivers/CMSIS/Device/ST/STM32L4xx/Include -I../Drivers/CMSIS/Include -I../FATFS/Target -I../FATFS/App -I../Middlewares/Third_Party/FatFs/src -O0 -ffunction-sections -fdata-sections -Wall -fstack-usage -fcyclomatic-complexity -MMD -MP -MF"Core/Src/main.d" -MT"Core/Src/main.o" --specs=nano.specs -mfpu=fpv4-sp-d16 -mfloat-abi=hard -mthumb -o "Core/Src/main.o"
arm-none-eabi-gcc -o "MagiciansAssistant.elf" @"objects.list"   -mcpu=cortex-m4 -T"D:\School\ENEE408A\Programming\STM32\STM32L476RGTX_FLASH.ld" -Wl,-Map="MagiciansAssistant.map" -Wl,--gc-sections -static --specs=nano.specs -mfpu=fpv4-sp-d16 -mfloat-abi=hard -mthumb -Wl,--start-group -lc -lm -Wl,--end-group
Finished building target: MagiciansAssistant.elf
 
arm-none-eabi-size  MagiciansAssistant.elf 
arm-none-eabi-objdump -h -S MagiciansAssistant.elf  > "MagiciansAssistant.list"
   text	   data	    bss	    dec	    hex	filename
  55220	    164	   3836	  59220	   e754	MagiciansAssistant.elf
Finished building: default.size.stdout
 
Finished building: MagiciansAssistant.list
 
01:14:25 **** Incremental Build of configuration Debug for project MagiciansAssistant ****
make -j4 all 
arm-none-eabi-gcc "../Core/Src/ServoController.c" -mcpu=cortex-m4 -std=gnu11 -g3 -DDEBUG -DUSE_HAL_DRIVER -DSTM32L476xx -c -I../Core/Inc -I../Drivers/STM32L4xx_HAL_Driver/Inc -I../Drivers/STM32L4xx_HAL_Driver/Inc/Legacy -I../Drivers/CMSIS/Device/ST/STM32L4xx/Include -I../Drivers/CMSIS/Include -I../FATFS/Target -I../FATFS/App -I../Middlewares/Third_Party/FatFs/src -O0 -ffunction-sections -fdata-sections -Wall -fstack-usage -fcyclomatic-complexity -MMD -MP -MF"Core/Src/ServoController.d" -MT"Core/Src/ServoController.o" --specs=nano.specs -mfpu=fpv4-sp-d16 -mfloat-abi=hard -mthumb -o "Core/Src/ServoController.o"
arm-none-eabi-gcc -o "MagiciansAssistant.elf" @"objects.list"   -mcpu=cortex-m4 -T"D:\School\ENEE408A\Programming\STM32\STM32L476RGTX_FLASH.ld" -Wl,-Map="MagiciansAssistant.map" -Wl,--gc-sections -static --specs=nano.specs -mfpu=fpv4-sp-d16 -mfloat-abi=hard -mthumb -Wl,--start-group -lc -lm -Wl,--end-group
Finished building target: MagiciansAssistant.elf
 
arm-none-eabi-size  MagiciansAssistant.elf 
arm-none-eabi-objdump -h -S MagiciansAssistant.elf  > "MagiciansAssistant.list"
   text	   data	    bss	    dec	    hex	filename
  55220	    164	   3836	  59220	   e754	MagiciansAssistant.elf
Finished building: default.size.stdout
 
Finished building: MagiciansAssistant.list
 
01:21:44 **** Incremental Build of configuration Debug for project MagiciansAssistant ****
make -j4 all 
arm-none-eabi-size  MagiciansAssistant.elf 
   text	   data	    bss	    dec	    hex	filename
  55220	    164	   3836	  59220	   e754	MagiciansAssistant.elf
Finished building: default.size.stdout
 
01:30:52 **** Incremental Build of configuration Debug for project MagiciansAssistant ****
make -j4 all 
arm-none-eabi-gcc "../Core/Src/main.c" -mcpu=cortex-m4 -std=gnu11 -g3 -DDEBUG -DUSE_HAL_DRIVER -DSTM32L476xx -c -I../Core/Inc -I../Drivers/STM32L4xx_HAL_Driver/Inc -I../Drivers/STM32L4xx_HAL_Driver/Inc/Legacy -I../Drivers/CMSIS/Device/ST/STM32L4xx/Include -I../Drivers/CMSIS/Include -I../FATFS/Target -I../FATFS/App -I../Middlewares/Third_Party/FatFs/src -O0 -ffunction-sections -fdata-sections -Wall -fstack-usage -fcyclomatic-complexity -MMD -MP -MF"Core/Src/main.d" -MT"Core/Src/main.o" --specs=nano.specs -mfpu=fpv4-sp-d16 -mfloat-abi=hard -mthumb -o "Core/Src/main.o"
arm-none-eabi-gcc -o "MagiciansAssistant.elf" @"objects.list"   -mcpu=cortex-m4 -T"D:\School\ENEE408A\Programming\STM32\STM32L476RGTX_FLASH.ld" -Wl,-Map="MagiciansAssistant.map" -Wl,--gc-sections -static --specs=nano.specs -mfpu=fpv4-sp-d16 -mfloat-abi=hard -mthumb -Wl,--start-group -lc -lm -Wl,--end-group
Finished building target: MagiciansAssistant.elf
 
arm-none-eabi-size  MagiciansAssistant.elf 
arm-none-eabi-objdump -h -S MagiciansAssistant.elf  > "MagiciansAssistant.list"
   text	   data	    bss	    dec	    hex	filename
  55272	    164	   3836	  59272	   e788	MagiciansAssistant.elf
Finished building: default.size.stdout
 
Finished building: MagiciansAssistant.list
 
01:36:54 **** Incremental Build of configuration Debug for project MagiciansAssistant ****
make -j4 all 
arm-none-eabi-gcc "../Core/Src/ArducamController.c" -mcpu=cortex-m4 -std=gnu11 -g3 -DDEBUG -DUSE_HAL_DRIVER -DSTM32L476xx -c -I../Core/Inc -I../Drivers/STM32L4xx_HAL_Driver/Inc -I../Drivers/STM32L4xx_HAL_Driver/Inc/Legacy -I../Drivers/CMSIS/Device/ST/STM32L4xx/Include -I../Drivers/CMSIS/Include -I../FATFS/Target -I../FATFS/App -I../Middlewares/Third_Party/FatFs/src -O0 -ffunction-sections -fdata-sections -Wall -fstack-usage -fcyclomatic-complexity -MMD -MP -MF"Core/Src/ArducamController.d" -MT"Core/Src/ArducamController.o" --specs=nano.specs -mfpu=fpv4-sp-d16 -mfloat-abi=hard -mthumb -o "Core/Src/ArducamController.o"
arm-none-eabi-gcc "../Core/Src/main.c" -mcpu=cortex-m4 -std=gnu11 -g3 -DDEBUG -DUSE_HAL_DRIVER -DSTM32L476xx -c -I../Core/Inc -I../Drivers/STM32L4xx_HAL_Driver/Inc -I../Drivers/STM32L4xx_HAL_Driver/Inc/Legacy -I../Drivers/CMSIS/Device/ST/STM32L4xx/Include -I../Drivers/CMSIS/Include -I../FATFS/Target -I../FATFS/App -I../Middlewares/Third_Party/FatFs/src -O0 -ffunction-sections -fdata-sections -Wall -fstack-usage -fcyclomatic-complexity -MMD -MP -MF"Core/Src/main.d" -MT"Core/Src/main.o" --specs=nano.specs -mfpu=fpv4-sp-d16 -mfloat-abi=hard -mthumb -o "Core/Src/main.o"
arm-none-eabi-gcc -o "MagiciansAssistant.elf" @"objects.list"   -mcpu=cortex-m4 -T"D:\School\ENEE408A\Programming\STM32\STM32L476RGTX_FLASH.ld" -Wl,-Map="MagiciansAssistant.map" -Wl,--gc-sections -static --specs=nano.specs -mfpu=fpv4-sp-d16 -mfloat-abi=hard -mthumb -Wl,--start-group -lc -lm -Wl,--end-group
Finished building target: MagiciansAssistant.elf
 
arm-none-eabi-size  MagiciansAssistant.elf 
arm-none-eabi-objdump -h -S MagiciansAssistant.elf  > "MagiciansAssistant.list"
   text	   data	    bss	    dec	    hex	filename
  55260	    164	   3836	  59260	   e77c	MagiciansAssistant.elf
Finished building: default.size.stdout
 
Finished building: MagiciansAssistant.list
 
01:55:27 **** Incremental Build of configuration Debug for project MagiciansAssistant ****
make -j4 all 
arm-none-eabi-gcc "../Core/Src/ArducamController.c" -mcpu=cortex-m4 -std=gnu11 -g3 -DDEBUG -DUSE_HAL_DRIVER -DSTM32L476xx -c -I../Core/Inc -I../Drivers/STM32L4xx_HAL_Driver/Inc -I../Drivers/STM32L4xx_HAL_Driver/Inc/Legacy -I../Drivers/CMSIS/Device/ST/STM32L4xx/Include -I../Drivers/CMSIS/Include -I../FATFS/Target -I../FATFS/App -I../Middlewares/Third_Party/FatFs/src -O0 -ffunction-sections -fdata-sections -Wall -fstack-usage -fcyclomatic-complexity -MMD -MP -MF"Core/Src/ArducamController.d" -MT"Core/Src/ArducamController.o" --specs=nano.specs -mfpu=fpv4-sp-d16 -mfloat-abi=hard -mthumb -o "Core/Src/ArducamController.o"
arm-none-eabi-gcc "../Core/Src/main.c" -mcpu=cortex-m4 -std=gnu11 -g3 -DDEBUG -DUSE_HAL_DRIVER -DSTM32L476xx -c -I../Core/Inc -I../Drivers/STM32L4xx_HAL_Driver/Inc -I../Drivers/STM32L4xx_HAL_Driver/Inc/Legacy -I../Drivers/CMSIS/Device/ST/STM32L4xx/Include -I../Drivers/CMSIS/Include -I../FATFS/Target -I../FATFS/App -I../Middlewares/Third_Party/FatFs/src -O0 -ffunction-sections -fdata-sections -Wall -fstack-usage -fcyclomatic-complexity -MMD -MP -MF"Core/Src/main.d" -MT"Core/Src/main.o" --specs=nano.specs -mfpu=fpv4-sp-d16 -mfloat-abi=hard -mthumb -o "Core/Src/main.o"
../Core/Src/ArducamController.c: In function 'getFIFOLength':
../Core/Src/ArducamController.c:126:27: error: too many arguments to function 'spiRegRead'
  126 |         reg0 = (uint32_t) spiRegRead(pCtrl, FIFO_BYTE0, &buf, sizeof(uint8_t));
      |                           ^~~~~~~~~~
In file included from ../Core/Src/ArducamController.c:2:
../Core/Inc/ArducamController.h:87:9: note: declared here
   87 | uint8_t spiRegRead(ArducamController* pCtrl, uint8_t reg);
      |         ^~~~~~~~~~
../Core/Src/ArducamController.c:127:16: error: too many arguments to function 'spiRegRead'
  127 |         reg1 = spiRegRead(pCtrl, FIFO_BYTE1, &buf, sizeof(uint8_t));
      |                ^~~~~~~~~~
In file included from ../Core/Src/ArducamController.c:2:
../Core/Inc/ArducamController.h:87:9: note: declared here
   87 | uint8_t spiRegRead(ArducamController* pCtrl, uint8_t reg);
      |         ^~~~~~~~~~
../Core/Src/ArducamController.c:128:16: error: too many arguments to function 'spiRegRead'
  128 |         reg2 = spiRegRead(pCtrl, FIFO_BYTE2, &buf, sizeof(uint8_t));
      |                ^~~~~~~~~~
In file included from ../Core/Src/ArducamController.c:2:
../Core/Inc/ArducamController.h:87:9: note: declared here
   87 | uint8_t spiRegRead(ArducamController* pCtrl, uint8_t reg);
      |         ^~~~~~~~~~
../Core/Src/ArducamController.c: In function 'setDefaultSettings':
../Core/Src/ArducamController.c:167:9: error: too many arguments to function 'spiRegWrite'
  167 |         spiRegWrite(pCtrl, (uint8_t)0x03, &data, 1);
      |         ^~~~~~~~~~~
In file included from ../Core/Src/ArducamController.c:2:
../Core/Inc/ArducamController.h:86:6: note: declared here
   86 | void spiRegWrite(ArducamController* pCtrl, uint8_t reg, uint8_t *pData);
      |      ^~~~~~~~~~~
../Core/Src/ArducamController.c: In function 'isSPIWorking':
../Core/Src/ArducamController.c:175:9: error: too many arguments to function 'spiRegWrite'
  175 |         spiRegWrite(pCtrl, 0x00, &testVal, 1);
      |         ^~~~~~~~~~~
In file included from ../Core/Src/ArducamController.c:2:
../Core/Inc/ArducamController.h:86:6: note: declared here
   86 | void spiRegWrite(ArducamController* pCtrl, uint8_t reg, uint8_t *pData);
      |      ^~~~~~~~~~~
../Core/Src/ArducamController.c:176:9: error: too many arguments to function 'spiRegRead'
  176 |         spiRegRead(pCtrl, 0x00, &readVal, 1);
      |         ^~~~~~~~~~
In file included from ../Core/Src/ArducamController.c:2:
../Core/Inc/ArducamController.h:87:9: note: declared here
   87 | uint8_t spiRegRead(ArducamController* pCtrl, uint8_t reg);
      |         ^~~~~~~~~~
../Core/Src/ArducamController.c: In function 'spiRegWrite':
../Core/Src/ArducamController.c:225:74: error: invalid use of void expression
  225 |                 printf("FAILED Sending SPI_READ_MASK | Status : %s\n\r", printStatus(pCtrl));
      |                                                                          ^~~~~~~~~~~~~~~~~~
../Core/Src/ArducamController.c:226:24: warning: 'return' with a value, in function returning void [-Wreturn-type]
  226 |                 return 0x00;
      |                        ^~~~
../Core/Src/ArducamController.c:217:6: note: declared here
  217 | void spiRegWrite(ArducamController* pCtrl, uint8_t reg, uint8_t *pData){
      |      ^~~~~~~~~~~
../Core/Src/ArducamController.c:230:80: error: invalid use of void expression
  230 |                 printf("FAILED Writing SPI Reg 0x%02X | Status : %s\n\r", reg, printStatus(pCtrl));
      |                                                                                ^~~~~~~~~~~~~~~~~~
../Core/Src/ArducamController.c:231:24: warning: 'return' with a value, in function returning void [-Wreturn-type]
  231 |                 return 0x00;
      |                        ^~~~
../Core/Src/ArducamController.c:217:6: note: declared here
  217 | void spiRegWrite(ArducamController* pCtrl, uint8_t reg, uint8_t *pData){
      |      ^~~~~~~~~~~
../Core/Src/ArducamController.c: In function 'spiRegRead':
../Core/Src/ArducamController.c:244:74: error: invalid use of void expression
  244 |                 printf("FAILED Sending SPI_READ_MASK | Status : %s\n\r", printStatus(pCtrl));
      |                                                                          ^~~~~~~~~~~~~~~~~~
../Core/Src/ArducamController.c:249:80: error: invalid use of void expression
  249 |                 printf("FAILED Reading SPI Reg 0x%02X | Status : %s\n\r", reg, printStatus(pCtrl));
      |                                                                                ^~~~~~~~~~~~~~~~~~
../Core/Src/ArducamController.c: In function 'isFIFOReady':
../Core/Src/ArducamController.c:260:9: error: too many arguments to function 'spiRegRead'
  260 |         spiRegRead(pCtrl, FIFO_STATUS_REG, &registerData, 1);
      |         ^~~~~~~~~~
../Core/Src/ArducamController.c:236:9: note: declared here
  236 | uint8_t spiRegRead(ArducamController* pCtrl, uint8_t reg){
      |         ^~~~~~~~~~
../Core/Src/ArducamController.c: In function 'singleRead':
../Core/Src/ArducamController.c:273:17: error: too many arguments to function 'spiRegRead'
  273 |                 spiRegRead(pCtrl, FIFO_BYTE0, &buffer[2], 1);
      |                 ^~~~~~~~~~
../Core/Src/ArducamController.c:236:9: note: declared here
  236 | uint8_t spiRegRead(ArducamController* pCtrl, uint8_t reg){
      |         ^~~~~~~~~~
../Core/Src/ArducamController.c:274:17: error: too many arguments to function 'spiRegRead'
  274 |                 spiRegRead(pCtrl, FIFO_BYTE1, &buffer[1], 1);
      |                 ^~~~~~~~~~
../Core/Src/ArducamController.c:236:9: note: declared here
  236 | uint8_t spiRegRead(ArducamController* pCtrl, uint8_t reg){
      |         ^~~~~~~~~~
../Core/Src/ArducamController.c:275:17: error: too many arguments to function 'spiRegRead'
  275 |                 spiRegRead(pCtrl, FIFO_BYTE2, &buffer[0], 1);
      |                 ^~~~~~~~~~
../Core/Src/ArducamController.c:236:9: note: declared here
  236 | uint8_t spiRegRead(ArducamController* pCtrl, uint8_t reg){
      |         ^~~~~~~~~~
../Core/Src/ArducamController.c: In function 'resetCPLD':
../Core/Src/ArducamController.c:283:9: error: too many arguments to function 'spiRegWrite'
  283 |         spiRegWrite(pCtrl, 0x07, &cmd, 1);
      |         ^~~~~~~~~~~
../Core/Src/ArducamController.c:217:6: note: declared here
  217 | void spiRegWrite(ArducamController* pCtrl, uint8_t reg, uint8_t *pData){
      |      ^~~~~~~~~~~
../Core/Src/ArducamController.c:286:9: error: too many arguments to function 'spiRegWrite'
  286 |         spiRegWrite(pCtrl, 0x07, &cmd, 1);
      |         ^~~~~~~~~~~
../Core/Src/ArducamController.c:217:6: note: declared here
  217 | void spiRegWrite(ArducamController* pCtrl, uint8_t reg, uint8_t *pData){
      |      ^~~~~~~~~~~
../Core/Src/ArducamController.c: In function 'clearFIFOFlag':
../Core/Src/ArducamController.c:297:9: error: too many arguments to function 'spiRegWrite'
  297 |         spiRegWrite(pCtrl, FIFO_CONTROL_REG, &cmd, 1);
      |         ^~~~~~~~~~~
../Core/Src/ArducamController.c:217:6: note: declared here
  217 | void spiRegWrite(ArducamController* pCtrl, uint8_t reg, uint8_t *pData){
      |      ^~~~~~~~~~~
../Core/Src/ArducamController.c: In function 'resetFIFOPointers':
../Core/Src/ArducamController.c:302:9: error: too many arguments to function 'spiRegWrite'
  302 |         spiRegWrite(pCtrl, FIFO_CONTROL_REG, &cmd, 1);
      |         ^~~~~~~~~~~
../Core/Src/ArducamController.c:217:6: note: declared here
  217 | void spiRegWrite(ArducamController* pCtrl, uint8_t reg, uint8_t *pData){
      |      ^~~~~~~~~~~
../Core/Src/ArducamController.c: In function 'setCaptureFlag':
../Core/Src/ArducamController.c:307:9: error: too many arguments to function 'spiRegWrite'
  307 |         spiRegWrite(pCtrl, FIFO_CONTROL_REG, &cmd, 1);
      |         ^~~~~~~~~~~
../Core/Src/ArducamController.c:217:6: note: declared here
  217 | void spiRegWrite(ArducamController* pCtrl, uint8_t reg, uint8_t *pData){
      |      ^~~~~~~~~~~
../Core/Src/ArducamController.c: In function 'setNCaptureFrames':
../Core/Src/ArducamController.c:314:9: error: too many arguments to function 'spiRegWrite'
  314 |         spiRegWrite(pCtrl, CAPTURE_CONTROL_REG, &cmd, 1);
      |         ^~~~~~~~~~~
../Core/Src/ArducamController.c:217:6: note: declared here
  217 | void spiRegWrite(ArducamController* pCtrl, uint8_t reg, uint8_t *pData){
      |      ^~~~~~~~~~~
../Core/Src/ArducamController.c: In function 'registerDump':
../Core/Src/ArducamController.c:362:9: error: too many arguments to function 'spiRegRead'
  362 |         spiRegRead(pCtrl, TEST_REGISTER, &data, 1);
      |         ^~~~~~~~~~
../Core/Src/ArducamController.c:236:9: note: declared here
  236 | uint8_t spiRegRead(ArducamController* pCtrl, uint8_t reg){
      |         ^~~~~~~~~~
../Core/Src/ArducamController.c:364:9: error: too many arguments to function 'spiRegRead'
  364 |         spiRegRead(pCtrl, CAPTURE_CONTROL_REG, &data, 1);
      |         ^~~~~~~~~~
../Core/Src/ArducamController.c:236:9: note: declared here
  236 | uint8_t spiRegRead(ArducamController* pCtrl, uint8_t reg){
      |         ^~~~~~~~~~
../Core/Src/ArducamController.c:366:9: error: too many arguments to function 'spiRegRead'
  366 |         spiRegRead(pCtrl, FIFO_CONTROL_REG, &data, 1);
      |         ^~~~~~~~~~
../Core/Src/ArducamController.c:236:9: note: declared here
  236 | uint8_t spiRegRead(ArducamController* pCtrl, uint8_t reg){
      |         ^~~~~~~~~~
../Core/Src/ArducamController.c:368:9: error: too many arguments to function 'spiRegRead'
  368 |         spiRegRead(pCtrl, CHIP_VERSION_REG, &data, 1);
      |         ^~~~~~~~~~
../Core/Src/ArducamController.c:236:9: note: declared here
  236 | uint8_t spiRegRead(ArducamController* pCtrl, uint8_t reg){
      |         ^~~~~~~~~~
../Core/Src/ArducamController.c:370:9: error: too many arguments to function 'spiRegRead'
  370 |         spiRegRead(pCtrl, FIFO_STATUS_REG, &data, 1);
      |         ^~~~~~~~~~
../Core/Src/ArducamController.c:236:9: note: declared here
  236 | uint8_t spiRegRead(ArducamController* pCtrl, uint8_t reg){
      |         ^~~~~~~~~~
../Core/Src/ArducamController.c:372:9: error: too many arguments to function 'spiRegRead'
  372 |         spiRegRead(pCtrl, FIFO_BYTE0, &data, 1);
      |         ^~~~~~~~~~
../Core/Src/ArducamController.c:236:9: note: declared here
  236 | uint8_t spiRegRead(ArducamController* pCtrl, uint8_t reg){
      |         ^~~~~~~~~~
../Core/Src/ArducamController.c:374:9: error: too many arguments to function 'spiRegRead'
  374 |         spiRegRead(pCtrl, FIFO_BYTE1, &data, 1);
      |         ^~~~~~~~~~
../Core/Src/ArducamController.c:236:9: note: declared here
  236 | uint8_t spiRegRead(ArducamController* pCtrl, uint8_t reg){
      |         ^~~~~~~~~~
../Core/Src/ArducamController.c:376:9: error: too many arguments to function 'spiRegRead'
  376 |         spiRegRead(pCtrl, FIFO_BYTE2, &data, 1);
      |         ^~~~~~~~~~
../Core/Src/ArducamController.c:236:9: note: declared here
  236 | uint8_t spiRegRead(ArducamController* pCtrl, uint8_t reg){
      |         ^~~~~~~~~~
make: *** [Core/Src/subdir.mk:49: Core/Src/ArducamController.o] Error 1
make: *** Waiting for unfinished jobs....
"make -j4 all" terminated with exit code 2. Build might be incomplete.
02:07:49 **** Incremental Build of configuration Debug for project MagiciansAssistant ****
make -j4 all 
arm-none-eabi-gcc "../Core/Src/ArducamController.c" -mcpu=cortex-m4 -std=gnu11 -g3 -DDEBUG -DUSE_HAL_DRIVER -DSTM32L476xx -c -I../Core/Inc -I../Drivers/STM32L4xx_HAL_Driver/Inc -I../Drivers/STM32L4xx_HAL_Driver/Inc/Legacy -I../Drivers/CMSIS/Device/ST/STM32L4xx/Include -I../Drivers/CMSIS/Include -I../FATFS/Target -I../FATFS/App -I../Middlewares/Third_Party/FatFs/src -O0 -ffunction-sections -fdata-sections -Wall -fstack-usage -fcyclomatic-complexity -MMD -MP -MF"Core/Src/ArducamController.d" -MT"Core/Src/ArducamController.o" --specs=nano.specs -mfpu=fpv4-sp-d16 -mfloat-abi=hard -mthumb -o "Core/Src/ArducamController.o"
arm-none-eabi-gcc "../Core/Src/main.c" -mcpu=cortex-m4 -std=gnu11 -g3 -DDEBUG -DUSE_HAL_DRIVER -DSTM32L476xx -c -I../Core/Inc -I../Drivers/STM32L4xx_HAL_Driver/Inc -I../Drivers/STM32L4xx_HAL_Driver/Inc/Legacy -I../Drivers/CMSIS/Device/ST/STM32L4xx/Include -I../Drivers/CMSIS/Include -I../FATFS/Target -I../FATFS/App -I../Middlewares/Third_Party/FatFs/src -O0 -ffunction-sections -fdata-sections -Wall -fstack-usage -fcyclomatic-complexity -MMD -MP -MF"Core/Src/main.d" -MT"Core/Src/main.o" --specs=nano.specs -mfpu=fpv4-sp-d16 -mfloat-abi=hard -mthumb -o "Core/Src/main.o"
../Core/Src/ArducamController.c: In function 'getFIFOLength':
../Core/Src/ArducamController.c:130:24: error: 'longReg2' undeclared (first use in this function)
  130 |         fifoLength = ((longReg2 << 16) | (longReg1 << 8) | longReg0) & 0x007FFFFF;
      |                        ^~~~~~~~
../Core/Src/ArducamController.c:130:24: note: each undeclared identifier is reported only once for each function it appears in
../Core/Src/ArducamController.c:130:43: error: 'longReg1' undeclared (first use in this function)
  130 |         fifoLength = ((longReg2 << 16) | (longReg1 << 8) | longReg0) & 0x007FFFFF;
      |                                           ^~~~~~~~
../Core/Src/ArducamController.c:130:60: error: 'longReg0' undeclared (first use in this function)
  130 |         fifoLength = ((longReg2 << 16) | (longReg1 << 8) | longReg0) & 0x007FFFFF;
      |                                                            ^~~~~~~~
../Core/Src/ArducamController.c:123:18: warning: variable 'reg2' set but not used [-Wunused-but-set-variable]
  123 |         uint32_t reg2;
      |                  ^~~~
../Core/Src/ArducamController.c:122:18: warning: variable 'reg1' set but not used [-Wunused-but-set-variable]
  122 |         uint32_t reg1;
      |                  ^~~~
../Core/Src/ArducamController.c:121:18: warning: variable 'reg0' set but not used [-Wunused-but-set-variable]
  121 |         uint32_t reg0;
      |                  ^~~~
../Core/Src/ArducamController.c:120:17: warning: unused variable 'buf' [-Wunused-variable]
  120 |         uint8_t buf = 0x02;
      |                 ^~~
../Core/Src/ArducamController.c: In function 'spiRegWrite':
../Core/Src/ArducamController.c:223:74: error: invalid use of void expression
  223 |                 printf("FAILED Sending SPI_READ_MASK | Status : %s\n\r", printStatus(pCtrl));
      |                                                                          ^~~~~~~~~~~~~~~~~~
../Core/Src/ArducamController.c:226:61: error: 'pData' undeclared (first use in this function)
  226 |         pCtrl->status = HAL_SPI_Transmit(pCtrl->pSPIHandle, pData, 1, CAM_TIMEOUT);
      |                                                             ^~~~~
../Core/Src/ArducamController.c:228:80: error: invalid use of void expression
  228 |                 printf("FAILED Writing SPI Reg 0x%02X | Status : %s\n\r", reg, printStatus(pCtrl));
      |                                                                                ^~~~~~~~~~~~~~~~~~
../Core/Src/ArducamController.c: In function 'spiRegRead':
../Core/Src/ArducamController.c:243:74: error: invalid use of void expression
  243 |                 printf("FAILED Sending SPI_READ_MASK | Status : %s\n\r", printStatus(pCtrl));
      |                                                                          ^~~~~~~~~~~~~~~~~~
../Core/Src/ArducamController.c:248:80: error: invalid use of void expression
  248 |                 printf("FAILED Reading SPI Reg 0x%02X | Status : %s\n\r", reg, printStatus(pCtrl));
      |                                                                                ^~~~~~~~~~~~~~~~~~
../Core/Src/ArducamController.c: In function 'isFIFOReady':
../Core/Src/ArducamController.c:259:9: error: too many arguments to function 'spiRegRead'
  259 |         spiRegRead(pCtrl, FIFO_STATUS_REG, &registerData, 1);
      |         ^~~~~~~~~~
../Core/Src/ArducamController.c:235:9: note: declared here
  235 | uint8_t spiRegRead(ArducamController* pCtrl, uint8_t reg){
      |         ^~~~~~~~~~
../Core/Src/ArducamController.c: In function 'singleRead':
../Core/Src/ArducamController.c:272:17: error: too many arguments to function 'spiRegRead'
  272 |                 spiRegRead(pCtrl, FIFO_BYTE0, &buffer[2], 1);
      |                 ^~~~~~~~~~
../Core/Src/ArducamController.c:235:9: note: declared here
  235 | uint8_t spiRegRead(ArducamController* pCtrl, uint8_t reg){
      |         ^~~~~~~~~~
../Core/Src/ArducamController.c:273:17: error: too many arguments to function 'spiRegRead'
  273 |                 spiRegRead(pCtrl, FIFO_BYTE1, &buffer[1], 1);
      |                 ^~~~~~~~~~
../Core/Src/ArducamController.c:235:9: note: declared here
  235 | uint8_t spiRegRead(ArducamController* pCtrl, uint8_t reg){
      |         ^~~~~~~~~~
../Core/Src/ArducamController.c:274:17: error: too many arguments to function 'spiRegRead'
  274 |                 spiRegRead(pCtrl, FIFO_BYTE2, &buffer[0], 1);
      |                 ^~~~~~~~~~
../Core/Src/ArducamController.c:235:9: note: declared here
  235 | uint8_t spiRegRead(ArducamController* pCtrl, uint8_t reg){
      |         ^~~~~~~~~~
../Core/Src/ArducamController.c: In function 'resetCPLD':
../Core/Src/ArducamController.c:282:34: warning: passing argument 3 of 'spiRegWrite' makes integer from pointer without a cast [-Wint-conversion]
  282 |         spiRegWrite(pCtrl, 0x07, &cmd, 1);
      |                                  ^~~~
      |                                  |
      |                                  uint8_t * {aka unsigned char *}
../Core/Src/ArducamController.c:215:78: note: expected 'uint8_t' {aka 'unsigned char'} but argument is of type 'uint8_t *' {aka 'unsigned char *'}
  215 | HAL_StatusTypeDef spiRegWrite(ArducamController* pCtrl, uint8_t reg, uint8_t data){
      |                                                                      ~~~~~~~~^~~~
../Core/Src/ArducamController.c:282:9: error: too many arguments to function 'spiRegWrite'
  282 |         spiRegWrite(pCtrl, 0x07, &cmd, 1);
      |         ^~~~~~~~~~~
../Core/Src/ArducamController.c:215:19: note: declared here
  215 | HAL_StatusTypeDef spiRegWrite(ArducamController* pCtrl, uint8_t reg, uint8_t data){
      |                   ^~~~~~~~~~~
../Core/Src/ArducamController.c:285:34: warning: passing argument 3 of 'spiRegWrite' makes integer from pointer without a cast [-Wint-conversion]
  285 |         spiRegWrite(pCtrl, 0x07, &cmd, 1);
      |                                  ^~~~
      |                                  |
      |                                  uint8_t * {aka unsigned char *}
../Core/Src/ArducamController.c:215:78: note: expected 'uint8_t' {aka 'unsigned char'} but argument is of type 'uint8_t *' {aka 'unsigned char *'}
  215 | HAL_StatusTypeDef spiRegWrite(ArducamController* pCtrl, uint8_t reg, uint8_t data){
      |                                                                      ~~~~~~~~^~~~
../Core/Src/ArducamController.c:285:9: error: too many arguments to function 'spiRegWrite'
  285 |         spiRegWrite(pCtrl, 0x07, &cmd, 1);
      |         ^~~~~~~~~~~
../Core/Src/ArducamController.c:215:19: note: declared here
  215 | HAL_StatusTypeDef spiRegWrite(ArducamController* pCtrl, uint8_t reg, uint8_t data){
      |                   ^~~~~~~~~~~
../Core/Src/ArducamController.c: In function 'clearFIFOFlag':
../Core/Src/ArducamController.c:296:46: warning: passing argument 3 of 'spiRegWrite' makes integer from pointer without a cast [-Wint-conversion]
  296 |         spiRegWrite(pCtrl, FIFO_CONTROL_REG, &cmd, 1);
      |                                              ^~~~
      |                                              |
      |                                              uint8_t * {aka unsigned char *}
../Core/Src/ArducamController.c:215:78: note: expected 'uint8_t' {aka 'unsigned char'} but argument is of type 'uint8_t *' {aka 'unsigned char *'}
  215 | HAL_StatusTypeDef spiRegWrite(ArducamController* pCtrl, uint8_t reg, uint8_t data){
      |                                                                      ~~~~~~~~^~~~
../Core/Src/ArducamController.c:296:9: error: too many arguments to function 'spiRegWrite'
  296 |         spiRegWrite(pCtrl, FIFO_CONTROL_REG, &cmd, 1);
      |         ^~~~~~~~~~~
../Core/Src/ArducamController.c:215:19: note: declared here
  215 | HAL_StatusTypeDef spiRegWrite(ArducamController* pCtrl, uint8_t reg, uint8_t data){
      |                   ^~~~~~~~~~~
../Core/Src/ArducamController.c: In function 'resetFIFOPointers':
../Core/Src/ArducamController.c:301:46: warning: passing argument 3 of 'spiRegWrite' makes integer from pointer without a cast [-Wint-conversion]
  301 |         spiRegWrite(pCtrl, FIFO_CONTROL_REG, &cmd, 1);
      |                                              ^~~~
      |                                              |
      |                                              uint8_t * {aka unsigned char *}
../Core/Src/ArducamController.c:215:78: note: expected 'uint8_t' {aka 'unsigned char'} but argument is of type 'uint8_t *' {aka 'unsigned char *'}
  215 | HAL_StatusTypeDef spiRegWrite(ArducamController* pCtrl, uint8_t reg, uint8_t data){
      |                                                                      ~~~~~~~~^~~~
../Core/Src/ArducamController.c:301:9: error: too many arguments to function 'spiRegWrite'
  301 |         spiRegWrite(pCtrl, FIFO_CONTROL_REG, &cmd, 1);
      |         ^~~~~~~~~~~
../Core/Src/ArducamController.c:215:19: note: declared here
  215 | HAL_StatusTypeDef spiRegWrite(ArducamController* pCtrl, uint8_t reg, uint8_t data){
      |                   ^~~~~~~~~~~
../Core/Src/ArducamController.c: In function 'setCaptureFlag':
../Core/Src/ArducamController.c:306:46: warning: passing argument 3 of 'spiRegWrite' makes integer from pointer without a cast [-Wint-conversion]
[...]
arm-none-eabi-gcc "../Core/Src/main.c" -mcpu=cortex-m4 -std=gnu11 -g3 -DDEBUG -DUSE_HAL_DRIVER -DSTM32L476xx -c -I../Core/Inc -I../Drivers/STM32L4xx_HAL_Driver/Inc -I../Drivers/STM32L4xx_HAL_Driver/Inc/Legacy -I../Drivers/CMSIS/Device/ST/STM32L4xx/Include -I../Drivers/CMSIS/Include -I../FATFS/Target -I../FATFS/App -I../Middlewares/Third_Party/FatFs/src -O0 -ffunction-sections -fdata-sections -Wall -fstack-usage -fcyclomatic-complexity -MMD -MP -MF"Core/Src/main.d" -MT"Core/Src/main.o" --specs=nano.specs -mfpu=fpv4-sp-d16 -mfloat-abi=hard -mthumb -o "Core/Src/main.o"
arm-none-eabi-gcc -o "MagiciansAssistant.elf" @"objects.list"   -mcpu=cortex-m4 -T"D:\School\ENEE408A\Programming\STM32\STM32L476RGTX_FLASH.ld" -Wl,-Map="MagiciansAssistant.map" -Wl,--gc-sections -static --specs=nano.specs -mfpu=fpv4-sp-d16 -mfloat-abi=hard -mthumb -Wl,--start-group -lc -lm -Wl,--end-group
Finished building target: MagiciansAssistant.elf
 
arm-none-eabi-size  MagiciansAssistant.elf 
arm-none-eabi-objdump -h -S MagiciansAssistant.elf  > "MagiciansAssistant.list"
   text	   data	    bss	    dec	    hex	filename
  57220	    164	   3836	  61220	   ef24	MagiciansAssistant.elf
Finished building: default.size.stdout
 
Finished building: MagiciansAssistant.list
 
13:17:31 **** Incremental Build of configuration Debug for project MagiciansAssistant ****
make -j4 all 
arm-none-eabi-gcc "../Core/Src/helpers.c" -mcpu=cortex-m4 -std=gnu11 -g3 -DDEBUG -DUSE_HAL_DRIVER -DSTM32L476xx -c -I../Core/Inc -I../Drivers/STM32L4xx_HAL_Driver/Inc -I../Drivers/STM32L4xx_HAL_Driver/Inc/Legacy -I../Drivers/CMSIS/Device/ST/STM32L4xx/Include -I../Drivers/CMSIS/Include -I../FATFS/Target -I../FATFS/App -I../Middlewares/Third_Party/FatFs/src -O0 -ffunction-sections -fdata-sections -Wall -fstack-usage -fcyclomatic-complexity -MMD -MP -MF"Core/Src/helpers.d" -MT"Core/Src/helpers.o" --specs=nano.specs -mfpu=fpv4-sp-d16 -mfloat-abi=hard -mthumb -o "Core/Src/helpers.o"
arm-none-eabi-gcc -o "MagiciansAssistant.elf" @"objects.list"   -mcpu=cortex-m4 -T"D:\School\ENEE408A\Programming\STM32\STM32L476RGTX_FLASH.ld" -Wl,-Map="MagiciansAssistant.map" -Wl,--gc-sections -static --specs=nano.specs -mfpu=fpv4-sp-d16 -mfloat-abi=hard -mthumb -Wl,--start-group -lc -lm -Wl,--end-group
Finished building target: MagiciansAssistant.elf
 
arm-none-eabi-size  MagiciansAssistant.elf 
arm-none-eabi-objdump -h -S MagiciansAssistant.elf  > "MagiciansAssistant.list"
   text	   data	    bss	    dec	    hex	filename
  57228	    164	   3836	  61228	   ef2c	MagiciansAssistant.elf
Finished building: default.size.stdout
 
Finished building: MagiciansAssistant.list
 
13:20:14 **** Incremental Build of configuration Debug for project MagiciansAssistant ****
make -j4 all 
arm-none-eabi-gcc "../Core/Src/helpers.c" -mcpu=cortex-m4 -std=gnu11 -g3 -DDEBUG -DUSE_HAL_DRIVER -DSTM32L476xx -c -I../Core/Inc -I../Drivers/STM32L4xx_HAL_Driver/Inc -I../Drivers/STM32L4xx_HAL_Driver/Inc/Legacy -I../Drivers/CMSIS/Device/ST/STM32L4xx/Include -I../Drivers/CMSIS/Include -I../FATFS/Target -I../FATFS/App -I../Middlewares/Third_Party/FatFs/src -O0 -ffunction-sections -fdata-sections -Wall -fstack-usage -fcyclomatic-complexity -MMD -MP -MF"Core/Src/helpers.d" -MT"Core/Src/helpers.o" --specs=nano.specs -mfpu=fpv4-sp-d16 -mfloat-abi=hard -mthumb -o "Core/Src/helpers.o"
arm-none-eabi-gcc "../Core/Src/main.c" -mcpu=cortex-m4 -std=gnu11 -g3 -DDEBUG -DUSE_HAL_DRIVER -DSTM32L476xx -c -I../Core/Inc -I../Drivers/STM32L4xx_HAL_Driver/Inc -I../Drivers/STM32L4xx_HAL_Driver/Inc/Legacy -I../Drivers/CMSIS/Device/ST/STM32L4xx/Include -I../Drivers/CMSIS/Include -I../FATFS/Target -I../FATFS/App -I../Middlewares/Third_Party/FatFs/src -O0 -ffunction-sections -fdata-sections -Wall -fstack-usage -fcyclomatic-complexity -MMD -MP -MF"Core/Src/main.d" -MT"Core/Src/main.o" --specs=nano.specs -mfpu=fpv4-sp-d16 -mfloat-abi=hard -mthumb -o "Core/Src/main.o"
arm-none-eabi-gcc -o "MagiciansAssistant.elf" @"objects.list"   -mcpu=cortex-m4 -T"D:\School\ENEE408A\Programming\STM32\STM32L476RGTX_FLASH.ld" -Wl,-Map="MagiciansAssistant.map" -Wl,--gc-sections -static --specs=nano.specs -mfpu=fpv4-sp-d16 -mfloat-abi=hard -mthumb -Wl,--start-group -lc -lm -Wl,--end-group
Finished building target: MagiciansAssistant.elf
 
arm-none-eabi-size  MagiciansAssistant.elf 
arm-none-eabi-objdump -h -S MagiciansAssistant.elf  > "MagiciansAssistant.list"
   text	   data	    bss	    dec	    hex	filename
  30652	    136	   2672	  33460	   82b4	MagiciansAssistant.elf
Finished building: default.size.stdout
 
Finished building: MagiciansAssistant.list
 
13:22:07 **** Incremental Build of configuration Debug for project MagiciansAssistant ****
make -j4 all 
arm-none-eabi-gcc "../Core/Src/main.c" -mcpu=cortex-m4 -std=gnu11 -g3 -DDEBUG -DUSE_HAL_DRIVER -DSTM32L476xx -c -I../Core/Inc -I../Drivers/STM32L4xx_HAL_Driver/Inc -I../Drivers/STM32L4xx_HAL_Driver/Inc/Legacy -I../Drivers/CMSIS/Device/ST/STM32L4xx/Include -I../Drivers/CMSIS/Include -I../FATFS/Target -I../FATFS/App -I../Middlewares/Third_Party/FatFs/src -O0 -ffunction-sections -fdata-sections -Wall -fstack-usage -fcyclomatic-complexity -MMD -MP -MF"Core/Src/main.d" -MT"Core/Src/main.o" --specs=nano.specs -mfpu=fpv4-sp-d16 -mfloat-abi=hard -mthumb -o "Core/Src/main.o"
arm-none-eabi-gcc -o "MagiciansAssistant.elf" @"objects.list"   -mcpu=cortex-m4 -T"D:\School\ENEE408A\Programming\STM32\STM32L476RGTX_FLASH.ld" -Wl,-Map="MagiciansAssistant.map" -Wl,--gc-sections -static --specs=nano.specs -mfpu=fpv4-sp-d16 -mfloat-abi=hard -mthumb -Wl,--start-group -lc -lm -Wl,--end-group
Finished building target: MagiciansAssistant.elf
 
arm-none-eabi-size  MagiciansAssistant.elf 
arm-none-eabi-objdump -h -S MagiciansAssistant.elf  > "MagiciansAssistant.list"
   text	   data	    bss	    dec	    hex	filename
  57276	    164	   3836	  61276	   ef5c	MagiciansAssistant.elf
Finished building: default.size.stdout
 
Finished building: MagiciansAssistant.list
 
13:26:17 **** Incremental Build of configuration Debug for project MagiciansAssistant ****
make -j4 all 
arm-none-eabi-gcc "../Core/Src/helpers.c" -mcpu=cortex-m4 -std=gnu11 -g3 -DDEBUG -DUSE_HAL_DRIVER -DSTM32L476xx -c -I../Core/Inc -I../Drivers/STM32L4xx_HAL_Driver/Inc -I../Drivers/STM32L4xx_HAL_Driver/Inc/Legacy -I../Drivers/CMSIS/Device/ST/STM32L4xx/Include -I../Drivers/CMSIS/Include -I../FATFS/Target -I../FATFS/App -I../Middlewares/Third_Party/FatFs/src -O0 -ffunction-sections -fdata-sections -Wall -fstack-usage -fcyclomatic-complexity -MMD -MP -MF"Core/Src/helpers.d" -MT"Core/Src/helpers.o" --specs=nano.specs -mfpu=fpv4-sp-d16 -mfloat-abi=hard -mthumb -o "Core/Src/helpers.o"
arm-none-eabi-gcc "../Core/Src/main.c" -mcpu=cortex-m4 -std=gnu11 -g3 -DDEBUG -DUSE_HAL_DRIVER -DSTM32L476xx -c -I../Core/Inc -I../Drivers/STM32L4xx_HAL_Driver/Inc -I../Drivers/STM32L4xx_HAL_Driver/Inc/Legacy -I../Drivers/CMSIS/Device/ST/STM32L4xx/Include -I../Drivers/CMSIS/Include -I../FATFS/Target -I../FATFS/App -I../Middlewares/Third_Party/FatFs/src -O0 -ffunction-sections -fdata-sections -Wall -fstack-usage -fcyclomatic-complexity -MMD -MP -MF"Core/Src/main.d" -MT"Core/Src/main.o" --specs=nano.specs -mfpu=fpv4-sp-d16 -mfloat-abi=hard -mthumb -o "Core/Src/main.o"
arm-none-eabi-gcc -o "MagiciansAssistant.elf" @"objects.list"   -mcpu=cortex-m4 -T"D:\School\ENEE408A\Programming\STM32\STM32L476RGTX_FLASH.ld" -Wl,-Map="MagiciansAssistant.map" -Wl,--gc-sections -static --specs=nano.specs -mfpu=fpv4-sp-d16 -mfloat-abi=hard -mthumb -Wl,--start-group -lc -lm -Wl,--end-group
Finished building target: MagiciansAssistant.elf
 
arm-none-eabi-size  MagiciansAssistant.elf 
arm-none-eabi-objdump -h -S MagiciansAssistant.elf  > "MagiciansAssistant.list"
   text	   data	    bss	    dec	    hex	filename
  57236	    164	   3836	  61236	   ef34	MagiciansAssistant.elf
Finished building: default.size.stdout
 
Finished building: MagiciansAssistant.list
 
13:57:46 **** Incremental Build of configuration Debug for project MagiciansAssistant ****
make -j4 all 
arm-none-eabi-size  MagiciansAssistant.elf 
   text	   data	    bss	    dec	    hex	filename
  57236	    164	   3836	  61236	   ef34	MagiciansAssistant.elf
Finished building: default.size.stdout
 
14:00:13 **** Incremental Build of configuration Debug for project MagiciansAssistant ****
make -j4 all 
arm-none-eabi-gcc "../Core/Src/helpers.c" -mcpu=cortex-m4 -std=gnu11 -g3 -DDEBUG -DUSE_HAL_DRIVER -DSTM32L476xx -c -I../Core/Inc -I../Drivers/STM32L4xx_HAL_Driver/Inc -I../Drivers/STM32L4xx_HAL_Driver/Inc/Legacy -I../Drivers/CMSIS/Device/ST/STM32L4xx/Include -I../Drivers/CMSIS/Include -I../FATFS/Target -I../FATFS/App -I../Middlewares/Third_Party/FatFs/src -O0 -ffunction-sections -fdata-sections -Wall -fstack-usage -fcyclomatic-complexity -MMD -MP -MF"Core/Src/helpers.d" -MT"Core/Src/helpers.o" --specs=nano.specs -mfpu=fpv4-sp-d16 -mfloat-abi=hard -mthumb -o "Core/Src/helpers.o"
../Core/Src/helpers.c: In function 'printSuccess':
../Core/Src/helpers.c:78:19: warning: embedded '\0' in format [-Wformat-contains-nul]
   78 |         printf("%s\0", line);
      |                   ^~
../Core/Src/helpers.c: In function 'printFailure':
../Core/Src/helpers.c:85:19: warning: embedded '\0' in format [-Wformat-contains-nul]
   85 |         printf("%s\0", line);
      |                   ^~
arm-none-eabi-gcc -o "MagiciansAssistant.elf" @"objects.list"   -mcpu=cortex-m4 -T"D:\School\ENEE408A\Programming\STM32\STM32L476RGTX_FLASH.ld" -Wl,-Map="MagiciansAssistant.map" -Wl,--gc-sections -static --specs=nano.specs -mfpu=fpv4-sp-d16 -mfloat-abi=hard -mthumb -Wl,--start-group -lc -lm -Wl,--end-group
Finished building target: MagiciansAssistant.elf
 
arm-none-eabi-size  MagiciansAssistant.elf 
arm-none-eabi-objdump -h -S MagiciansAssistant.elf  > "MagiciansAssistant.list"
   text	   data	    bss	    dec	    hex	filename
  57236	    164	   3836	  61236	   ef34	MagiciansAssistant.elf
Finished building: default.size.stdout
 
Finished building: MagiciansAssistant.list
 
14:09:48 **** Incremental Build of configuration Debug for project MagiciansAssistant ****
make -j4 all 
arm-none-eabi-size  MagiciansAssistant.elf 
   text	   data	    bss	    dec	    hex	filename
  57236	    164	   3836	  61236	   ef34	MagiciansAssistant.elf
Finished building: default.size.stdout
 
14:12:56 **** Incremental Build of configuration Debug for project MagiciansAssistant ****
make -j4 all 
arm-none-eabi-gcc "../Core/Src/ArducamController.c" -mcpu=cortex-m4 -std=gnu11 -g3 -DDEBUG -DUSE_HAL_DRIVER -DSTM32L476xx -c -I../Core/Inc -I../Drivers/STM32L4xx_HAL_Driver/Inc -I../Drivers/STM32L4xx_HAL_Driver/Inc/Legacy -I../Drivers/CMSIS/Device/ST/STM32L4xx/Include -I../Drivers/CMSIS/Include -I../FATFS/Target -I../FATFS/App -I../Middlewares/Third_Party/FatFs/src -O0 -ffunction-sections -fdata-sections -Wall -fstack-usage -fcyclomatic-complexity -MMD -MP -MF"Core/Src/ArducamController.d" -MT"Core/Src/ArducamController.o" --specs=nano.specs -mfpu=fpv4-sp-d16 -mfloat-abi=hard -mthumb -o "Core/Src/ArducamController.o"
arm-none-eabi-gcc -o "MagiciansAssistant.elf" @"objects.list"   -mcpu=cortex-m4 -T"D:\School\ENEE408A\Programming\STM32\STM32L476RGTX_FLASH.ld" -Wl,-Map="MagiciansAssistant.map" -Wl,--gc-sections -static --specs=nano.specs -mfpu=fpv4-sp-d16 -mfloat-abi=hard -mthumb -Wl,--start-group -lc -lm -Wl,--end-group
Finished building target: MagiciansAssistant.elf
 
arm-none-eabi-size  MagiciansAssistant.elf 
arm-none-eabi-objdump -h -S MagiciansAssistant.elf  > "MagiciansAssistant.list"
   text	   data	    bss	    dec	    hex	filename
  57192	    164	   3836	  61192	   ef08	MagiciansAssistant.elf
Finished building: default.size.stdout
 
Finished building: MagiciansAssistant.list
 
14:16:29 **** Incremental Build of configuration Debug for project MagiciansAssistant ****
make -j4 all 
arm-none-eabi-gcc "../Core/Src/ArducamController.c" -mcpu=cortex-m4 -std=gnu11 -g3 -DDEBUG -DUSE_HAL_DRIVER -DSTM32L476xx -c -I../Core/Inc -I../Drivers/STM32L4xx_HAL_Driver/Inc -I../Drivers/STM32L4xx_HAL_Driver/Inc/Legacy -I../Drivers/CMSIS/Device/ST/STM32L4xx/Include -I../Drivers/CMSIS/Include -I../FATFS/Target -I../FATFS/App -I../Middlewares/Third_Party/FatFs/src -O0 -ffunction-sections -fdata-sections -Wall -fstack-usage -fcyclomatic-complexity -MMD -MP -MF"Core/Src/ArducamController.d" -MT"Core/Src/ArducamController.o" --specs=nano.specs -mfpu=fpv4-sp-d16 -mfloat-abi=hard -mthumb -o "Core/Src/ArducamController.o"
arm-none-eabi-gcc -o "MagiciansAssistant.elf" @"objects.list"   -mcpu=cortex-m4 -T"D:\School\ENEE408A\Programming\STM32\STM32L476RGTX_FLASH.ld" -Wl,-Map="MagiciansAssistant.map" -Wl,--gc-sections -static --specs=nano.specs -mfpu=fpv4-sp-d16 -mfloat-abi=hard -mthumb -Wl,--start-group -lc -lm -Wl,--end-group
Finished building target: MagiciansAssistant.elf
 
arm-none-eabi-size  MagiciansAssistant.elf 
arm-none-eabi-objdump -h -S MagiciansAssistant.elf  > "MagiciansAssistant.list"
   text	   data	    bss	    dec	    hex	filename
  57236	    164	   3836	  61236	   ef34	MagiciansAssistant.elf
Finished building: default.size.stdout
 
Finished building: MagiciansAssistant.list
 
14:20:57 **** Incremental Build of configuration Debug for project MagiciansAssistant ****
make -j4 all 
arm-none-eabi-gcc "../Core/Src/ArducamController.c" -mcpu=cortex-m4 -std=gnu11 -g3 -DDEBUG -DUSE_HAL_DRIVER -DSTM32L476xx -c -I../Core/Inc -I../Drivers/STM32L4xx_HAL_Driver/Inc -I../Drivers/STM32L4xx_HAL_Driver/Inc/Legacy -I../Drivers/CMSIS/Device/ST/STM32L4xx/Include -I../Drivers/CMSIS/Include -I../FATFS/Target -I../FATFS/App -I../Middlewares/Third_Party/FatFs/src -O0 -ffunction-sections -fdata-sections -Wall -fstack-usage -fcyclomatic-complexity -MMD -MP -MF"Core/Src/ArducamController.d" -MT"Core/Src/ArducamController.o" --specs=nano.specs -mfpu=fpv4-sp-d16 -mfloat-abi=hard -mthumb -o "Core/Src/ArducamController.o"
arm-none-eabi-gcc -o "MagiciansAssistant.elf" @"objects.list"   -mcpu=cortex-m4 -T"D:\School\ENEE408A\Programming\STM32\STM32L476RGTX_FLASH.ld" -Wl,-Map="MagiciansAssistant.map" -Wl,--gc-sections -static --specs=nano.specs -mfpu=fpv4-sp-d16 -mfloat-abi=hard -mthumb -Wl,--start-group -lc -lm -Wl,--end-group
Finished building target: MagiciansAssistant.elf
 
arm-none-eabi-size  MagiciansAssistant.elf 
arm-none-eabi-objdump -h -S MagiciansAssistant.elf  > "MagiciansAssistant.list"
   text	   data	    bss	    dec	    hex	filename
  57244	    164	   3836	  61244	   ef3c	MagiciansAssistant.elf
Finished building: default.size.stdout
 
Finished building: MagiciansAssistant.list
 
14:21:39 **** Incremental Build of configuration Debug for project MagiciansAssistant ****
make -j4 all 
arm-none-eabi-size  MagiciansAssistant.elf 
   text	   data	    bss	    dec	    hex	filename
  57244	    164	   3836	  61244	   ef3c	MagiciansAssistant.elf
Finished building: default.size.stdout
 
14:22:33 **** Incremental Build of configuration Debug for project MagiciansAssistant ****
make -j4 all 
arm-none-eabi-size  MagiciansAssistant.elf 
   text	   data	    bss	    dec	    hex	filename
  57244	    164	   3836	  61244	   ef3c	MagiciansAssistant.elf
Finished building: default.size.stdout
 
14:25:56 **** Incremental Build of configuration Debug for project MagiciansAssistant ****
make -j4 all 
arm-none-eabi-gcc "../Core/Src/ArducamController.c" -mcpu=cortex-m4 -std=gnu11 -g3 -DDEBUG -DUSE_HAL_DRIVER -DSTM32L476xx -c -I../Core/Inc -I../Drivers/STM32L4xx_HAL_Driver/Inc -I../Drivers/STM32L4xx_HAL_Driver/Inc/Legacy -I../Drivers/CMSIS/Device/ST/STM32L4xx/Include -I../Drivers/CMSIS/Include -I../FATFS/Target -I../FATFS/App -I../Middlewares/Third_Party/FatFs/src -O0 -ffunction-sections -fdata-sections -Wall -fstack-usage -fcyclomatic-complexity -MMD -MP -MF"Core/Src/ArducamController.d" -MT"Core/Src/ArducamController.o" --specs=nano.specs -mfpu=fpv4-sp-d16 -mfloat-abi=hard -mthumb -o "Core/Src/ArducamController.o"
arm-none-eabi-gcc -o "MagiciansAssistant.elf" @"objects.list"   -mcpu=cortex-m4 -T"D:\School\ENEE408A\Programming\STM32\STM32L476RGTX_FLASH.ld" -Wl,-Map="MagiciansAssistant.map" -Wl,--gc-sections -static --specs=nano.specs -mfpu=fpv4-sp-d16 -mfloat-abi=hard -mthumb -Wl,--start-group -lc -lm -Wl,--end-group
Finished building target: MagiciansAssistant.elf
 
arm-none-eabi-size  MagiciansAssistant.elf 
arm-none-eabi-objdump -h -S MagiciansAssistant.elf  > "MagiciansAssistant.list"
   text	   data	    bss	    dec	    hex	filename
  57236	    164	   3836	  61236	   ef34	MagiciansAssistant.elf
Finished building: default.size.stdout
 
Finished building: MagiciansAssistant.list
 
14:28:22 **** Incremental Build of configuration Debug for project MagiciansAssistant ****
make -j4 all 
arm-none-eabi-size  MagiciansAssistant.elf 
   text	   data	    bss	    dec	    hex	filename
  57236	    164	   3836	  61236	   ef34	MagiciansAssistant.elf
Finished building: default.size.stdout
 
14:28:40 **** Incremental Build of configuration Debug for project MagiciansAssistant ****
make -j4 all 
arm-none-eabi-size  MagiciansAssistant.elf 
   text	   data	    bss	    dec	    hex	filename
  57236	    164	   3836	  61236	   ef34	MagiciansAssistant.elf
Finished building: default.size.stdout
 
14:29:47 **** Incremental Build of configuration Debug for project MagiciansAssistant ****
make -j4 all 
arm-none-eabi-size  MagiciansAssistant.elf 
   text	   data	    bss	    dec	    hex	filename
  57236	    164	   3836	  61236	   ef34	MagiciansAssistant.elf
Finished building: default.size.stdout
 
14:31:44 **** Incremental Build of configuration Debug for project MagiciansAssistant ****
make -j4 all 
arm-none-eabi-gcc "../Core/Src/helpers.c" -mcpu=cortex-m4 -std=gnu11 -g3 -DDEBUG -DUSE_HAL_DRIVER -DSTM32L476xx -c -I../Core/Inc -I../Drivers/STM32L4xx_HAL_Driver/Inc -I../Drivers/STM32L4xx_HAL_Driver/Inc/Legacy -I../Drivers/CMSIS/Device/ST/STM32L4xx/Include -I../Drivers/CMSIS/Include -I../FATFS/Target -I../FATFS/App -I../Middlewares/Third_Party/FatFs/src -O0 -ffunction-sections -fdata-sections -Wall -fstack-usage -fcyclomatic-complexity -MMD -MP -MF"Core/Src/helpers.d" -MT"Core/Src/helpers.o" --specs=nano.specs -mfpu=fpv4-sp-d16 -mfloat-abi=hard -mthumb -o "Core/Src/helpers.o"
arm-none-eabi-gcc -o "MagiciansAssistant.elf" @"objects.list"   -mcpu=cortex-m4 -T"D:\School\ENEE408A\Programming\STM32\STM32L476RGTX_FLASH.ld" -Wl,-Map="MagiciansAssistant.map" -Wl,--gc-sections -static --specs=nano.specs -mfpu=fpv4-sp-d16 -mfloat-abi=hard -mthumb -Wl,--start-group -lc -lm -Wl,--end-group
Finished building target: MagiciansAssistant.elf
 
arm-none-eabi-size  MagiciansAssistant.elf 
arm-none-eabi-objdump -h -S MagiciansAssistant.elf  > "MagiciansAssistant.list"
   text	   data	    bss	    dec	    hex	filename
  57236	    164	   3836	  61236	   ef34	MagiciansAssistant.elf
Finished building: default.size.stdout
 
Finished building: MagiciansAssistant.list
 
14:34:49 **** Incremental Build of configuration Debug for project MagiciansAssistant ****
make -j4 all 
arm-none-eabi-size  MagiciansAssistant.elf 
   text	   data	    bss	    dec	    hex	filename
  57236	    164	   3836	  61236	   ef34	MagiciansAssistant.elf
Finished building: default.size.stdout
 
14:35:17 **** Incremental Build of configuration Debug for project MagiciansAssistant ****
make -j4 all 
arm-none-eabi-size  MagiciansAssistant.elf 
   text	   data	    bss	    dec	    hex	filename
  57236	    164	   3836	  61236	   ef34	MagiciansAssistant.elf
Finished building: default.size.stdout
 
14:36:00 **** Incremental Build of configuration Debug for project MagiciansAssistant ****
make -j4 all 
arm-none-eabi-size  MagiciansAssistant.elf 
   text	   data	    bss	    dec	    hex	filename
  57236	    164	   3836	  61236	   ef34	MagiciansAssistant.elf
Finished building: default.size.stdout
 
