05:31:46 **** Incremental Build of configuration Debug for project MagiciansAssistant ****
make -j4 all 
arm-none-eabi-gcc "../Core/Src/ArducamController.c" -mcpu=cortex-m4 -std=gnu11 -g3 -DDEBUG -DUSE_HAL_DRIVER -DSTM32L476xx -c -I../Core/Inc -I../Drivers/STM32L4xx_HAL_Driver/Inc -I../Drivers/STM32L4xx_HAL_Driver/Inc/Legacy -I../Drivers/CMSIS/Device/ST/STM32L4xx/Include -I../Drivers/CMSIS/Include -I../FATFS/Target -I../FATFS/App -I../Middlewares/Third_Party/FatFs/src -O0 -ffunction-sections -fdata-sections -Wall -fstack-usage -fcyclomatic-complexity -MMD -MP -MF"Core/Src/ArducamController.d" -MT"Core/Src/ArducamController.o" --specs=nano.specs -mfpu=fpv4-sp-d16 -mfloat-abi=hard -mthumb -o "Core/Src/ArducamController.o"
arm-none-eabi-gcc -o "MagiciansAssistant.elf" @"objects.list"   -mcpu=cortex-m4 -T"D:\School\ENEE408A\Programming\STM32\STM32L476RGTX_FLASH.ld" -Wl,-Map="MagiciansAssistant.map" -Wl,--gc-sections -static --specs=nano.specs -mfpu=fpv4-sp-d16 -mfloat-abi=hard -mthumb -Wl,--start-group -lc -lm -Wl,--end-group
Finished building target: MagiciansAssistant.elf
 
arm-none-eabi-size  MagiciansAssistant.elf 
arm-none-eabi-objdump -h -S MagiciansAssistant.elf  > "MagiciansAssistant.list"
   text	   data	    bss	    dec	    hex	filename
  56996	    164	   3836	  60996	   ee44	MagiciansAssistant.elf
Finished building: default.size.stdout
 
Finished building: MagiciansAssistant.list
 

05:31:48 Build Finished. 0 errors, 0 warnings. (took 2s.398ms)

