../Core/Src/ArducamController.c:10:6:initArducam	24	static
../Core/Src/ArducamController.c:43:6:setDefaultSettings	24	static
../Core/Src/ArducamController.c:70:5:isSPIWorking	24	static
../Core/Src/ArducamController.c:80:6:i2cRegWrite	32	static
../Core/Src/ArducamController.c:93:6:i2cRegRead	32	static
../Core/Src/ArducamController.c:101:6:i2cWriteMultiple	24	static
../Core/Src/ArducamController.c:111:6:spiRegWrite	32	static
../Core/Src/ArducamController.c:123:6:spiRegRead	40	static
../Core/Src/ArducamController.c:137:5:isFIFOReady	24	static
../Core/Src/ArducamController.c:146:6:singleRead	16	static
../Core/Src/ArducamController.c:164:6:singleCapture	32	static
../Core/Src/ArducamController.c:199:6:resetCPLD	24	static
../Core/Src/ArducamController.c:210:6:burstReadFIFO	40	static
../Core/Src/ArducamController.c:219:6:flushFIFO	16	static
../Core/Src/ArducamController.c:226:6:clearFIFOFlag	24	static
../Core/Src/ArducamController.c:231:6:resetFIFOPointers	24	static
../Core/Src/ArducamController.c:236:6:setCaptureFlag	24	static
../Core/Src/ArducamController.c:241:6:setNCaptureFrames	24	static
../Core/Src/ArducamController.c:249:10:getFIFOLength	32	static
../Core/Src/ArducamController.c:262:6:enable	16	static
../Core/Src/ArducamController.c:266:6:disable	16	static
../Core/Src/ArducamController.c:271:6:registerDump	24	static
../Core/Src/ArducamController.c:312:6:printStatus	16	static
