../Core/Src/ArducamController.c:10:6:initArducam	24	static
../Core/Src/ArducamController.c:44:6:i2cRegWrite	32	static
../Core/Src/ArducamController.c:57:6:i2cRegRead	32	static
../Core/Src/ArducamController.c:65:6:i2cWriteMultiple	24	static
../Core/Src/ArducamController.c:75:6:spiRegWrite	32	static
../Core/Src/ArducamController.c:87:6:spiRegRead	40	static
../Core/Src/ArducamController.c:101:5:isFIFOReady	24	static
../Core/Src/ArducamController.c:110:6:singleRead	16	static
../Core/Src/ArducamController.c:128:6:singleCapture	32	static
../Core/Src/ArducamController.c:156:6:setDefaultSettings	16	static
../Core/Src/ArducamController.c:166:6:resetCam	24	static
../Core/Src/ArducamController.c:177:6:burstReadFIFO	40	static
../Core/Src/ArducamController.c:186:6:flushFIFO	16	static
../Core/Src/ArducamController.c:193:6:clearFIFOFlag	24	static
../Core/Src/ArducamController.c:198:6:resetFIFOPointers	24	static
../Core/Src/ArducamController.c:203:6:setCaptureFlag	24	static
../Core/Src/ArducamController.c:208:6:setNCaptureFrames	24	static
../Core/Src/ArducamController.c:216:10:getFIFOLength	32	static
../Core/Src/ArducamController.c:229:6:enable	16	static
../Core/Src/ArducamController.c:233:6:disable	16	static
../Core/Src/ArducamController.c:238:6:registerDump	24	static
../Core/Src/ArducamController.c:279:6:printStatus	16	static
